LX51 CODE BANKING LINKER/LOCATOR V06.16.13.326                                 09/04/16  02:30:52
MS-DOS LX51 CODE BANKING LINKER/LOCATOR V06.16.13.326,  INVOKED BY:
C:\Dev\Raisonance\Ride\bin\lx51.exe Output\EAZY_3AV2_REV14_75.OBJ TO(Output\EAZY_3AV2_REV14_75.OM&
F) RS(256) PL(68) PW(78) OUTPUTSUMMARY LIBPATH(C:\Dev\Raisonance\Ride\lib\51) 


INPUT MODULES INCLUDED
  OUTPUT\EAZY_3AV2_REV14_75.OBJ(BLHELI)


LINK MAP OF MODULE: OUTPUT\EAZY_3AV2_REV14_75.OMF (EAZY_3AV2_REV14_75)

    TYPE     BASE       LENGTH    RELOCATION     SEGMENT NAME
    ----     ----       ------    ----------     ------------

    * * * * * * *   DATA/IDATA    M E M O R Y   * * * * * * *
    REG      0000H      0008H     ABSOLUTE       "REG BANK 0"
             0008H      0018H                    *** GAP ***
    DATA     0020H      0010H     ABSOLUTE       
    

***WARNING 6: DATA SPACE MEMORY OVERLAP
   AT ADDRESS: 0020,(BLHELI,BLHELI)
    DATA     0020H      000BH     ABSOLUTE       
    DATA     0030H      004EH     ABSOLUTE       
             007EH      0002H                    *** GAP ***
    IDATA    0080H      0028H     ABSOLUTE       
             00A8H      0028H                    *** GAP ***
    IDATA    00D0H      0030H     ABSOLUTE       

    * * * * * * *   CODE          M E M O R Y   * * * * * * *
    CODE     0000H      0003H     ABSOLUTE       
             0003H      0008H                    *** GAP ***
    CODE     000BH      0003H     ABSOLUTE       
             000EH      001DH                    *** GAP ***
    CODE     002BH      0003H     ABSOLUTE       
             002EH      002DH                    *** GAP ***
    CODE     005BH      0003H     ABSOLUTE       
             005EH      0015H                    *** GAP ***
    CODE     0073H      0003H     ABSOLUTE       
             0076H      000AH                    *** GAP ***
    CODE     0080H      1806H     ABSOLUTE       
             1886H      0177H                    *** GAP ***
    CODE     19FDH      0003H     ABSOLUTE       
    CODE     1A00H      0029H     ABSOLUTE       
             1A29H      0017H                    *** GAP ***
    CODE     1A40H      0010H     ABSOLUTE       
    CODE     1A50H      0010H     ABSOLUTE       
    CODE     1A60H      0010H     ABSOLUTE       
             1A70H      0190H                    *** GAP ***
    CODE     1C00H      01F7H     ABSOLUTE       

EXECUTABLE SUMMARY:
-------------------
    Total INTERNAL RAM storage requirement:  00BEH (190)
    Total EXTERNAL RAM storage requirement:  0000H (0)
    Total     CODE     storage requirement:  1A68H (6760)
Note:  Summary does not include dynamic stack requirements


REFERENCE MAP OF MODULE: OUTPUT\EAZY_3AV2_REV14_75.OMF (EAZY_3AV2_REV14_75)

SEGMENT                           BI_GROUP            DT_GROUP             ID_GROUP             XD_GROUP
  +--> CALLED SEGMENT          START    LENGTH     START    LENGTH     START    LENGTH     START    LENGTH
--------------------------------------------------------------------------------------

SYMBOL TABLE FOR OUTPUT\EAZY_3AV2_REV14_75.OMF(BLHELI)
-------------------------------------------------------

    VALUE              TYPE               NAME
LX51 CODE BANKING LINKER/LOCATOR V06.16.13.326             09/04/16  02:30:52

    -----              ----               ----

	-------            MODULE             BLHELI
	C:1CCEH            SYMBOL             SET4
	C:1C55H            SYMBOL             ID3
	D:0028H            SYMBOL             BYTE_CNTH
	D:0023H            SYMBOL             CRCH
	C:1596H            SYMBOL             NORMAL_RUN_CHECK_STARTUP_ROT
	C:1002H            SYMBOL             DECODE_DEMAG_HIGH
	C:0EBDH            SYMBOL             COMM61_DAMP_REV
	C:0D2DH            SYMBOL             COMM12_NFET_DONE
	C:0BCDH            SYMBOL             WAIT_BEFORE_ZC_SCAN_EXIT
	C:08A4H            SYMBOL             CHECK_TEMP_VOLTAGE_AND_LIMIT_POWER
	C:0821H            SYMBOL             GOVERNOR_LIMIT_INT_CORR_POS
	C:07E9H            SYMBOL             GOVERNOR_CORR_NEG_PROP
	C:0479H            SYMBOL             PCA_INT_PPM_BELOW_FULL_RANGE
	C:028EH            SYMBOL             T2_INT_CURRENT_PWM_NO_DITHER
	C:1A10H            SYMBOL             _EEP_MAIN_REARM_START
	D:0079H            SYMBOL             TIMER0_OVERFLOW_VALUE
	D:0072H            SYMBOL             PPM_THROTTLE_GAIN
	D:006FH            SYMBOL             LIPO_ADC_LIMIT_H
	D:005EH            SYMBOL             CURR_RCP_PWM_FREQ
	D:0058H            SYMBOL             RCP_EDGE_H
	D:002FH            SYMBOL             FLAGS3
	D:0027H            SYMBOL             RCP_PREV_EDGE_L
	B:00EDH            SYMBOL             AD0INT
	D:00C6H            SYMBOL             ADC0LTH
	D:00BEH            SYMBOL             ADC0H
	D:0099H            SYMBOL             SBUF0
	D:0082H            SYMBOL             DPL
	D:0080H            SYMBOL             P0
	C:1CD4H            SYMBOL             SET5
	C:1C60H            SYMBOL             ID4
	C:17E7H            SYMBOL             FUNCTION_BEEP
	C:143AH            SYMBOL             INIT_START
	C:12CFH            SYMBOL             PROGRAM_BY_TX_ENTRY_PWM
	C:1031H            SYMBOL             FIND_THROTTLE_GAIN_CALCULATE
	C:0E37H            SYMBOL             COMM45_NONDAMP
	C:0DF1H            SYMBOL             COMM4COMM5
	C:0A17H            SYMBOL             CALC_NEW_WAIT_TIMES_SETUP
	C:0896H            SYMBOL             SET_PWM_LIMIT_HIGH_RPM_INC_LIMIT
	C:03FEH            SYMBOL             PCA_INT_RESTORE_EDGE_SET_MSB
	C:02C3H            SYMBOL             T2H_INT_RCP_STOP
	C:00FAH            SYMBOL             T0_INT_PWM_OFF_DAMP_DONE
	C:1A19H            SYMBOL             EEP_PGM_PPM_MIN_THROTTLE
	D:006DH            SYMBOL             MAIN_SPOOLUP_TIME_15X
	D:0068H            SYMBOL             RANDOM
	D:0065H            SYMBOL             PWM_MOTOR_IDLE
	D:005DH            SYMBOL             PREV_RCP_PWM_FREQ
	D:0041H            SYMBOL             COMM_PERIOD4X_H
	B:00AEH            SYMBOL             ESPI0
	D:00EFH            SYMBOL             RSTSRC
	D:00BCH            SYMBOL             ADC0CF
	D:0090H            SYMBOL             P1
	C:1CDCH            SYMBOL             SET6
	C:1C6DH            SYMBOL             ID5
	C:17F5H            SYMBOL             PARAVAL_BEEP
	C:176EH            SYMBOL             STORE_MULTI_FUNC_10
	C:1646H            SYMBOL             RUN_TO_WAIT_FOR_POWER_ON_BRAKE_DONE
	C:0E17H            SYMBOL             COMM45_DAMP_REV
	C:0DA3H            SYMBOL             COMM23_NFET_DONE
	C:0778H            SYMBOL             GOVERNOR_CHECK_PWM
	C:06D3H            SYMBOL             GOVERNOR_ACTIVATE
	C:0137H            SYMBOL             PWM_AFET_DAMPED_DONE
	C:1A27H            SYMBOL             EEP_PGM_BRAKE_ON_STOP
	C:1A0FH            SYMBOL             EEP_ENABLE_TX_PROGRAM
	D:0037H            SYMBOL             DEMAG_DETECTED_METRIC
	B:00CCH            SYMBOL             TF2CEN
LX51 CODE BANKING LINKER/LOCATOR V06.16.13.326             09/04/16  02:30:52

	D:00F0H            SYMBOL             B
	D:00E3H            SYMBOL             OSCLCN
	D:00A0H            SYMBOL             P2
	C:1D92H            SYMBOL             GETC
	D:0026H            SYMBOL             BIT_CNT
	C:1773H            SYMBOL             STORE_MULTI_FUNC_11
	C:170CH            SYMBOL             WRITE_EEPROM_SIGNATURE
	C:13C4H            SYMBOL             WAIT_FOR_POWER_ON
	C:1696H            SYMBOL             ERASE_AND_STORE_ALL_IN_EEPROM
	C:132FH            SYMBOL             THROTTLE_LOW_CAL_START
	C:12B2H            SYMBOL             ARMING_INITIAL_ARM_CHECK
	C:138FH            SYMBOL             PROGRAM_BY_TX_CHECKED
	C:102AH            SYMBOL             FIND_THROTTLE_GAIN_CHECK_FULL
	C:0F23H            SYMBOL             SET_DEFAULT_PARAMETERS
	C:0E81H            SYMBOL             COMM56_REV
	C:0E68H            SYMBOL             COMM5COMM6
	C:0D87H            SYMBOL             COMM23_NFET_OFF_REV
	C:0C4CH            SYMBOL             COMP_READ_WRONG_EXTEND_TIMEOUT
	C:0C82H            SYMBOL             COMP_READ_OK
	C:0AB8H            SYMBOL             CALC_NEW_WAIT_TIMES_FAST_DONE
	C:0961H            SYMBOL             CALC_NEXT_COMM_TIMING
	C:0709H            SYMBOL             CALC_GOVERNOR_TARGET_EXIT
	C:0607H            SYMBOL             BEEP_ANFET_OFF
	C:0423H            SYMBOL             PCA_INT_STORE_DATA
	C:020CH            SYMBOL             T2_INT_RCP_GAIN_POS
	C:01CEH            SYMBOL             T2_INT_RCP_UPDATE_START
	C:0148H            SYMBOL             PWM_BFET_DAMPED_DONE
	C:19FDH            SYMBOL             RESET
	C:1A1AH            SYMBOL             EEP_PGM_PPM_MAX_THROTTLE
	I:00A5H            SYMBOL             PGM_GOV_P_GAIN_DECODED
	I:00A0H            SYMBOL             PGM_ENABLE_TEMP_PROT
	I:009BH            SYMBOL             _PGM_THROTTLE_RATE
	I:008FH            SYMBOL             _PGM_STARTUP_RPM
	D:0062H            SYMBOL             PWM_LIMIT_SPOOLUP
	D:0056H            SYMBOL             RCP_PREPREV_EDGE_H
	D:004FH            SYMBOL             WT_ZC_SCAN_START_L
	D:002BH            SYMBOL             RCP_SKIP_CNTD
	D:00C0H            SYMBOL             SMB0CN
	D:0098H            SYMBOL             SCON0
	D:0081H            SYMBOL             SP
	C:1D0AH            SYMBOL             PRO3
	C:1DE9H            SYMBOL             BOOT_SIGN
	D:0027H            SYMBOL             BYTE_CNTL
	D:0025H            SYMBOL             BAUDH
	D:0022H            SYMBOL             CRCL
	C:1867H            SYMBOL             FUNCTION_NEXT
	C:12FCH            SYMBOL             THROTTLE_HIGH_CAL
	C:0EEFH            SYMBOL             COMM61_NFET_DONE
	C:0DD3H            SYMBOL             COMM34_NFET_DONE
	C:0B6EH            SYMBOL             STORE_TIMES_INCREASE_FAST
	C:09CAH            SYMBOL             CALC_NEXT_COMM_NORMAL
	C:094FH            SYMBOL             STARTUP_PWM_SET_PWM
	C:0159H            SYMBOL             PWM_CFET_DAMPED_DONE
	I:0088H            SYMBOL             PGM_DIRECTION
	I:0087H            SYMBOL             PGM_PWM_FREQ
	D:006EH            SYMBOL             LIPO_ADC_LIMIT_L
	D:0057H            SYMBOL             RCP_EDGE_L
	D:0036H            SYMBOL             STALL_CNT
	B:00D6H            SYMBOL             AC
	D:00E6H            SYMBOL             EIE1
	D:00C5H            SYMBOL             ADC0LTL
	D:00BDH            SYMBOL             ADC0L
	D:00BAH            SYMBOL             AMX0N
	C:1D16H            SYMBOL             PRO4
	C:1C7FH            SYMBOL             MAIN
	C:1851H            SYMBOL             PARAVAL_NEXT
	C:16DCH            SYMBOL             WRITE_EEPROM_BYTE
	C:1268H            SYMBOL             TEST_FOR_ONESHOT
LX51 CODE BANKING LINKER/LOCATOR V06.16.13.326             09/04/16  02:30:52

	C:1215H            SYMBOL             MEASURE_PWM_FREQ_INIT
	C:0ED3H            SYMBOL             COMM61_NFET_OFF_REV
	C:0F0BH            SYMBOL             COMM_EXIT
	C:07FAH            SYMBOL             CALC_GOVERNOR_INT_CORRECTION
	C:060CH            SYMBOL             BEEP_CNFET_OFF
	C:05F7H            SYMBOL             BEEP_ANFET_ON
	C:049AH            SYMBOL             PCA_INT_PPM_CHECK_FULL_RANGE
	C:052EH            SYMBOL             PCA_INT_PWM_DIVIDE
	C:046BH            SYMBOL             PCA_INT_FALL_CHECK_RANGE
	C:0551H            SYMBOL             PCA_INT_LIMITED
	C:0213H            SYMBOL             T2_INT_PWM_UPDATE
	C:00E4H            SYMBOL             T0_INT_PWM_OFF_DAMPED
	C:1A28H            SYMBOL             EEP_DUMMY
	C:1A25H            SYMBOL             EEP_PGM_ENABLE_PWM_INPUT
	C:1A13H            SYMBOL             _EEP_PGM_STARTUP_ACCEL
	C:1A02H            SYMBOL             EEP_LAYOUT_REVISION
	I:009EH            SYMBOL             PGM_PPM_CENTER_THROTTLE
	I:008EH            SYMBOL             PGM_GOV_SETUP_TARGET
	D:007AH            SYMBOL             CLOCK_SET_AT_48MHZ
	D:0040H            SYMBOL             COMM_PERIOD4X_L
	D:0022H            SYMBOL             REQUESTED_PWM
	B:00D2H            SYMBOL             OV
	B:009DH            SYMBOL             MCE0
	C:1DE2H            SYMBOL             WAIT1
	C:1D1CH            SYMBOL             PRO5
	C:1817H            SYMBOL             FUNC_PARAVAL_WAIT
	C:1735H            SYMBOL             WRITE_TAG
	C:166DH            SYMBOL             READ_EEPROM_STORE_DEFAULTS
	C:15BEH            SYMBOL             RUN6_CHECK_DIR
	C:14DBH            SYMBOL             RUN1
	C:1433H            SYMBOL             WAIT_FOR_POWER_ON_CHECK_TIMEOUT
	C:1226H            SYMBOL             MEASURE_PWM_FREQ_WAIT
	C:1165H            SYMBOL             CLEAR_RAM
	C:1016H            SYMBOL             SET_BEC_VOLTAGE
	C:1008H            SYMBOL             DECODE_DEMAG_DONE
	C:0E49H            SYMBOL             COMM45_NFET_DONE
	C:0CD5H            SYMBOL             WAIT_FOR_COMM
	C:0B61H            SYMBOL             ADJUST_TIMING_TWO_STEPS_FAST
	C:073EH            SYMBOL             CALC_GOVERNOR_PROP_ERROR_EXIT
	C:0627H            SYMBOL             DIV_U16_BY_U16_DIV1
	C:05A3H            SYMBOL             WAIT100MS
	C:058FH            SYMBOL             WAIT1MS
	C:008DH            SYMBOL             STARTUP_POWER_TABLE
	C:1A1BH            SYMBOL             EEP_PGM_BEEP_STRENGTH
	D:007CH            SYMBOL             FLASH_KEY_1
	D:0077H            SYMBOL             SKIP_T2_INT
	D:0076H            SYMBOL             TX_PGM_BEEP_NO
	D:006AH            SYMBOL             SPOOLUP_LIMIT_SKIP
	D:0052H            SYMBOL             WT_ZC_TOUT_START_H
	B:00FDH            SYMBOL             MODF
	B:00AFH            SYMBOL             EA
	D:00BBH            SYMBOL             AMX0P
	D:0097H            SYMBOL             IDA0H
	D:008FH            SYMBOL             PSCTL
	C:1D3DH            SYMBOL             RD1
	C:1D33H            SYMBOL             PRO6
	C:1C2EH            SYMBOL             ABD
	C:17E1H            SYMBOL             FUNCTION_PARAVAL_BEEP
	C:173DH            SYMBOL             STORE_NEW_VALUE_IN_RAM
	C:14EAH            SYMBOL             RUN2
	C:12BCH            SYMBOL             ARMING_PPM_CHECK
	C:0E2DH            SYMBOL             COMM45_NFET_OFF_REV
	C:0D69H            SYMBOL             COMM23_FETS_DONE
	C:0C5FH            SYMBOL             COMP_READ_WRONG_TIMEOUT_SET
	C:0B46H            SYMBOL             STORE_TIMES_EXIT
	C:0B7CH            SYMBOL             WAIT_BEFORE_ZC_SCAN
	C:0931H            SYMBOL             CHECK_VOLTAGE_PWM_DONE
	C:0840H            SYMBOL             GOVERNOR_CORR_INT_MIN_PWM
LX51 CODE BANKING LINKER/LOCATOR V06.16.13.326             09/04/16  02:30:52

	C:073AH            SYMBOL             GOVERNOR_STORE_PROP_ERROR
	C:0631H            SYMBOL             DIV_U16_BY_U16_DIV2
	C:05FCH            SYMBOL             BEEP_CNFET_ON
	C:05A8H            SYMBOL             WAIT200MS
	C:0203H            SYMBOL             T2_INT_RCP_GAIN_CORR
	C:023DH            SYMBOL             T2_INT_CURRENT_PWM_UPDATE
	C:0179H            SYMBOL             T2_INT_PULSES_ABSENT
	C:00C0H            SYMBOL             T0_INT_PWM_ON_RET
	C:1A09H            SYMBOL             EEP_PGM_STARTUP_PWR
	I:009FH            SYMBOL             PGM_MAIN_SPOOLUP_TIME
	I:0083H            SYMBOL             PGM_LOW_VOLTAGE_LIM
	D:007DH            SYMBOL             FLASH_KEY_2
	D:0055H            SYMBOL             RCP_PREPREV_EDGE_L
	D:00E4H            SYMBOL             IT01CF
	D:00E0H            SYMBOL             ACC
	C:1C81H            SYMBOL             MAI1
	C:1C77H            SYMBOL             IN1
	D:0024H            SYMBOL             BAUDL
	C:1508H            SYMBOL             RUN3
	C:0E79H            SYMBOL             COMM56_NFET_DONE
	C:0C21H            SYMBOL             COMP_CHECK_TIMEOUT_TIMEOUT_EXTENDED
	C:0828H            SYMBOL             GOVERNOR_LIMIT_INT_CORR_NEG
	C:0760H            SYMBOL             GOVERNOR_CHECK_INT_LIMIT_POS
	C:0648H            SYMBOL             DIV_U16_BY_U16_DIV3
	C:0594H            SYMBOL             WAIT3MS
	C:01AEH            SYMBOL             T2_INT_PULSES_ABSENT_NO_MAX
	C:1A1FH            SYMBOL             EEP_PGM_DEMAG_COMP
	C:1A00H            SYMBOL             EEP_FW_MAIN_REVISION
	I:0096H            SYMBOL             PGM_PPM_MIN_THROTTLE
	I:008BH            SYMBOL             INITIALIZED_H_DUMMY
	D:0047H            SYMBOL             GOV_INTEGRAL_H
	D:0032H            SYMBOL             POWER_ON_WAIT_CNT_H
	B:00EFH            SYMBOL             AD0EN
	B:00C5H            SYMBOL             STA
	B:00ACH            SYMBOL             ES0
	B:009FH            SYMBOL             S0MODE
	D:00FFH            SYMBOL             VDM0CN
	D:00F1H            SYMBOL             P0MDIN
	D:009DH            SYMBOL             CPT0MD
	D:009BH            SYMBOL             CPT0CN
	C:1D53H            SYMBOL             PUTP
	C:1CC8H            SYMBOL             SETBUF
	C:1CA3H            SYMBOL             MAI2
	C:180FH            SYMBOL             BEEP_NO_ENTRY
	C:1652H            SYMBOL             JMP_WAIT_FOR_POWER_ON
	C:1578H            SYMBOL             DIRECT_START_CHECK_RCP
	C:151AH            SYMBOL             RUN4
	C:1099H            SYMBOL             WAIT_US_100_M1
	C:0EB5H            SYMBOL             COMM61_FETS_DONE
	C:0DABH            SYMBOL             COMM23_NONDAMP_REV
	C:0C94H            SYMBOL             COMP_READ_OK_JMP
	C:0B11H            SYMBOL             STORE_TIMES_UP_OR_DOWN
	C:0B25H            SYMBOL             STORE_TIMES_DECREASE
	C:09FCH            SYMBOL             CALC_NEXT_COMM_NEW_PERIOD_DIV
	C:08DCH            SYMBOL             TEMP_AVERAGE_INC
	C:0851H            SYMBOL             GOVERNOR_CORR_INT_MAX_PWM
	C:0657H            SYMBOL             MULT_S16_BY_U8_DIV_16
	C:05DAH            SYMBOL             BEEP_START
	C:04EEH            SYMBOL             PCA_INT_PPM_NEG_CHECKED
	C:029BH            SYMBOL             T2_INT_EXIT
	C:1A16H            SYMBOL             _EEP_PGM_DAMPING_FORCE
	C:1A08H            SYMBOL             _EEP_PGM_MOTOR_IDLE
	I:00A4H            SYMBOL             PGM_BRAKE_ON_STOP
	D:0067H            SYMBOL             PWM_DITHER_EXCESS_POWER
	D:0030H            SYMBOL             INITIAL_ARM
	B:00DFH            SYMBOL             CF
	B:00A9H            SYMBOL             ET0
	D:00F2H            SYMBOL             P1MDIN
LX51 CODE BANKING LINKER/LOCATOR V06.16.13.326             09/04/16  02:30:52

	D:00E8H            SYMBOL             ADC0CN
	D:00A4H            SYMBOL             P0MDOUT
	C:1D59H            SYMBOL             PUT1
	C:171BH            SYMBOL             READ_TAGS
	C:152CH            SYMBOL             RUN5
	C:10C0H            SYMBOL             WAIT_US_100_M2
	C:0C14H            SYMBOL             COMP_SCALE_SAMPLES
	C:0A6EH            SYMBOL             CALC_NEW_WAIT_TIMES_EXIT
	C:0886H            SYMBOL             SET_PWM_LIMIT_HIGH_RPM
	C:0845H            SYMBOL             GOVERNOR_CORR_NEG_INT
	C:072FH            SYMBOL             GOVERNOR_LIMIT_PROP_ERROR_POS
	C:06B6H            SYMBOL             GOVERNOR_TARGET_CALC
	C:06AEH            SYMBOL             CALC_GOVERNOR_TARGET
	C:0535H            SYMBOL             PCA_INT_PWM_DIVIDE_DONE
	C:03A2H            SYMBOL             PCA_INT_CHECK_12KHZ
	I:0097H            SYMBOL             PGM_PPM_MAX_THROTTLE
	D:0073H            SYMBOL             BEEP_STRENGTH
	D:005AH            SYMBOL             RCP_PREV_PERIOD_H
	D:0054H            SYMBOL             WT_COMM_START_H
	D:0051H            SYMBOL             WT_ZC_TOUT_START_L
	D:003AH            SYMBOL             TIMER2_X
	B:00ABH            SYMBOL             ET1
	B:008DH            SYMBOL             TF0
	D:00A5H            SYMBOL             P1MDOUT
	D:0096H            SYMBOL             IDA0L
	C:1D6CH            SYMBOL             PUT2
	C:1CDFH            SYMBOL             MAI4
	C:15D1H            SYMBOL             RUN6_CHECK_DIR_CHANGE
	C:153EH            SYMBOL             RUN6
	C:129CH            SYMBOL             ARMING_START
	C:121BH            SYMBOL             MEASURE_PWM_FREQ_LOOP
	C:10E7H            SYMBOL             WAIT_US_100_M3
	C:0EF7H            SYMBOL             COMM61_NONDAMP_REV
	C:0E0FH            SYMBOL             COMM45_FETS_DONE
	C:0C27H            SYMBOL             COMP_CHECK_TIMEOUT_NOT_TIMED_OUT
	C:0B84H            SYMBOL             WAIT_BEFORE_ZC_SCAN_RAND
	C:06C0H            SYMBOL             GOVERNOR_DEACTIVATE
	C:0546H            SYMBOL             PCA_INT_CHECK_LEGAL_RANGE
	C:044CH            SYMBOL             PCA_INT_FALL_NOT_ONESHOT
	C:1A07H            SYMBOL             EEP_PGM_MOTOR_GAIN
	I:008DH            SYMBOL             PGM_MAIN_REARM_START
	D:003FH            SYMBOL             PREV_PREV_COMM_H
	B:00CDH            SYMBOL             TF2LEN
	B:00ADH            SYMBOL             ET2
	B:0098H            SYMBOL             RI0
	B:008FH            SYMBOL             TF1
	D:00CBH            SYMBOL             TMR2RLH
	D:00C2H            SYMBOL             SMB0DAT
	D:00A6H            SYMBOL             P2MDOUT
	C:1D78H            SYMBOL             PUT3
	C:1D38H            SYMBOL             MAI5
	C:1C45H            SYMBOL             WAIT_FOR_LOW
	C:136FH            SYMBOL             PROGRAM_BY_TX_ENTRY_LIMIT
	C:139FH            SYMBOL             ARM_TARGET_UPDATED
	C:0D43H            SYMBOL             COMM12_NFET_DONE_REV
	C:0CB6H            SYMBOL             EVALUATE_COMPARATOR_INTEGRITY
	C:0906H            SYMBOL             TEMP_CHECK_EXIT
	C:07D0H            SYMBOL             GOVERNOR_APPLY_PROP_CORR
	C:0114H            SYMBOL             PWM_AFET_EXIT
	C:1A05H            SYMBOL             EEP_PGM_GOV_MODE
	I:00A2H            SYMBOL             PGM_ENABLE_PWM_INPUT
	I:0090H            SYMBOL             _PGM_STARTUP_ACCEL
	I:008CH            SYMBOL             PGM_ENABLE_TX_PROGRAM
	I:008AH            SYMBOL             INITIALIZED_L_DUMMY
	D:0046H            SYMBOL             GOV_INTEGRAL_L
	D:0031H            SYMBOL             POWER_ON_WAIT_CNT_L
	D:0023H            SYMBOL             GOVERNOR_REQ_PWM
	B:00C7H            SYMBOL             MASTER
LX51 CODE BANKING LINKER/LOCATOR V06.16.13.326             09/04/16  02:30:52

	B:00BEH            SYMBOL             PSPI0
	D:00FAH            SYMBOL             PCA0H
	D:00A1H            SYMBOL             SPI0CFG
	D:0093H            SYMBOL             TMR3RLH
	D:008CH            SYMBOL             TH0
	C:1D8AH            SYMBOL             PUT4
	C:1D49H            SYMBOL             MAI6
	C:16B9H            SYMBOL             WRITE_EEPROM_BLOCK1
	C:1585H            SYMBOL             NORMAL_RUN_CHECKS
	C:119DH            SYMBOL             INIT_NO_SIGNAL
	C:108FH            SYMBOL             WAIT_MS_1_M_M1
	C:0E51H            SYMBOL             COMM45_NONDAMP_REV
	C:0BEDH            SYMBOL             WAIT_FOR_COMP_OUT_START
	C:0ABCH            SYMBOL             WAIT_ADVANCE_TIMING
	C:0A26H            SYMBOL             CALC_NEW_WAIT_PER_STARTUP_DONE
	C:070AH            SYMBOL             CALC_GOVERNOR_PROP_ERROR
	C:04E8H            SYMBOL             PCA_INT_PPM_UNIDIR_NEG
	C:01BAH            SYMBOL             T2_INT_PPM_TIMEOUT_SET
	C:011EH            SYMBOL             PWM_BFET_EXIT
	C:00D7H            SYMBOL             T0_INT_PWM_OFF_EXIT_NFETS_OFF
	C:1A01H            SYMBOL             EEP_FW_SUB_REVISION
	I:0098H            SYMBOL             PGM_BEEP_STRENGTH
	B:00A8H            SYMBOL             EX0
	B:0099H            SYMBOL             TI0
	B:0088H            SYMBOL             IT0
	D:00F8H            SYMBOL             SPI0CN
	D:00CDH            SYMBOL             TMR2H
	D:008DH            SYMBOL             TH1
	C:16C7H            SYMBOL             WRITE_EEPROM_BLOCK2
	C:137EH            SYMBOL             PROGRAM_BY_TX_ENTRY_WAIT_PPM
	C:1654H            SYMBOL             READ_ALL_EEPROM_PARAMETERS
	C:10B6H            SYMBOL             WAIT_MS_1_M_M2
	C:0DBAH            SYMBOL             COMM23_NFET_DONE_REV
	C:0BB2H            SYMBOL             SETUP_ZC_SCAN_TIMEOUT_STARTUP_DONE
	C:0A05H            SYMBOL             CALC_NEXT_COMM_NEW_PERIOD_DIV_DONE
	C:098EH            SYMBOL             CALC_NEXT_COMM_STARTUP
	C:0925H            SYMBOL             CHECK_VOLTAGE_LOW_RPM
	C:0128H            SYMBOL             PWM_CFET_EXIT
	C:00AAH            SYMBOL             T0_INT
	C:1A18H            SYMBOL             _EEP_PGM_STARTUP_METHOD
	C:1A14H            SYMBOL             _EEP_PGM_VOLT_COMP
	C:1A04H            SYMBOL             EEP_PGM_GOV_I_GAIN
	I:0086H            SYMBOL             PGM_STARTUP_PWR
	D:0078H            SYMBOL             SKIP_T2H_INT
	D:006BH            SYMBOL             MAIN_SPOOLUP_TIME_3X
	D:005FH            SYMBOL             RCP_STOP_CNT
	D:005CH            SYMBOL             NEW_RCP
	D:0059H            SYMBOL             RCP_PREV_PERIOD_L
	D:0053H            SYMBOL             WT_COMM_START_L
	B:00AAH            SYMBOL             EX1
	B:008AH            SYMBOL             IT1
	D:00B1H            SYMBOL             OSCXCN
	D:00A8H            SYMBOL             IE
	D:0095H            SYMBOL             TMR3H
	D:008EH            SYMBOL             CKCON
	C:14BFH            SYMBOL             INIT_START_BIDIR_DONE
	C:10DDH            SYMBOL             WAIT_MS_1_M_M3
	C:108DH            SYMBOL             WAIT_MS_1_O_M1
	C:0CD4H            SYMBOL             EVAL_COMP_EXIT
	C:0569H            SYMBOL             PCA_INT_SET_TIMEOUT
	C:010AH            SYMBOL             PWM_NOFET
	C:1A26H            SYMBOL             EEP_PGM_PWM_DITHER
	C:1A15H            SYMBOL             EEP_PGM_COMM_TIMING
	I:009CH            SYMBOL             PGM_DEMAG_COMP
	D:003EH            SYMBOL             PREV_PREV_COMM_L
	D:003CH            SYMBOL             PREV_COMM_H
	B:00F9H            SYMBOL             TXBMT
	B:00FCH            SYMBOL             RXOVRN
LX51 CODE BANKING LINKER/LOCATOR V06.16.13.326             09/04/16  02:30:52

	B:00C1H            SYMBOL             ACK
	D:00FCH            SYMBOL             PCA0CPH0
	D:00F6H            SYMBOL             EIP1
	D:00CAH            SYMBOL             TMR2RLL
	D:00B9H            SYMBOL             IDA0CN
	C:1D4BH            SYMBOL             PUTW
	C:11B3H            SYMBOL             BOOTLOADER_DONE
	C:10B4H            SYMBOL             WAIT_MS_1_O_M2
	C:104EH            SYMBOL             AVERAGE_THROTTLE
	C:0FAAH            SYMBOL             DECODE_PARAMS_DIR_SET
	C:0F06H            SYMBOL             COMM61_NFET_DONE_REV
	C:0DE9H            SYMBOL             COMM34_NFET_DONE_REV
	C:0C98H            SYMBOL             SETUP_COMM_WAIT
	C:0A70H            SYMBOL             CALC_NEXT_COMM_TIMING_FAST
	C:079CH            SYMBOL             CALC_GOVERNOR_INT_ERROR_EXIT
	C:015DH            SYMBOL             T2_INT
	I:0093H            SYMBOL             _PGM_DAMPING_FORCE
	D:0060H            SYMBOL             AUTO_BAILOUT_ARMED
	D:0020H            SYMBOL             BIT_ACCESS
	B:00D0H            SYMBOL             P
	D:00F9H            SYMBOL             PCA0L
	D:00EAH            SYMBOL             PCA0CPH1
	D:0092H            SYMBOL             TMR3RLL
	D:008AH            SYMBOL             TL0
	D:0087H            SYMBOL             PCON
	C:1D97H            SYMBOL             GET1
	D:0021H            SYMBOL             BYTE_REG
	C:13B4H            SYMBOL             ARM_END_BEEP
	C:12FAH            SYMBOL             THROTTLE_HIGH_CAL_START
	C:10F1H            SYMBOL             PGM_START
	C:10DBH            SYMBOL             WAIT_MS_1_O_M3
	C:0BCEH            SYMBOL             WAIT_FOR_COMP_OUT_LOW
	C:0ACCH            SYMBOL             CALC_NEW_WAIT_TIMES
	C:0A6AH            SYMBOL             LOAD_MIN_TIME
	C:093AH            SYMBOL             SET_STARTUP_PWM
	C:0796H            SYMBOL             GOVERNOR_STORE_INT_ERROR
	C:06FCH            SYMBOL             GOVERNOR_ACTIVATE_50K
	C:02D4H            SYMBOL             T2H_INT_EXIT
	C:0080H            SYMBOL             GOV_GAIN_TABLE
	C:02DEH            SYMBOL             T3_INT
	I:0085H            SYMBOL             PGM_MOTOR_IDLE
	D:0075H            SYMBOL             TX_PGM_PARAVAL_NO
	D:0070H            SYMBOL             ADC_CONVERSION_CNT
	D:004CH            SYMBOL             GOV_ARM_TARGET
	D:0029H            SYMBOL             RCP_OUTSIDE_RANGE_CNT
	C:1A40H            SYMBOL             EEP_ESC_LAYOUT
	B:00C6H            SYMBOL             TXMODE
	D:00ECH            SYMBOL             PCA0CPH2
	D:00CCH            SYMBOL             TMR2L
	D:008BH            SYMBOL             TL1
	C:1DACH            SYMBOL             GET2
	C:1812H            SYMBOL             FUNC_PARAVAL
	C:177DH            SYMBOL             WAIT1S_LOOP
	C:1741H            SYMBOL             STORE_MULTI_FUNC_1
	C:15CCH            SYMBOL             RUN6_CHECK_DIR_REV
	C:107EH            SYMBOL             MUSIC_F1_BEEP
	C:106DH            SYMBOL             AVERAGE_THROTTLE_DIV
	C:0C14H            SYMBOL             COMP_CHECK_TIMEOUT
	C:07F9H            SYMBOL             CALC_GOVERNOR_PROP_CORR_EXIT
	C:0791H            SYMBOL             GOVERNOR_INT_MIN_PWM
	C:0736H            SYMBOL             GOVERNOR_LIMIT_PROP_ERROR_NEG
	C:05B8H            SYMBOL             BEEP_F1
	C:0482H            SYMBOL             PCA_INT_PPM_OUTSIDE_RANGE
	C:1A1DH            SYMBOL             EEP_PGM_BEACON_DELAY
	C:1A1CH            SYMBOL             EEP_PGM_BEACON_STRENGTH
	I:00D0H            SYMBOL             TAG_TEMPORARY_STORAGE
	I:0084H            SYMBOL             PGM_MOTOR_GAIN
	D:0071H            SYMBOL             CURRENT_AVERAGE_TEMP
LX51 CODE BANKING LINKER/LOCATOR V06.16.13.326             09/04/16  02:30:52

	D:0064H            SYMBOL             PWM_SPOOLUP_BEG
	D:0061H            SYMBOL             PWM_LIMIT
	B:00FFH            SYMBOL             SPIF
	B:00CBH            SYMBOL             T2SPLIT
	B:00C3H            SYMBOL             ACKRQ
	D:0094H            SYMBOL             TMR3L
	C:1DD0H            SYMBOL             GET3
	D:0029H            SYMBOL             BL_FLASH_KEY_1
	C:1746H            SYMBOL             STORE_MULTI_FUNC_2
	C:15A5H            SYMBOL             INITIAL_RUN_PHASE_DONE
	C:10A5H            SYMBOL             MUSIC_F2_BEEP
	C:103FH            SYMBOL             TEST_THROTTLE_GAIN
	C:0D89H            SYMBOL             COMM23_FETS_DONE_REV
	C:07F7H            SYMBOL             GOVERNOR_STORE_PROP_CORR
	C:07BBH            SYMBOL             GOVERNOR_CHECK_PROP_CORR_LIMIT_POS
	C:0671H            SYMBOL             MULT_S16_BY_U8_POSITIVE
	C:061FH            SYMBOL             DIV_U16_BY_U16
	C:05DCH            SYMBOL             BEEP_ONOFF
	C:05BFH            SYMBOL             BEEP_F2
	C:04CFH            SYMBOL             PCA_INT_PPM_BIDIR_FWD
	C:0416H            SYMBOL             PCA_INT_CHECK_DIFF
	C:01BEH            SYMBOL             T2_INT_SKIP_START
	C:010CH            SYMBOL             PWM_AFET
	C:0101H            SYMBOL             T0_INT_PWM_OFF_FULLPOWER_EXIT
	C:1A24H            SYMBOL             EEP_PGM_ENABLE_POWER_PROT
	C:1A17H            SYMBOL             _EEP_PGM_GOV_RANGE
	I:0082H            SYMBOL             PGM_GOV_MODE
	D:003BH            SYMBOL             PREV_COMM_L
	D:002AH            SYMBOL             RCP_TIMEOUT_CNTD
	B:00BCH            SYMBOL             PS0
	D:00FBH            SYMBOL             PCA0CPL0
	C:1C00H            SYMBOL             INIT
	D:002AH            SYMBOL             BL_FLASH_KEY_2
	C:180CH            SYMBOL             PARAVAL_NO_ENTRY
	C:174BH            SYMBOL             STORE_MULTI_FUNC_3
	C:15E5H            SYMBOL             RUN6_BRAKE_DONE
	C:17B2H            SYMBOL             SUCCESS_BEEP_INVERTED
	C:1783H            SYMBOL             SUCCESS_BEEP
	C:10CCH            SYMBOL             MUSIC_F3_BEEP
	C:1017H            SYMBOL             FIND_THROTTLE_GAIN
	C:0FC8H            SYMBOL             DECODE_SETTINGS
	C:0E8FH            SYMBOL             COMM56_NFET_DONE_REV
	C:1603H            SYMBOL             RUN_TO_WAIT_FOR_POWER_ON_FAIL
	C:08CCH            SYMBOL             TEMP_AVERAGE_INC_DEC
	C:0789H            SYMBOL             GOVERNOR_INT_MAX_PWM
	C:0769H            SYMBOL             GOVERNOR_LIMIT_INT_ERROR_POS
	C:05C6H            SYMBOL             BEEP_F3
	C:032FH            SYMBOL             PCA_INT_FAIL_MINIMUM
	C:0116H            SYMBOL             PWM_BFET
	C:00FAH            SYMBOL             T0_INT_PWM_OFF_EXIT
	D:0069H            SYMBOL             SPOOLUP_LIMIT_CNT
	B:00CFH            SYMBOL             TF2H
	B:00B9H            SYMBOL             PT0
	D:00E9H            SYMBOL             PCA0CPL1
	D:00DAH            SYMBOL             PCA0CPM0
	D:00B6H            SYMBOL             FLSCL
	D:0089H            SYMBOL             TMOD
	D:0088H            SYMBOL             TCON
	C:1750H            SYMBOL             STORE_MULTI_FUNC_4
	C:13ECH            SYMBOL             BEEP_DELAY_SET
	C:12E0H            SYMBOL             PROGRAM_BY_TX_ENTRY_WAIT_PWM
	C:1116H            SYMBOL             LOCK_BYTE_OK
	C:105EH            SYMBOL             AVERAGE_THROTTLE_MEAS
	C:0FC2H            SYMBOL             DECODE_PWM_FREQ_LOW
	C:0ED5H            SYMBOL             COMM61_FETS_DONE_REV
	C:0C6BH            SYMBOL             COMP_READ_WRONG_LOW_RPM
	C:0883H            SYMBOL             SET_PWM_LIMIT_LOW_RPM_EXIT
	C:05CDH            SYMBOL             BEEP_F4
LX51 CODE BANKING LINKER/LOCATOR V06.16.13.326             09/04/16  02:30:52

	C:0515H            SYMBOL             PCA_INT_PPM_MAX_CHECKED
	C:0400H            SYMBOL             PCA_INT_RESTORE_EDGE
	C:028CH            SYMBOL             T2_INT_CURRENT_PWM_DITHER_MAX_POWER
	C:0120H            SYMBOL             PWM_CFET
	C:1A03H            SYMBOL             EEP_PGM_GOV_P_GAIN
	I:00A7H            SYMBOL             PGM_STARTUP_PWR_DECODED
	I:0095H            SYMBOL             _PGM_STARTUP_METHOD
	I:0091H            SYMBOL             _PGM_VOLT_COMP
	I:0081H            SYMBOL             PGM_GOV_I_GAIN
	B:00FAH            SYMBOL             NSSMD0
	B:00FEH            SYMBOL             WCOL
	B:00E8H            SYMBOL             AD0CM0
	B:00DEH            SYMBOL             CR
	B:00D3H            SYMBOL             RS0
	B:00BBH            SYMBOL             PT1
	B:009CH            SYMBOL             REN0
	D:00EBH            SYMBOL             PCA0CPL2
	D:00DBH            SYMBOL             PCA0CPM1
	D:00D9H            SYMBOL             PCA0MD
	D:00D8H            SYMBOL             PCA0CN
	D:00A3H            SYMBOL             SPI0DAT
	C:1878H            SYMBOL             PROGRAM_BY_TX_EXIT
	C:1755H            SYMBOL             STORE_MULTI_FUNC_5
	C:16D8H            SYMBOL             READ_EEPROM_BYTE
	C:1331H            SYMBOL             THROTTLE_LOW_CAL
	C:0C33H            SYMBOL             COMP_READ_WRONG
	C:0B68H            SYMBOL             STORE_TIMES_UP_OR_DOWN_FAST
	C:0B76H            SYMBOL             STORE_TIMES_DECREASE_FAST
	C:08E4H            SYMBOL             TEMP_AVERAGE_UPDATED
	C:0897H            SYMBOL             SET_PWM_LIMIT_HIGH_RPM_STORE
	C:082CH            SYMBOL             GOVERNOR_APPLY_INT_CORR
	C:07C6H            SYMBOL             GOVERNOR_LIMIT_PROP_CORR_POS
	C:0615H            SYMBOL             BEEP_OFF
	C:0599H            SYMBOL             WAIT10MS
	C:026AH            SYMBOL             T2_INT_CURRENT_PWM_FULL_DITHER
	C:0139H            SYMBOL             PWM_AFET_DAMPED_EXIT
	C:00B9H            SYMBOL             T0_INT_PWM_ON_EXIT
	C:1A20H            SYMBOL             EEP_PGM_BEC_VOLTAGE_HIGH
	C:1A0EH            SYMBOL             EEP_INITIALIZED_H
	C:1A0CH            SYMBOL             EEP_PGM_INPUT_POL
	I:00A3H            SYMBOL             PGM_PWM_DITHER
	I:0092H            SYMBOL             PGM_COMM_TIMING
	D:0074H            SYMBOL             TX_PGM_FUNC_NO
	D:0024H            SYMBOL             CURRENT_PWM
	B:00FBH            SYMBOL             NSSMD1
	B:00E9H            SYMBOL             AD0CM1
	B:00EEH            SYMBOL             AD0TM
	B:00D4H            SYMBOL             RS1
	B:00D5H            SYMBOL             F0
	B:00C4H            SYMBOL             STO
	B:00BDH            SYMBOL             PT2
	B:008CH            SYMBOL             TR0
	D:00DCH            SYMBOL             PCA0CPM2
	D:00C8H            SYMBOL             TMR2CN
	C:1D8EH            SYMBOL             GETW
	C:175AH            SYMBOL             STORE_MULTI_FUNC_6
	C:1724H            SYMBOL             READ_TAG
	C:113FH            SYMBOL             RESET_CAL_DONE
	C:107CH            SYMBOL             MUSIC_F1
	C:0F8FH            SYMBOL             DECODE_PARAMETERS
	C:0E2FH            SYMBOL             COMM45_FETS_DONE_REV
	C:0D67H            SYMBOL             COMM23_NFET_OFF
	C:0B8EH            SYMBOL             SETUP_ZC_SCAN_TIMEOUT
	C:0B17H            SYMBOL             STORE_TIMES_INCREASE
	C:089CH            SYMBOL             MEASURE_LIPO_CELLS
	C:073FH            SYMBOL             CALC_GOVERNOR_INT_ERROR
	C:04B1H            SYMBOL             PCA_INT_PPM_CALCULATE
	C:057DH            SYMBOL             PCA_INT_EXIT
LX51 CODE BANKING LINKER/LOCATOR V06.16.13.326             09/04/16  02:30:52

	C:01EBH            SYMBOL             T2_INT_RCP_UPDATE_MULT
	C:014AH            SYMBOL             PWM_BFET_DAMPED_EXIT
	D:005BH            SYMBOL             RCP_PERIOD_DIFF_ACCEPTED
	D:0043H            SYMBOL             COMPARATOR_READ_CNT
	D:0033H            SYMBOL             STARTUP_CNT
	B:00EAH            SYMBOL             AD0CM2
	B:00EBH            SYMBOL             AD0WINT
	B:00D1H            SYMBOL             F1
	B:00C2H            SYMBOL             ARBLOST
	B:008EH            SYMBOL             TR1
	D:00D4H            SYMBOL             P0SKIP
	D:0091H            SYMBOL             TMR3CN
	C:1D9CH            SYMBOL             GETX
	C:175FH            SYMBOL             STORE_MULTI_FUNC_7
	C:15DBH            SYMBOL             RUN6_CHECK_SPEED
	C:141BH            SYMBOL             WAIT_FOR_POWER_ON_PPM_NOT_MISSING
	C:10A3H            SYMBOL             MUSIC_F2
	C:0F0EH            SYMBOL             SWITCH_POWER_OFF
	C:0C3FH            SYMBOL             COMP_READ_WRONG_NOT_STARTUP
	C:0A42H            SYMBOL             CALC_NEW_WAIT_PER_DEMAG_DONE
	C:059EH            SYMBOL             WAIT30MS
	C:0506H            SYMBOL             PCA_INT_PPM_BIDIR_DONE
	C:03EFH            SYMBOL             PCA_INT_CHECK_1KHZ
	C:02A8H            SYMBOL             T2H_INT
	C:015BH            SYMBOL             PWM_CFET_DAMPED_EXIT
	D:0048H            SYMBOL             GOV_INTEGRAL_X
	C:1A50H            SYMBOL             EEP_ESC_MCU
	B:00ECH            SYMBOL             AD0BUSY
	B:00C8H            SYMBOL             T2XCLK
	B:00CAH            SYMBOL             TR2
	B:00CEH            SYMBOL             TF2L
	B:00B8H            SYMBOL             PX0
	D:00D5H            SYMBOL             P1SKIP
	C:1CC6H            SYMBOL             RST
	C:1844H            SYMBOL             FUNC_PARAVAL_CONT_WAIT
	C:177BH            SYMBOL             WAIT1S
	C:1764H            SYMBOL             STORE_MULTI_FUNC_8
	C:172EH            SYMBOL             WRITE_TAGS
	C:160BH            SYMBOL             RUN_TO_WAIT_FOR_POWER_ON
	C:10CAH            SYMBOL             MUSIC_F3
	C:0EB3H            SYMBOL             COMM61_NFET_OFF
	C:0CC4H            SYMBOL             EVAL_COMP_CHECK_TIMEOUT
	C:0AFEH            SYMBOL             ADJUST_TIMING_TWO_STEPS
	C:095AH            SYMBOL             INITIALIZE_TIMING
	C:0939H            SYMBOL             CHECK_VOLTAGE_RET
	C:0703H            SYMBOL             GOVERNOR_ACTIVATE_RANGE_SET
	C:05AFH            SYMBOL             WAITXMS_M
	C:03DEH            SYMBOL             PCA_INT_CHECK_2KHZ
	I:009AH            SYMBOL             PGM_BEACON_DELAY
	I:0099H            SYMBOL             PGM_BEACON_STRENGTH
	D:004EH            SYMBOL             WT_ADV_START_H
	D:0045H            SYMBOL             GOV_TARGET_H
	B:00BAH            SYMBOL             PX1
	D:00B8H            SYMBOL             IP
	C:1CB7H            SYMBOL             EXIT
	C:1DEFH            SYMBOL             BOOT_MSG
	C:1769H            SYMBOL             STORE_MULTI_FUNC_9
	C:1474H            SYMBOL             READ_INITIAL_TEMP
	C:140FH            SYMBOL             WAIT_FOR_POWER_ON_NO_BEEP
	C:1375H            SYMBOL             PROGRAM_BY_TX_ENTRY_STORE
	C:0FC7H            SYMBOL             DECODE_PWM_FREQ_END
	C:0D0BH            SYMBOL             WAIT_FOR_COMM_WAIT
	C:08A0H            SYMBOL             START_ADC_CONVERSION
	C:06A5H            SYMBOL             MULT_S16_BY_U8_EXIT
	C:0527H            SYMBOL             PCA_INT_PPM_LIMIT_AFTER_MULT
	C:02D4H            SYMBOL             T2H_INT_RCP_GOV_PWM
	C:0213H            SYMBOL             T2_INT_PWM_MIN_RUN
	C:009AH            SYMBOL             PWM_DITHER_TABLE
LX51 CODE BANKING LINKER/LOCATOR V06.16.13.326             09/04/16  02:30:52

	C:1A60H            SYMBOL             EEP_NAME
	C:1A0DH            SYMBOL             EEP_INITIALIZED_L
	I:00A1H            SYMBOL             PGM_ENABLE_POWER_PROT
	D:0066H            SYMBOL             PWM_DITHER_DECODED
	D:0063H            SYMBOL             PWM_LIMIT_BY_RPM
	D:0039H            SYMBOL             LOW_RPM_PWR_SLOPE
	D:0035H            SYMBOL             INITIAL_RUN_ROT_CNTD
	D:0021H            SYMBOL             BIT_ACCESS_INT
	D:00D0H            SYMBOL             PSW
	C:1DDCH            SYMBOL             WAITF
	C:1778H            SYMBOL             STORE_IN_RAM_EXIT
	C:127CH            SYMBOL             VALIDATE_RCP_START
	C:110FH            SYMBOL             LOCK_BYTE_TEST
	C:0E0DH            SYMBOL             COMM45_NFET_OFF
	C:0D35H            SYMBOL             COMM12_REV
	C:0D1CH            SYMBOL             COMM1COMM2
	C:0C78H            SYMBOL             COMP_READ_WRONG_LOAD_TIMEOUT
	C:0B86H            SYMBOL             WAIT_BEFORE_ZC_SCAN_WAIT
	C:08E2H            SYMBOL             TEMP_AVERAGE_UPDATED_LOAD_ACC
	C:08D8H            SYMBOL             TEMP_AVERAGE_DEC
	C:079DH            SYMBOL             CALC_GOVERNOR_PROP_CORRECTION
	C:05ADH            SYMBOL             WAITXMS_O
	C:0572H            SYMBOL             PCA_INT_PPM_TIMEOUT_SET
	C:03CDH            SYMBOL             PCA_INT_CHECK_4KHZ
	C:00C7H            SYMBOL             T0_INT_PWM_OFF
	I:0094H            SYMBOL             PGM_GOV_RANGE
	D:004AH            SYMBOL             GOV_PROPORTIONAL_H
	D:00C4H            SYMBOL             ADC0GTH
	D:00C1H            SYMBOL             SMB0CF
	D:00B7H            SYMBOL             FLKEY
	C:1D6FH            SYMBOL             PUTC
	D:0020H            SYMBOL             BIT_REG
	C:1695H            SYMBOL             READ_EEPROM_EXIT
	C:13C9H            SYMBOL             WAIT_FOR_POWER_ON_LOOP
	C:11A7H            SYMBOL             INPUT_HIGH_CHECK_1
	C:090AH            SYMBOL             CHECK_VOLTAGE_START
	C:0856H            SYMBOL             SET_PWM_LIMIT_LOW_RPM
	C:0855H            SYMBOL             CALC_GOVERNOR_INT_CORR_EXIT
	C:0772H            SYMBOL             GOVERNOR_LIMIT_INT_ERROR_NEG
	C:068AH            SYMBOL             MULT_S16_BY_U8_DIV_LOOP
	C:05D4H            SYMBOL             BEEP
	C:04D4H            SYMBOL             PCA_INT_PPM_BIDIR_DIR_SET
	C:0431H            SYMBOL             PCA_INT_FALL
	C:01C9H            SYMBOL             T2_INT_SKIP_END
	C:009FH            SYMBOL             TX_PGM_PARAMS_MULTI
	C:1A23H            SYMBOL             EEP_PGM_TEMP_PROT_ENABLE
	C:1A1EH            SYMBOL             _EEP_PGM_THROTTLE_RATE
	C:1A12H            SYMBOL             _EEP_PGM_STARTUP_RPM
	I:00A6H            SYMBOL             PGM_GOV_I_GAIN_DECODED
	I:0080H            SYMBOL             PGM_GOV_P_GAIN
	D:006CH            SYMBOL             MAIN_SPOOLUP_TIME_10X
	D:0042H            SYMBOL             COMM_PHASE
	D:0028H            SYMBOL             RCP_PREV_EDGE_H
	B:00D8H            SYMBOL             CCF0
	B:00D7H            SYMBOL             CY
	B:00C0H            SYMBOL             SI
	B:009AH            SYMBOL             RB80
	D:00E1H            SYMBOL             XBR0
	D:00AAH            SYMBOL             EMI0CN
	D:00A2H            SYMBOL             SPI0CKR
	D:009FH            SYMBOL             CPT0MX
	D:0083H            SYMBOL             DPH
	C:1DE0H            SYMBOL             WAITH
	C:16F8H            SYMBOL             ERASE_FLASH
	C:160EH            SYMBOL             RUN_TO_WAIT_FOR_POWER_ON_STALL_DONE
	C:1800H            SYMBOL             PROGRAM_BY_TX
	C:11A9H            SYMBOL             INPUT_HIGH_CHECK_2
	C:0D91H            SYMBOL             COMM23_NONDAMP
LX51 CODE BANKING LINKER/LOCATOR V06.16.13.326             09/04/16  02:30:52

	C:0D4BH            SYMBOL             COMM2COMM3
	C:09E9H            SYMBOL             CALC_NEXT_COMM_AVG_PERIOD_DIV
	C:0853H            SYMBOL             GOVERNOR_STORE_INT_CORR
	C:0815H            SYMBOL             GOVERNOR_CHECK_INT_CORR_LIMIT_POS
	C:07E4H            SYMBOL             GOVERNOR_CORR_PROP_MIN_PWM
	C:06F0H            SYMBOL             GOVERNOR_ACTIVATE_100K
	C:012AH            SYMBOL             PWM_AFET_DAMPED
	C:1A11H            SYMBOL             _EEP_PGM_GOV_SETUP_TARGET
	C:1A0BH            SYMBOL             EEP_PGM_DIRECTION
	C:1A0AH            SYMBOL             EEP_PGM_PWM_FREQ
	I:009DH            SYMBOL             PGM_BEC_VOLTAGE_HIGH
	I:0089H            SYMBOL             PGM_INPUT_POL
	D:004DH            SYMBOL             WT_ADV_START_L
	D:0044H            SYMBOL             GOV_TARGET_L
	D:0038H            SYMBOL             DEMAG_PWR_OFF_THRESH
	D:0034H            SYMBOL             STARTUP_ZC_TIMEOUT_CNTD
	D:002CH            SYMBOL             FLAGS0
	D:0025H            SYMBOL             CURRENT_PWM_LIMITED
	B:00D9H            SYMBOL             CCF1
	D:00E2H            SYMBOL             XBR1
	D:00B3H            SYMBOL             OSCICL
	C:1C4AH            SYMBOL             ID1
	C:1833H            SYMBOL             FUNC_PARAVAL_STORE
	C:16DDH            SYMBOL             WRITE_EEPROM_BYTE_FROM_ACC
	C:167DH            SYMBOL             READ_EEPROM_BLOCK1
	C:1676H            SYMBOL             READ_EEPROM_READ
	C:0D71H            SYMBOL             COMM23_DAMP_REV
	C:0B48H            SYMBOL             CALC_NEW_WAIT_TIMES_FAST
	C:0AB6H            SYMBOL             LOAD_MIN_TIME_FAST
	C:089FH            SYMBOL             MEASURE_LIPO_EXIT
	C:07CCH            SYMBOL             GOVERNOR_LIMIT_PROP_CORR_NEG
	C:0723H            SYMBOL             GOVERNOR_CHECK_PROP_LIMIT_POS
	C:0358H            SYMBOL             PCA_INT_SECOND_MEAS_PWM_FREQ
	C:02B7H            SYMBOL             T2H_INT_RCP_STOP_CHECK
	C:013BH            SYMBOL             PWM_BFET_DAMPED
	C:02F1H            SYMBOL             PCA_INT
	C:1A21H            SYMBOL             EEP_PGM_PPM_CENTER_THROTTLE
	D:002DH            SYMBOL             FLAGS1
	B:00DAH            SYMBOL             CCF2
	B:009BH            SYMBOL             TB80
	B:0089H            SYMBOL             IE0
	D:00D1H            SYMBOL             REF0CN
	D:00A9H            SYMBOL             CLKSEL
	C:1DF3H            SYMBOL             BOOT_INFO
	C:168BH            SYMBOL             READ_EEPROM_BLOCK2
	C:1219H            SYMBOL             MEASURE_PWM_FREQ_START
	C:0EDDH            SYMBOL             COMM61_NONDAMP
	C:0E97H            SYMBOL             COMM6COMM1
	C:0DDBH            SYMBOL             COMM34_REV
	C:0DC2H            SYMBOL             COMM3COMM4
	C:0C25H            SYMBOL             COMP_CHECK_TIMEOUT_EXTEND_TIMEOUT
	C:0BDFH            SYMBOL             WAIT_FOR_COMP_OUT_HIGH
	C:07F5H            SYMBOL             GOVERNOR_CORR_PROP_MAX_PWM
	C:04C8H            SYMBOL             PCA_INT_PPM_BIDIR_REV
	C:03BCH            SYMBOL             PCA_INT_CHECK_8KHZ
	C:0283H            SYMBOL             T2_INT_CURRENT_PWM_DITHER_MAX_EXCESS_P&
OWER
	C:014CH            SYMBOL             PWM_CFET_DAMPED
	C:1A22H            SYMBOL             _EEP_PGM_MAIN_SPOOLUP_TIME
	C:1A06H            SYMBOL             _EEP_PGM_LOW_VOLTAGE_LIM
	D:007BH            SYMBOL             DAMPINGFET
	D:0050H            SYMBOL             WT_ZC_SCAN_START_H
	D:004BH            SYMBOL             GOV_PROP_PWM
	D:0049H            SYMBOL             GOV_PROPORTIONAL_L
	D:003DH            SYMBOL             PREV_COMM_X
	D:002EH            SYMBOL             FLAGS2
	D:0026H            SYMBOL             CURRENT_PWM_LIM_DITH
	B:00F8H            SYMBOL             SPIEN
LX51 CODE BANKING LINKER/LOCATOR V06.16.13.326             09/04/16  02:30:52

	B:008BH            SYMBOL             IE1
	D:00C3H            SYMBOL             ADC0GTL
	D:00B2H            SYMBOL             OSCICN
	C:0000H            LINE#              2793
	C:00AAH            LINE#              2838
	C:00ACH            LINE#              2850
	C:00AEH            LINE#              2851
	C:00B0H            LINE#              2853
	C:00B3H            LINE#              2856
	C:00B5H            LINE#              2857
	C:00B7H            LINE#              2859
	C:00B8H            LINE#              2860
	C:00B9H            LINE#              2864
	C:00BBH            LINE#              2865
	C:00BCH            LINE#              2867
	C:00BEH            LINE#              2883
	C:00C0H            LINE#              2886
	C:00C2H            LINE#              2887
	C:00C4H            LINE#              2888
	C:00C6H            LINE#              2889
	C:00C7H            LINE#              2895
	C:00CAH            LINE#              2912
	C:00CCH            LINE#              2914
	C:00CEH            LINE#              2915
	C:00CFH            LINE#              2916
	C:00D1H            LINE#              2920
	C:00D4H            LINE#              2923
	C:00D7H            LINE#              2931
	C:00D9H            LINE#              2932
	C:00DBH            LINE#              2934
	C:00E1H            LINE#              2936
	C:00E3H            LINE#              2937
	C:00E4H            LINE#              2942
	C:00EAH            LINE#              2946
	C:00EDH            LINE#              2947
	C:00F0H            LINE#              2949
	C:00F2H            LINE#              2950
	C:00F5H            LINE#              2952
	C:00FAH            LINE#              2966
	C:00FCH            LINE#              2967
	C:00FEH            LINE#              2968
	C:0100H            LINE#              2969
	C:0101H            LINE#              2972
	C:0104H            LINE#              2977
	C:0106H            LINE#              2978
	C:0108H            LINE#              2979
	C:010AH            LINE#              2983
	C:010CH            LINE#              2986
	C:010FH            LINE#              2987
	C:0112H            LINE#              2988
	C:0114H            LINE#              2990
	C:0116H            LINE#              2993
	C:0119H            LINE#              2994
	C:011CH            LINE#              2995
	C:011EH            LINE#              2997
	C:0120H            LINE#              3000
	C:0123H            LINE#              3001
	C:0126H            LINE#              3002
	C:0128H            LINE#              3004
	C:012AH            LINE#              3008
	C:012CH            LINE#              3010
	C:012FH            LINE#              3011
	C:0132H            LINE#              3013
	C:0134H            LINE#              3014
	C:0137H            LINE#              3017
	C:0139H            LINE#              3019
	C:013BH            LINE#              3023
	C:013DH            LINE#              3025
LX51 CODE BANKING LINKER/LOCATOR V06.16.13.326             09/04/16  02:30:52

	C:0140H            LINE#              3026
	C:0143H            LINE#              3028
	C:0145H            LINE#              3029
	C:0148H            LINE#              3032
	C:014AH            LINE#              3034
	C:014CH            LINE#              3038
	C:014EH            LINE#              3040
	C:0151H            LINE#              3041
	C:0154H            LINE#              3043
	C:0156H            LINE#              3044
	C:0159H            LINE#              3047
	C:015BH            LINE#              3049
	C:015DH            LINE#              3060
	C:015FH            LINE#              3061
	C:0161H            LINE#              3062
	C:0164H            LINE#              3063
	C:0166H            LINE#              3064
	C:0168H            LINE#              3065
	C:016AH            LINE#              3066
	C:016CH            LINE#              3082
	C:016EH            LINE#              3084
	C:0170H            LINE#              3085
	C:0172H            LINE#              3088
	C:0175H            LINE#              3090
	C:0177H            LINE#              3091
	C:0179H            LINE#              3095
	C:017BH            LINE#              3096
	C:017DH            LINE#              3097
	C:0180H            LINE#              3099
	C:0186H            LINE#              3100
	C:0189H            LINE#              3101
	C:018BH            LINE#              3102
	C:019AH            LINE#              3103
	C:019CH            LINE#              3104
	C:019EH            LINE#              3105
	C:01A4H            LINE#              3106
	C:01A7H            LINE#              3107
	C:01A9H            LINE#              3108
	C:01AAH            LINE#              3109
	C:01ABH            LINE#              3110
	C:01ACH            LINE#              3111
	C:01AEH            LINE#              3114
	C:01B1H            LINE#              3116
	C:01B4H            LINE#              3118
	C:01B7H            LINE#              3120
	C:01BAH            LINE#              3123
	C:01BCH            LINE#              3124
	C:01BEH            LINE#              3127
	C:01C1H            LINE#              3130
	C:01C3H            LINE#              3131
	C:01C5H            LINE#              3134
	C:01C7H            LINE#              3135
	C:01C9H            LINE#              3139
	C:01CCH            LINE#              3140
	C:01CEH            LINE#              3144
	C:01D1H            LINE#              3145
	C:01D3H            LINE#              3147
	C:01D5H            LINE#              3148
	C:01D8H            LINE#              3150
	C:01DAH            LINE#              3153
	C:01DDH            LINE#              3160
	C:01DFH            LINE#              3161
	C:01E2H            LINE#              3165
	C:01E3H            LINE#              3166
	C:01E4H            LINE#              3167
	C:01E6H            LINE#              3168
	C:01E8H            LINE#              3170
	C:01EAH            LINE#              3171
LX51 CODE BANKING LINKER/LOCATOR V06.16.13.326             09/04/16  02:30:52

	C:01EBH            LINE#              3175
	C:01ECH            LINE#              3176
	C:01EDH            LINE#              3177
	C:01EFH            LINE#              3178
	C:01F0H            LINE#              3179
	C:01F1H            LINE#              3181
	C:01F3H            LINE#              3182
	C:01F6H            LINE#              3183
	C:01F8H            LINE#              3185
	C:01F9H            LINE#              3186
	C:01FAH            LINE#              3187
	C:01FBH            LINE#              3188
	C:01FCH            LINE#              3189
	C:01FEH            LINE#              3190
	C:0201H            LINE#              3192
	C:0202H            LINE#              3193
	C:0203H            LINE#              3196
	C:0206H            LINE#              3198
	C:0207H            LINE#              3199
	C:0208H            LINE#              3200
	C:0209H            LINE#              3201
	C:020AH            LINE#              3202
	C:020CH            LINE#              3205
	C:020DH            LINE#              3206
	C:020EH            LINE#              3207
	C:0210H            LINE#              3209
	C:0212H            LINE#              3210
	C:0213H            LINE#              3227
	C:0215H            LINE#              3230
	C:0217H            LINE#              3231
	C:0219H            LINE#              3232
	C:021BH            LINE#              3234
	C:021EH            LINE#              3236
	C:0220H            LINE#              3237
	C:0221H            LINE#              3238
	C:0222H            LINE#              3239
	C:0223H            LINE#              3240
	C:0224H            LINE#              3241
	C:0225H            LINE#              3242
	C:0227H            LINE#              3243
	C:0228H            LINE#              3244
	C:0229H            LINE#              3245
	C:022AH            LINE#              3246
	C:022BH            LINE#              3247
	C:022CH            LINE#              3248
	C:022DH            LINE#              3249
	C:022FH            LINE#              3250
	C:0231H            LINE#              3252
	C:0233H            LINE#              3254
	C:0234H            LINE#              3255
	C:0236H            LINE#              3256
	C:0238H            LINE#              3257
	C:023AH            LINE#              3259
	C:023DH            LINE#              3264
	C:023FH            LINE#              3265
	C:0242H            LINE#              3268
	C:0245H            LINE#              3271
	C:0247H            LINE#              3272
	C:0248H            LINE#              3273
	C:024AH            LINE#              3274
	C:024CH            LINE#              3275
	C:024EH            LINE#              3277
	C:0250H            LINE#              3281
	C:0251H            LINE#              3282
	C:0252H            LINE#              3283
	C:0254H            LINE#              3284
	C:0256H            LINE#              3286
	C:0258H            LINE#              3289
LX51 CODE BANKING LINKER/LOCATOR V06.16.13.326             09/04/16  02:30:52

	C:025AH            LINE#              3291
	C:025CH            LINE#              3292
	C:025EH            LINE#              3293
	C:0260H            LINE#              3295
	C:0261H            LINE#              3296
	C:0262H            LINE#              3297
	C:0264H            LINE#              3298
	C:0265H            LINE#              3299
	C:0267H            LINE#              3301
	C:0268H            LINE#              3302
	C:0269H            LINE#              3303
	C:026AH            LINE#              3306
	C:026BH            LINE#              3307
	C:026CH            LINE#              3308
	C:026DH            LINE#              3309
	C:026EH            LINE#              3310
	C:026FH            LINE#              3311
	C:0271H            LINE#              3312
	C:0272H            LINE#              3313
	C:0273H            LINE#              3314
	C:0274H            LINE#              3315
	C:0276H            LINE#              3317
	C:0278H            LINE#              3318
	C:0279H            LINE#              3319
	C:027BH            LINE#              3320
	C:027DH            LINE#              3321
	C:027FH            LINE#              3322
	C:0281H            LINE#              3324
	C:0283H            LINE#              3327
	C:0284H            LINE#              3328
	C:0285H            LINE#              3329
	C:0287H            LINE#              3330
	C:0288H            LINE#              3331
	C:028AH            LINE#              3332
	C:028CH            LINE#              3335
	C:028EH            LINE#              3338
	C:0290H            LINE#              3341
	C:0292H            LINE#              3342
	C:0293H            LINE#              3343
	C:0295H            LINE#              3344
	C:0297H            LINE#              3345
	C:0299H            LINE#              3346
	C:029BH            LINE#              3351
	C:029EH            LINE#              3352
	C:02A0H            LINE#              3353
	C:02A2H            LINE#              3354
	C:02A5H            LINE#              3355
	C:02A7H            LINE#              3356
	C:02A8H            LINE#              3360
	C:02AAH            LINE#              3361
	C:02ACH            LINE#              3376
	C:02AEH            LINE#              3378
	C:02B0H            LINE#              3379
	C:02B2H            LINE#              3382
	C:02B5H            LINE#              3384
	C:02B7H            LINE#              3388
	C:02B8H            LINE#              3389
	C:02BAH            LINE#              3390
	C:02BCH            LINE#              3391
	C:02BEH            LINE#              3394
	C:02C1H            LINE#              3395
	C:02C3H            LINE#              3399
	C:02C6H            LINE#              3400
	C:02C9H            LINE#              3401
	C:02CBH            LINE#              3402
	C:02CDH            LINE#              3403
	C:02CFH            LINE#              3404
	C:02D1H            LINE#              3406
LX51 CODE BANKING LINKER/LOCATOR V06.16.13.326             09/04/16  02:30:52

	C:02D4H            LINE#              3540
	C:02D6H            LINE#              3541
	C:02D8H            LINE#              3542
	C:02DBH            LINE#              3543
	C:02DDH            LINE#              3544
	C:02DEH            LINE#              3555
	C:02E0H            LINE#              3556
	C:02E3H            LINE#              3557
	C:02E6H            LINE#              3558
	C:02E9H            LINE#              3559
	C:02EBH            LINE#              3560
	C:02EEH            LINE#              3561
	C:02F0H            LINE#              3562
	C:02F1H            LINE#              3573
	C:02F3H            LINE#              3574
	C:02F6H            LINE#              3575
	C:02F8H            LINE#              3576
	C:02FAH            LINE#              3577
	C:02FCH            LINE#              3578
	C:02FEH            LINE#              3579
	C:0300H            LINE#              3580
	C:0302H            LINE#              3582
	C:0306H            LINE#              3584
	C:0308H            LINE#              3586
	C:030BH            LINE#              3587
	C:030DH            LINE#              3589
	C:031CH            LINE#              3590
	C:031EH            LINE#              3592
	C:0324H            LINE#              3594
	C:0327H            LINE#              3595
	C:0329H            LINE#              3598
	C:032BH            LINE#              3599
	C:032DH            LINE#              3600
	C:032FH            LINE#              3604
	C:033EH            LINE#              3605
	C:0340H            LINE#              3606
	C:0342H            LINE#              3607
	C:0345H            LINE#              3609
	C:0347H            LINE#              3611
	C:0349H            LINE#              3612
	C:034FH            LINE#              3613
	C:0352H            LINE#              3615
	C:0354H            LINE#              3617
	C:0356H            LINE#              3618
	C:0358H            LINE#              3622
	C:0367H            LINE#              3623
	C:0369H            LINE#              3625
	C:036CH            LINE#              3626
	C:036EH            LINE#              3629
	C:037DH            LINE#              3630
	C:037FH            LINE#              3631
	C:0381H            LINE#              3633
	C:0383H            LINE#              3634
	C:0385H            LINE#              3636
	C:0386H            LINE#              3637
	C:0387H            LINE#              3638
	C:0389H            LINE#              3639
	C:038AH            LINE#              3640
	C:038BH            LINE#              3641
	C:038DH            LINE#              3642
	C:038EH            LINE#              3643
	C:0390H            LINE#              3644
	C:0392H            LINE#              3645
	C:0394H            LINE#              3647
	C:0395H            LINE#              3648
	C:0396H            LINE#              3649
	C:0398H            LINE#              3650
	C:0399H            LINE#              3651
LX51 CODE BANKING LINKER/LOCATOR V06.16.13.326             09/04/16  02:30:52

	C:039BH            LINE#              3652
	C:039DH            LINE#              3654
	C:03A0H            LINE#              3655
	C:03A2H            LINE#              3658
	C:03A4H            LINE#              3659
	C:03A6H            LINE#              3660
	C:03A7H            LINE#              3661
	C:03A9H            LINE#              3662
	C:03ABH            LINE#              3665
	C:03ACH            LINE#              3666
	C:03ADH            LINE#              3667
	C:03AFH            LINE#              3668
	C:03B0H            LINE#              3669
	C:03B2H            LINE#              3670
	C:03B4H            LINE#              3672
	C:03B5H            LINE#              3673
	C:03B7H            LINE#              3674
	C:03B8H            LINE#              3675
	C:03BAH            LINE#              3676
	C:03BCH            LINE#              3680
	C:03BDH            LINE#              3681
	C:03BEH            LINE#              3682
	C:03C0H            LINE#              3683
	C:03C1H            LINE#              3684
	C:03C3H            LINE#              3685
	C:03C5H            LINE#              3687
	C:03C6H            LINE#              3688
	C:03C8H            LINE#              3689
	C:03C9H            LINE#              3690
	C:03CBH            LINE#              3691
	C:03CDH            LINE#              3695
	C:03CEH            LINE#              3696
	C:03CFH            LINE#              3697
	C:03D1H            LINE#              3698
	C:03D2H            LINE#              3699
	C:03D4H            LINE#              3700
	C:03D6H            LINE#              3702
	C:03D7H            LINE#              3703
	C:03D9H            LINE#              3704
	C:03DAH            LINE#              3705
	C:03DCH            LINE#              3706
	C:03DEH            LINE#              3710
	C:03DFH            LINE#              3711
	C:03E0H            LINE#              3712
	C:03E2H            LINE#              3713
	C:03E3H            LINE#              3714
	C:03E5H            LINE#              3715
	C:03E7H            LINE#              3717
	C:03E8H            LINE#              3718
	C:03EAH            LINE#              3719
	C:03EBH            LINE#              3720
	C:03EDH            LINE#              3721
	C:03EFH            LINE#              3725
	C:03F0H            LINE#              3726
	C:03F1H            LINE#              3727
	C:03F3H            LINE#              3728
	C:03F4H            LINE#              3729
	C:03F6H            LINE#              3730
	C:03F8H            LINE#              3732
	C:03F9H            LINE#              3733
	C:03FBH            LINE#              3734
	C:03FCH            LINE#              3735
	C:03FEH            LINE#              3738
	C:0400H            LINE#              3741
	C:0401H            LINE#              3742
	C:0402H            LINE#              3743
	C:0404H            LINE#              3744
	C:0405H            LINE#              3745
LX51 CODE BANKING LINKER/LOCATOR V06.16.13.326             09/04/16  02:30:52

	C:0406H            LINE#              3746
	C:0408H            LINE#              3747
	C:0409H            LINE#              3749
	C:040CH            LINE#              3750
	C:040DH            LINE#              3751
	C:040EH            LINE#              3752
	C:0410H            LINE#              3753
	C:0411H            LINE#              3754
	C:0412H            LINE#              3755
	C:0413H            LINE#              3756
	C:0415H            LINE#              3757
	C:0416H            LINE#              3761
	C:0419H            LINE#              3762
	C:041AH            LINE#              3763
	C:041BH            LINE#              3764
	C:041CH            LINE#              3765
	C:041DH            LINE#              3766
	C:041EH            LINE#              3767
	C:0420H            LINE#              3769
	C:0423H            LINE#              3773
	C:0425H            LINE#              3774
	C:0427H            LINE#              3776
	C:042AH            LINE#              3777
	C:042DH            LINE#              3778
	C:042FH            LINE#              3779
	C:0431H            LINE#              3783
	C:0432H            LINE#              3784
	C:0433H            LINE#              3785
	C:0435H            LINE#              3786
	C:0436H            LINE#              3787
	C:0437H            LINE#              3788
	C:0439H            LINE#              3789
	C:043AH            LINE#              3793
	C:043BH            LINE#              3794
	C:043CH            LINE#              3795
	C:043DH            LINE#              3796
	C:043EH            LINE#              3797
	C:043FH            LINE#              3798
	C:0440H            LINE#              3799
	C:0441H            LINE#              3801
	C:0442H            LINE#              3802
	C:0443H            LINE#              3803
	C:0445H            LINE#              3804
	C:0446H            LINE#              3805
	C:0447H            LINE#              3806
	C:0449H            LINE#              3807
	C:044AH            LINE#              3809
	C:044CH            LINE#              3814
	C:044DH            LINE#              3815
	C:044EH            LINE#              3816
	C:044FH            LINE#              3817
	C:0450H            LINE#              3818
	C:0451H            LINE#              3819
	C:0452H            LINE#              3820
	C:0453H            LINE#              3822
	C:0456H            LINE#              3823
	C:0458H            LINE#              3825
	C:0459H            LINE#              3826
	C:045AH            LINE#              3827
	C:045BH            LINE#              3828
	C:045CH            LINE#              3829
	C:045DH            LINE#              3830
	C:045EH            LINE#              3831
	C:045FH            LINE#              3833
	C:0462H            LINE#              3834
	C:0464H            LINE#              3836
	C:0465H            LINE#              3837
	C:0466H            LINE#              3838
LX51 CODE BANKING LINKER/LOCATOR V06.16.13.326             09/04/16  02:30:52

	C:0467H            LINE#              3839
	C:0468H            LINE#              3840
	C:0469H            LINE#              3841
	C:046AH            LINE#              3842
	C:046BH            LINE#              3845
	C:046EH            LINE#              3848
	C:046FH            LINE#              3849
	C:0470H            LINE#              3850
	C:0472H            LINE#              3851
	C:0473H            LINE#              3852
	C:0475H            LINE#              3853
	C:0477H            LINE#              3855
	C:0479H            LINE#              3859
	C:047AH            LINE#              3860
	C:047CH            LINE#              3862
	C:047DH            LINE#              3863
	C:047EH            LINE#              3864
	C:0480H            LINE#              3865
	C:0482H            LINE#              3868
	C:0484H            LINE#              3869
	C:0486H            LINE#              3870
	C:0488H            LINE#              3872
	C:048AH            LINE#              3874
	C:048BH            LINE#              3875
	C:048DH            LINE#              3876
	C:048FH            LINE#              3877
	C:0491H            LINE#              3878
	C:0493H            LINE#              3880
	C:0496H            LINE#              3881
	C:0498H            LINE#              3882
	C:049AH            LINE#              3886
	C:049CH            LINE#              3887
	C:049EH            LINE#              3889
	C:04A0H            LINE#              3893
	C:04A2H            LINE#              3894
	C:04A3H            LINE#              3895
	C:04A4H            LINE#              3897
	C:04A6H            LINE#              3898
	C:04A9H            LINE#              3900
	C:04ABH            LINE#              3902
	C:04AEH            LINE#              3904
	C:04B0H            LINE#              3906
	C:04B1H            LINE#              3909
	C:04B3H            LINE#              3910
	C:04B4H            LINE#              3911
	C:04B5H            LINE#              3912
	C:04B7H            LINE#              3913
	C:04B8H            LINE#              3915
	C:04B9H            LINE#              3916
	C:04BAH            LINE#              3917
	C:04BBH            LINE#              3918
	C:04BCH            LINE#              3919
	C:04BDH            LINE#              3920
	C:04BEH            LINE#              3921
	C:04BFH            LINE#              3923
	C:04C1H            LINE#              3924
	C:04C4H            LINE#              3926
	C:04C6H            LINE#              3927
	C:04C8H            LINE#              3930
	C:04CBH            LINE#              3932
	C:04CDH            LINE#              3933
	C:04CFH            LINE#              3936
	C:04D2H            LINE#              3938
	C:04D4H            LINE#              3941
	C:04D6H            LINE#              3943
	C:04D8H            LINE#              3946
	C:04DBH            LINE#              3948
	C:04DCH            LINE#              3949
LX51 CODE BANKING LINKER/LOCATOR V06.16.13.326             09/04/16  02:30:52

	C:04DDH            LINE#              3950
	C:04DFH            LINE#              3951
	C:04E0H            LINE#              3952
	C:04E1H            LINE#              3953
	C:04E2H            LINE#              3954
	C:04E4H            LINE#              3955
	C:04E5H            LINE#              3956
	C:04E8H            LINE#              3960
	C:04EAH            LINE#              3961
	C:04ECH            LINE#              3962
	C:04EEH            LINE#              3966
	C:04F1H            LINE#              3968
	C:04F2H            LINE#              3969
	C:04F3H            LINE#              3970
	C:04F4H            LINE#              3971
	C:04F5H            LINE#              3972
	C:04F6H            LINE#              3973
	C:04F7H            LINE#              3974
	C:04F8H            LINE#              3975
	C:04F9H            LINE#              3976
	C:04FBH            LINE#              3977
	C:04FCH            LINE#              3978
	C:04FDH            LINE#              3979
	C:04FFH            LINE#              3980
	C:0500H            LINE#              3981
	C:0502H            LINE#              3983
	C:0504H            LINE#              3984
	C:0506H            LINE#              3988
	C:0507H            LINE#              3989
	C:0508H            LINE#              3990
	C:050AH            LINE#              3991
	C:050BH            LINE#              3992
	C:050DH            LINE#              3993
	C:050FH            LINE#              3995
	C:0511H            LINE#              3996
	C:0513H            LINE#              3997
	C:0515H            LINE#              4000
	C:0516H            LINE#              4001
	C:0519H            LINE#              4002
	C:051AH            LINE#              4003
	C:051CH            LINE#              4004
	C:051EH            LINE#              4005
	C:051FH            LINE#              4006
	C:0520H            LINE#              4007
	C:0522H            LINE#              4008
	C:0524H            LINE#              4010
	C:0527H            LINE#              4013
	C:0529H            LINE#              4014
	C:052BH            LINE#              4015
	C:052EH            LINE#              4018
	C:052FH            LINE#              4019
	C:0530H            LINE#              4020
	C:0531H            LINE#              4021
	C:0532H            LINE#              4022
	C:0533H            LINE#              4023
	C:0534H            LINE#              4024
	C:0535H            LINE#              4027
	C:0538H            LINE#              4028
	C:0539H            LINE#              4029
	C:053BH            LINE#              4031
	C:053DH            LINE#              4033
	C:053EH            LINE#              4034
	C:053FH            LINE#              4035
	C:0540H            LINE#              4036
	C:0541H            LINE#              4037
	C:0542H            LINE#              4038
	C:0543H            LINE#              4039
	C:0545H            LINE#              4040
LX51 CODE BANKING LINKER/LOCATOR V06.16.13.326             09/04/16  02:30:52

	C:0546H            LINE#              4044
	C:0547H            LINE#              4045
	C:0548H            LINE#              4046
	C:054AH            LINE#              4047
	C:054BH            LINE#              4048
	C:054DH            LINE#              4049
	C:054FH            LINE#              4051
	C:0551H            LINE#              4055
	C:0553H            LINE#              4056
	C:0555H            LINE#              4057
	C:0558H            LINE#              4059
	C:055AH            LINE#              4061
	C:055CH            LINE#              4062
	C:055DH            LINE#              4063
	C:055FH            LINE#              4064
	C:0560H            LINE#              4065
	C:0562H            LINE#              4066
	C:0564H            LINE#              4067
	C:0565H            LINE#              4068
	C:0567H            LINE#              4070
	C:0569H            LINE#              4073
	C:056CH            LINE#              4074
	C:056FH            LINE#              4076
	C:0572H            LINE#              4079
	C:0575H            LINE#              4081
	C:0577H            LINE#              4083
	C:057AH            LINE#              4085
	C:057DH            LINE#              4088
	C:0580H            LINE#              4090
	C:0583H            LINE#              4092
	C:0585H            LINE#              4093
	C:0587H            LINE#              4094
	C:0589H            LINE#              4095
	C:058BH            LINE#              4096
	C:058EH            LINE#              4097
	C:058FH            LINE#              4110
	C:0591H            LINE#              4111
	C:0594H            LINE#              4114
	C:0596H            LINE#              4115
	C:0599H            LINE#              4118
	C:059BH            LINE#              4119
	C:059EH            LINE#              4122
	C:05A0H            LINE#              4123
	C:05A3H            LINE#              4126
	C:05A5H            LINE#              4127
	C:05A8H            LINE#              4130
	C:05AAH            LINE#              4131
	C:05ADH            LINE#              4134
	C:05AFH            LINE#              4136
	C:05B0H            LINE#              4137
	C:05B3H            LINE#              4138
	C:05B5H            LINE#              4139
	C:05B7H            LINE#              4140
	C:05B8H            LINE#              4151
	C:05BAH            LINE#              4152
	C:05BCH            LINE#              4153
	C:05BFH            LINE#              4156
	C:05C1H            LINE#              4157
	C:05C3H            LINE#              4158
	C:05C6H            LINE#              4161
	C:05C8H            LINE#              4162
	C:05CAH            LINE#              4163
	C:05CDH            LINE#              4166
	C:05CFH            LINE#              4167
	C:05D1H            LINE#              4168
	C:05D4H            LINE#              4171
	C:05D6H            LINE#              4172
	C:05D9H            LINE#              4173
LX51 CODE BANKING LINKER/LOCATOR V06.16.13.326             09/04/16  02:30:52

	C:05DAH            LINE#              4176
	C:05DCH            LINE#              4178
	C:05DDH            LINE#              4179
	C:05DFH            LINE#              4180
	C:05E2H            LINE#              4181
	C:05E4H            LINE#              4182
	C:05E7H            LINE#              4183
	C:05E9H            LINE#              4184
	C:05ECH            LINE#              4185
	C:05EEH            LINE#              4186
	C:05F1H            LINE#              4188
	C:05F2H            LINE#              4189
[...]
	C:16D9H            LINE#              171
	C:16DAH            LINE#              172
	C:16DBH            LINE#              173
	C:16DCH            LINE#              185
	C:16DDH            LINE#              187
	C:16E0H            LINE#              188
	C:16E3H            LINE#              189
	C:16E4H            LINE#              190
	C:16E5H            LINE#              191
	C:16E7H            LINE#              192
	C:16E9H            LINE#              193
	C:16EBH            LINE#              195
	C:16ECH            LINE#              197
	C:16EDH            LINE#              198
	C:16F0H            LINE#              199
	C:16F3H            LINE#              200
	C:16F4H            LINE#              201
	C:16F7H            LINE#              202
	C:16F8H            LINE#              213
	C:16FBH            LINE#              214
	C:16FEH            LINE#              215
	C:1701H            LINE#              216
	C:1704H            LINE#              217
	C:1707H            LINE#              218
	C:1708H            LINE#              219
	C:170BH            LINE#              220
	C:170CH            LINE#              250
	C:170FH            LINE#              251
	C:1711H            LINE#              252
	C:1713H            LINE#              254
	C:1716H            LINE#              255
	C:1718H            LINE#              256
	C:171AH            LINE#              258
	C:171BH            LINE#              269
	C:171DH            LINE#              270
	C:171FH            LINE#              271
	C:1721H            LINE#              272
	C:1724H            LINE#              274
	C:1726H            LINE#              275
LX51 CODE BANKING LINKER/LOCATOR V06.16.13.326             09/04/16  02:30:52

	C:1728H            LINE#              276
	C:1729H            LINE#              277
	C:172AH            LINE#              278
	C:172BH            LINE#              279
	C:172DH            LINE#              280
	C:172EH            LINE#              291
	C:1730H            LINE#              292
	C:1732H            LINE#              293
	C:1735H            LINE#              295
	C:1736H            LINE#              296
	C:1738H            LINE#              297
	C:1739H            LINE#              298
	C:173AH            LINE#              299
	C:173CH            LINE#              300
	C:173DH            LINE#              311
	C:173FH            LINE#              312
	C:1741H            LINE#              397
	C:1744H            LINE#              398
	C:1746H            LINE#              401
	C:1749H            LINE#              402
	C:174BH            LINE#              405
	C:174EH            LINE#              406
	C:1750H            LINE#              409
	C:1753H            LINE#              410
	C:1755H            LINE#              413
	C:1758H            LINE#              414
	C:175AH            LINE#              417
	C:175DH            LINE#              418
	C:175FH            LINE#              421
	C:1762H            LINE#              422
	C:1764H            LINE#              425
	C:1767H            LINE#              426
	C:1769H            LINE#              429
	C:176CH            LINE#              430
	C:176EH            LINE#              433
	C:1771H            LINE#              434
	C:1773H            LINE#              437
	C:1776H            LINE#              438
	C:1778H            LINE#              442
	C:1779H            LINE#              443
	C:177AH            LINE#              444
	C:177BH            LINE#              455
	C:177DH            LINE#              457
	C:1780H            LINE#              458
	C:1782H            LINE#              459
	C:1783H            LINE#              470
	C:1785H            LINE#              471
	C:1788H            LINE#              472
	C:178BH            LINE#              473
	C:178EH            LINE#              474
	C:1791H            LINE#              475
	C:1794H            LINE#              476
	C:1797H            LINE#              477
	C:179AH            LINE#              478
	C:179DH            LINE#              479
	C:17A0H            LINE#              480
	C:17A3H            LINE#              481
	C:17A6H            LINE#              482
	C:17A9H            LINE#              483
	C:17ACH            LINE#              484
	C:17AFH            LINE#              485
	C:17B1H            LINE#              486
	C:17B2H            LINE#              497
	C:17B4H            LINE#              498
	C:17B7H            LINE#              499
	C:17BAH            LINE#              500
	C:17BDH            LINE#              501
	C:17C0H            LINE#              502
LX51 CODE BANKING LINKER/LOCATOR V06.16.13.326             09/04/16  02:30:52

	C:17C3H            LINE#              503
	C:17C6H            LINE#              504
	C:17C9H            LINE#              505
	C:17CCH            LINE#              506
	C:17CFH            LINE#              507
	C:17D2H            LINE#              508
	C:17D5H            LINE#              509
	C:17D8H            LINE#              510
	C:17DBH            LINE#              511
	C:17DEH            LINE#              512
	C:17E0H            LINE#              513
	C:17E1H            LINE#              524
	C:17E3H            LINE#              525
	C:17E5H            LINE#              526
	C:17E7H            LINE#              528
	C:17EAH            LINE#              529
	C:17EDH            LINE#              530
	C:17F0H            LINE#              531
	C:17F3H            LINE#              532
	C:17F5H            LINE#              534
	C:17F8H            LINE#              535
	C:17FBH            LINE#              536
	C:17FDH            LINE#              537
	C:17FFH            LINE#              538
	C:1800H            LINE#              550
	C:1803H            LINE#              551
	C:1806H            LINE#              552
	C:1809H            LINE#              555
	C:180CH            LINE#              557
	C:180FH            LINE#              559
	C:1812H            LINE#              561
	C:1815H            LINE#              562
	C:1817H            LINE#              564
	C:1819H            LINE#              565
	C:181CH            LINE#              566
	C:181DH            LINE#              567
	C:181EH            LINE#              568
	C:1820H            LINE#              569
	C:1822H            LINE#              570
	C:1823H            LINE#              571
	C:1825H            LINE#              572
	C:1827H            LINE#              573
	C:1829H            LINE#              575
	C:182AH            LINE#              576
	C:182CH            LINE#              577
	C:182EH            LINE#              578
	C:1830H            LINE#              580
	C:1833H            LINE#              583
	C:1836H            LINE#              584
	C:1839H            LINE#              585
	C:183CH            LINE#              586
	C:183EH            LINE#              590
	C:1841H            LINE#              592
	C:1844H            LINE#              595
	C:1846H            LINE#              596
	C:1848H            LINE#              597
	C:1849H            LINE#              598
	C:184BH            LINE#              599
	C:184DH            LINE#              600
	C:184FH            LINE#              602
	C:1851H            LINE#              605
	C:1854H            LINE#              606
	C:1856H            LINE#              622
	C:1858H            LINE#              623
	C:1859H            LINE#              624
	C:185CH            LINE#              625
	C:185DH            LINE#              626
	C:185EH            LINE#              628
LX51 CODE BANKING LINKER/LOCATOR V06.16.13.326             09/04/16  02:30:52

	C:185FH            LINE#              629
	C:1860H            LINE#              630
	C:1862H            LINE#              631
	C:1863H            LINE#              632
	C:1865H            LINE#              633
	C:1867H            LINE#              636
	C:186AH            LINE#              637
	C:186DH            LINE#              638
	C:186FH            LINE#              650
	C:1870H            LINE#              651
	C:1872H            LINE#              652
	C:1874H            LINE#              654
	C:1876H            LINE#              655
	C:1878H            LINE#              658
	C:187BH            LINE#              659
	C:187EH            LINE#              660
	C:1880H            LINE#              664
	C:1883H            LINE#              666
	C:1C00H            LINE#              45
	C:1C02H            LINE#              47
	C:1C04H            LINE#              50
	C:1C07H            LINE#              57
	C:1C0AH            LINE#              60
	C:1C0DH            LINE#              66
	C:1C10H            LINE#              67
	C:1C13H            LINE#              68
	C:1C16H            LINE#              69
	C:1C18H            LINE#              71
	C:1C1BH            LINE#              72
	C:1C1EH            LINE#              75
	C:1C21H            LINE#              80
	C:1C24H            LINE#              81
	C:1C27H            LINE#              82
	C:1C2AH            LINE#              83
	C:1C2CH            LINE#              85
	C:1C2EH            LINE#              88
	C:1C30H            LINE#              89
	C:1C32H            LINE#              90
	C:1C34H            LINE#              91
	C:1C37H            LINE#              92
	C:1C3AH            LINE#              93
	C:1C3DH            LINE#              94
	C:1C3FH            LINE#              95
	C:1C42H            LINE#              96
	C:1C45H            LINE#              99
	C:1C48H            LINE#              100
	C:1C4AH            LINE#              103
	C:1C4DH            LINE#              104
	C:1C4FH            LINE#              105
	C:1C51H            LINE#              106
	C:1C53H            LINE#              108
	C:1C55H            LINE#              110
	C:1C58H            LINE#              111
	C:1C5AH            LINE#              112
	C:1C5CH            LINE#              113
	C:1C5EH            LINE#              115
	C:1C60H            LINE#              117
	C:1C62H            LINE#              118
	C:1C63H            LINE#              119
	C:1C64H            LINE#              120
	C:1C65H            LINE#              121
	C:1C66H            LINE#              122
	C:1C67H            LINE#              123
	C:1C69H            LINE#              124
	C:1C6BH            LINE#              125
	C:1C6DH            LINE#              128
	C:1C6FH            LINE#              130
	C:1C71H            LINE#              131
LX51 CODE BANKING LINKER/LOCATOR V06.16.13.326             09/04/16  02:30:52

	C:1C73H            LINE#              132
	C:1C75H            LINE#              135
	C:1C77H            LINE#              136
	C:1C78H            LINE#              137
	C:1C79H            LINE#              138
	C:1C7AH            LINE#              139
	C:1C7BH            LINE#              140
	C:1C7DH            LINE#              141
	C:1C7FH            LINE#              148
	C:1C81H            LINE#              149
	C:1C83H            LINE#              150
	C:1C86H            LINE#              151
	C:1C89H            LINE#              152
	C:1C8BH            LINE#              153
	C:1C8CH            LINE#              154
	C:1C8DH            LINE#              155
	C:1C8EH            LINE#              156
	C:1C8FH            LINE#              157
	C:1C90H            LINE#              158
	C:1C91H            LINE#              159
	C:1C93H            LINE#              160
	C:1C95H            LINE#              162
	C:1C97H            LINE#              163
	C:1C99H            LINE#              164
	C:1C9BH            LINE#              165
	C:1C9CH            LINE#              166
	C:1C9FH            LINE#              168
	C:1CA1H            LINE#              169
	C:1CA3H            LINE#              171
	C:1CA5H            LINE#              172
	C:1CA7H            LINE#              173
	C:1CA9H            LINE#              174
	C:1CAAH            LINE#              175
	C:1CABH            LINE#              176
	C:1CADH            LINE#              177
	C:1CAFH            LINE#              178
	C:1CB1H            LINE#              180
	C:1CB4H            LINE#              183
	C:1CB5H            LINE#              184
	C:1CB7H            LINE#              185
	C:1CBAH            LINE#              186
	C:1CBDH            LINE#              187
	C:1CC0H            LINE#              188
	C:1CC3H            LINE#              189
	C:1CC6H            LINE#              190
	C:1CC8H            LINE#              193
	C:1CCAH            LINE#              194
	C:1CCCH            LINE#              195
	C:1CCDH            LINE#              196
	C:1CCEH            LINE#              197
	C:1CD0H            LINE#              198
	C:1CD2H            LINE#              199
	C:1CD4H            LINE#              201
	C:1CD6H            LINE#              202
	C:1CD7H            LINE#              204
	C:1CD9H            LINE#              206
	C:1CDAH            LINE#              207
	C:1CDCH            LINE#              209
	C:1CDDH            LINE#              210
	C:1CDFH            LINE#              212
	C:1CE0H            LINE#              213
	C:1CE1H            LINE#              214
	C:1CE3H            LINE#              215
	C:1CE5H            LINE#              218
	C:1CE6H            LINE#              219
	C:1CE8H            LINE#              220
	C:1CEAH            LINE#              221
	C:1CECH            LINE#              222
LX51 CODE BANKING LINKER/LOCATOR V06.16.13.326             09/04/16  02:30:52

	C:1CEDH            LINE#              223
	C:1CEFH            LINE#              224
	C:1CF1H            LINE#              225
	C:1CF3H            LINE#              226
	C:1CF5H            LINE#              227
	C:1CF7H            LINE#              228
	C:1CFAH            LINE#              231
	C:1CFDH            LINE#              232
	C:1D00H            LINE#              233
	C:1D03H            LINE#              234
	C:1D06H            LINE#              235
	C:1D07H            LINE#              236
	C:1D0AH            LINE#              239
	C:1D0CH            LINE#              240
	C:1D0EH            LINE#              241
	C:1D0FH            LINE#              242
	C:1D10H            LINE#              243
	C:1D13H            LINE#              244
	C:1D16H            LINE#              245
	C:1D18H            LINE#              246
	C:1D1AH            LINE#              247
	C:1D1CH            LINE#              250
	C:1D1DH            LINE#              251
	C:1D1FH            LINE#              252
	C:1D21H            LINE#              253
	C:1D23H            LINE#              255
	C:1D24H            LINE#              256
	C:1D26H            LINE#              259
	C:1D28H            LINE#              261
	C:1D29H            LINE#              262
	C:1D2CH            LINE#              263
	C:1D2FH            LINE#              264
	C:1D30H            LINE#              265
	C:1D31H            LINE#              266
	C:1D33H            LINE#              268
	C:1D36H            LINE#              269
	C:1D38H            LINE#              272
	C:1D3AH            LINE#              273
	C:1D3DH            LINE#              275
	C:1D3EH            LINE#              276
	C:1D3FH            LINE#              277
	C:1D40H            LINE#              278
	C:1D41H            LINE#              279
	C:1D43H            LINE#              280
	C:1D45H            LINE#              282
	C:1D47H            LINE#              283
	C:1D49H            LINE#              285
	C:1D4BH            LINE#              291
	C:1D4DH            LINE#              292
	C:1D4FH            LINE#              293
	C:1D51H            LINE#              294
	C:1D52H            LINE#              295
	C:1D53H            LINE#              296
	C:1D54H            LINE#              297
	C:1D56H            LINE#              298
	C:1D59H            LINE#              299
	C:1D5AH            LINE#              300
	C:1D5CH            LINE#              301
	C:1D5DH            LINE#              302
	C:1D5FH            LINE#              303
	C:1D61H            LINE#              304
	C:1D62H            LINE#              305
	C:1D64H            LINE#              306
	C:1D66H            LINE#              308
	C:1D69H            LINE#              309
	C:1D6CH            LINE#              311
	C:1D6FH            LINE#              315
	C:1D71H            LINE#              316
LX51 CODE BANKING LINKER/LOCATOR V06.16.13.326             09/04/16  02:30:52

	C:1D73H            LINE#              317
	C:1D76H            LINE#              318
	C:1D77H            LINE#              319
	C:1D78H            LINE#              320
	C:1D7BH            LINE#              321
	C:1D7DH            LINE#              322
	C:1D80H            LINE#              323
	C:1D82H            LINE#              324
	C:1D84H            LINE#              325
	C:1D85H            LINE#              326
	C:1D86H            LINE#              327
	C:1D88H            LINE#              329
	C:1D8AH            LINE#              331
	C:1D8DH            LINE#              333
	C:1D8EH            LINE#              337
	C:1D90H            LINE#              338
	C:1D91H            LINE#              339
	C:1D92H            LINE#              340
	C:1D95H            LINE#              341
	C:1D97H            LINE#              343
	C:1D9AH            LINE#              344
	C:1D9CH            LINE#              346
	C:1D9FH            LINE#              347
	C:1DA1H            LINE#              348
	C:1DA3H            LINE#              349
	C:1DA4H            LINE#              350
	C:1DA5H            LINE#              351
	C:1DA6H            LINE#              352
	C:1DA7H            LINE#              353
	C:1DA8H            LINE#              354
	C:1DA9H            LINE#              355
	C:1DAAH            LINE#              356
	C:1DACH            LINE#              357
	C:1DAEH            LINE#              358
	C:1DAFH            LINE#              359
	C:1DB0H            LINE#              360
	C:1DB1H            LINE#              361
	C:1DB4H            LINE#              362
	C:1DB6H            LINE#              364
	C:1DB7H            LINE#              365
	C:1DBAH            LINE#              366
	C:1DBDH            LINE#              368
	C:1DBEH            LINE#              369
	C:1DC0H            LINE#              370
	C:1DC1H            LINE#              371
	C:1DC3H            LINE#              372
	C:1DC5H            LINE#              373
	C:1DC6H            LINE#              374
	C:1DC8H            LINE#              375
	C:1DCAH            LINE#              377
	C:1DCDH            LINE#              378
	C:1DD0H            LINE#              380
	C:1DD3H            LINE#              382
	C:1DD5H            LINE#              383
	C:1DD7H            LINE#              384
	C:1DD9H            LINE#              385
	C:1DDBH            LINE#              386
	C:1DDCH            LINE#              390
	C:1DDEH            LINE#              391
	C:1DE0H            LINE#              392
	C:1DE1H            LINE#              393
	C:1DE2H            LINE#              394
	C:1DE4H            LINE#              395
	C:1DE6H            LINE#              397
	C:1DE8H            LINE#              398
	C:19FDH            LINE#              8306
	-------            ENDMOD             BLHELI

LX51 CODE BANKING LINKER/LOCATOR V06.16.13.326             09/04/16  02:30:52

----------------------
SUGGESTED OPTIMIZATION
----------------------
Warning: 15 (FH) data bytes in the range [00H-80H] are available for storage.&

         Consider using some of these for 'data' variables in your source fil&
es.


LINK/LOCATE RUN COMPLETE, 1 WARNING  FOUND.

