LX51 CODE BANKING LINKER/LOCATOR V06.16.13.326                                 09/04/16  02:30:57
MS-DOS LX51 CODE BANKING LINKER/LOCATOR V06.16.13.326,  INVOKED BY:
C:\Dev\Raisonance\Ride\bin\lx51.exe Output\EMAX_Lightning_20A_REV14_75.OBJ TO(Output\EMAX_Lightni&
ng_20A_REV14_75.OMF) RS(256) PL(68) PW(78) OUTPUTSUMMARY LIBPATH(C:\Dev\Raisonance\Ride\lib\51) 


INPUT MODULES INCLUDED
  OUTPUT\EMAX_LIGHTNING_20A_REV14_75.OBJ(BLHELI)


LINK MAP OF MODULE: OUTPUT\EMAX_LIGHTNING_20A_REV14_75.OMF (EMAX_LIGHTNING_20&
A_REV14_75)

    TYPE     BASE       LENGTH    RELOCATION     SEGMENT NAME
    ----     ----       ------    ----------     ------------

    * * * * * * *   DATA/IDATA    M E M O R Y   * * * * * * *
    REG      0000H      0008H     ABSOLUTE       "REG BANK 0"
             0008H      0018H                    *** GAP ***
    DATA     0020H      0010H     ABSOLUTE       
    

***WARNING 6: DATA SPACE MEMORY OVERLAP
   AT ADDRESS: 0020,(BLHELI,BLHELI)
    DATA     0020H      000BH     ABSOLUTE       
    DATA     0030H      004EH     ABSOLUTE       
             007EH      0002H                    *** GAP ***
    IDATA    0080H      0028H     ABSOLUTE       
             00A8H      0028H                    *** GAP ***
    IDATA    00D0H      0030H     ABSOLUTE       

    * * * * * * *   CODE          M E M O R Y   * * * * * * *
    CODE     0000H      0003H     ABSOLUTE       
             0003H      0008H                    *** GAP ***
    CODE     000BH      0003H     ABSOLUTE       
             000EH      001DH                    *** GAP ***
    CODE     002BH      0003H     ABSOLUTE       
             002EH      002DH                    *** GAP ***
    CODE     005BH      0003H     ABSOLUTE       
             005EH      0015H                    *** GAP ***
    CODE     0073H      0003H     ABSOLUTE       
             0076H      000AH                    *** GAP ***
    CODE     0080H      1862H     ABSOLUTE       
             18E2H      011BH                    *** GAP ***
    CODE     19FDH      0003H     ABSOLUTE       
    CODE     1A00H      0029H     ABSOLUTE       
             1A29H      0017H                    *** GAP ***
    CODE     1A40H      0010H     ABSOLUTE       
    CODE     1A50H      0010H     ABSOLUTE       
    CODE     1A60H      0010H     ABSOLUTE       
             1A70H      0190H                    *** GAP ***
    CODE     1C00H      01F7H     ABSOLUTE       

EXECUTABLE SUMMARY:
-------------------
    Total INTERNAL RAM storage requirement:  00BEH (190)
    Total EXTERNAL RAM storage requirement:  0000H (0)
    Total     CODE     storage requirement:  1AC4H (6852)
Note:  Summary does not include dynamic stack requirements


REFERENCE MAP OF MODULE: OUTPUT\EMAX_LIGHTNING_20A_REV14_75.OMF (EMAX_LIGHTNING_20A_REV14_75)

SEGMENT                           BI_GROUP            DT_GROUP             ID_GROUP             XD_GROUP
  +--> CALLED SEGMENT          START    LENGTH     START    LENGTH     START    LENGTH     START    LENGTH
--------------------------------------------------------------------------------------

SYMBOL TABLE FOR OUTPUT\EMAX_LIGHTNING_20A_REV14_75.OMF(BLHELI)
----------------------------------------------------------------

LX51 CODE BANKING LINKER/LOCATOR V06.16.13.326             09/04/16  02:30:57

    VALUE              TYPE               NAME
    -----              ----               ----

	-------            MODULE             BLHELI
	C:1CCEH            SYMBOL             SET4
	C:1C55H            SYMBOL             ID3
	D:0028H            SYMBOL             BYTE_CNTH
	D:0023H            SYMBOL             CRCH
	C:15EDH            SYMBOL             NORMAL_RUN_CHECK_STARTUP_ROT
	C:104EH            SYMBOL             DECODE_DEMAG_HIGH
	C:0EFBH            SYMBOL             COMM61_DAMP_REV
	C:0D2FH            SYMBOL             COMM12_NFET_DONE
	C:0BCDH            SYMBOL             WAIT_BEFORE_ZC_SCAN_EXIT
	C:08A4H            SYMBOL             CHECK_TEMP_VOLTAGE_AND_LIMIT_POWER
	C:0821H            SYMBOL             GOVERNOR_LIMIT_INT_CORR_POS
	C:07E9H            SYMBOL             GOVERNOR_CORR_NEG_PROP
	C:0471H            SYMBOL             PCA_INT_PPM_BELOW_FULL_RANGE
	C:0286H            SYMBOL             T2_INT_CURRENT_PWM_NO_DITHER
	C:1A10H            SYMBOL             _EEP_MAIN_REARM_START
	D:0079H            SYMBOL             TIMER0_OVERFLOW_VALUE
	D:0072H            SYMBOL             PPM_THROTTLE_GAIN
	D:006FH            SYMBOL             LIPO_ADC_LIMIT_H
	D:005EH            SYMBOL             CURR_RCP_PWM_FREQ
	D:0058H            SYMBOL             RCP_EDGE_H
	D:002FH            SYMBOL             FLAGS3
	D:0027H            SYMBOL             RCP_PREV_EDGE_L
	B:00EDH            SYMBOL             AD0INT
	B:00C1H            SYMBOL             ACK1
	D:0099H            SYMBOL             SBUF0
	D:0080H            SYMBOL             P0
	D:0082H            SYMBOL             DPL
	D:00C6H            SYMBOL             ADC0LTH
	D:00BEH            SYMBOL             ADC0H
	C:1CD4H            SYMBOL             SET5
	C:1C60H            SYMBOL             ID4
	C:1844H            SYMBOL             FUNCTION_BEEP
	C:1491H            SYMBOL             INIT_START
	C:1326H            SYMBOL             PROGRAM_BY_TX_ENTRY_PWM
	C:107DH            SYMBOL             FIND_THROTTLE_GAIN_CALCULATE
	C:0E5FH            SYMBOL             COMM45_NONDAMP
	C:0E11H            SYMBOL             COMM4COMM5
	C:0A17H            SYMBOL             CALC_NEW_WAIT_TIMES_SETUP
	C:0896H            SYMBOL             SET_PWM_LIMIT_HIGH_RPM_INC_LIMIT
	C:03F6H            SYMBOL             PCA_INT_RESTORE_EDGE_SET_MSB
	C:02BBH            SYMBOL             T2H_INT_RCP_STOP
	C:00FBH            SYMBOL             T0_INT_PWM_OFF_DAMP_DONE
	C:1A19H            SYMBOL             EEP_PGM_PPM_MIN_THROTTLE
	D:006DH            SYMBOL             MAIN_SPOOLUP_TIME_15X
	D:0068H            SYMBOL             RANDOM
	D:0065H            SYMBOL             PWM_MOTOR_IDLE
	D:005DH            SYMBOL             PREV_RCP_PWM_FREQ
	D:0041H            SYMBOL             COMM_PERIOD4X_H
	B:00C6H            SYMBOL             TXMODE0
	B:00AEH            SYMBOL             ESPI0
	D:00D3H            SYMBOL             SFRSTACK
	D:00EFH            SYMBOL             RSTSRC
	D:0090H            SYMBOL             P1
	D:0084H            SYMBOL             IPH
	D:009EH            SYMBOL             CRC0DAT
	D:00DDH            SYMBOL             CRC0AUTO
	D:00BCH            SYMBOL             ADC0CF
	C:1CDCH            SYMBOL             SET6
	C:1C6DH            SYMBOL             ID5
	C:1852H            SYMBOL             PARAVAL_BEEP
	C:17CBH            SYMBOL             STORE_MULTI_FUNC_10
	C:16A3H            SYMBOL             RUN_TO_WAIT_FOR_POWER_ON_BRAKE_DONE
	C:0E3BH            SYMBOL             COMM45_DAMP_REV
	C:0DB6H            SYMBOL             COMM23_NFET_DONE
LX51 CODE BANKING LINKER/LOCATOR V06.16.13.326             09/04/16  02:30:57

	C:0778H            SYMBOL             GOVERNOR_CHECK_PWM
	C:06D3H            SYMBOL             GOVERNOR_ACTIVATE
	C:0137H            SYMBOL             PWM_AFET_DAMPED_DONE
	C:1A27H            SYMBOL             EEP_PGM_BRAKE_ON_STOP
	C:1A0FH            SYMBOL             EEP_ENABLE_TX_PROGRAM
	D:0037H            SYMBOL             DEMAG_DETECTED_METRIC
	B:00CCH            SYMBOL             TF2CEN
	B:00C6H            SYMBOL             TXMODE1
	B:00C3H            SYMBOL             ACKRQ0
	D:00A0H            SYMBOL             P2
	D:00FDH            SYMBOL             P0MAT
	D:00E3H            SYMBOL             OSCLCN
	D:00F0H            SYMBOL             B
	C:1D92H            SYMBOL             GETC
	D:0026H            SYMBOL             BIT_CNT
	C:17D0H            SYMBOL             STORE_MULTI_FUNC_11
	C:1769H            SYMBOL             WRITE_EEPROM_SIGNATURE
	C:141BH            SYMBOL             WAIT_FOR_POWER_ON
	C:16F3H            SYMBOL             ERASE_AND_STORE_ALL_IN_EEPROM
	C:1386H            SYMBOL             THROTTLE_LOW_CAL_START
	C:1309H            SYMBOL             ARMING_INITIAL_ARM_CHECK
	C:13E6H            SYMBOL             PROGRAM_BY_TX_CHECKED
	C:1076H            SYMBOL             FIND_THROTTLE_GAIN_CHECK_FULL
	C:0F6FH            SYMBOL             SET_DEFAULT_PARAMETERS
	C:0EB7H            SYMBOL             COMM56_REV
	C:0E9AH            SYMBOL             COMM5COMM6
	C:0D93H            SYMBOL             COMM23_NFET_OFF_REV
	C:0C4BH            SYMBOL             COMP_READ_WRONG_EXTEND_TIMEOUT
	C:0C81H            SYMBOL             COMP_READ_OK
	C:0AB8H            SYMBOL             CALC_NEW_WAIT_TIMES_FAST_DONE
	C:0961H            SYMBOL             CALC_NEXT_COMM_TIMING
	C:0709H            SYMBOL             CALC_GOVERNOR_TARGET_EXIT
	C:0607H            SYMBOL             BEEP_ANFET_OFF
	C:041BH            SYMBOL             PCA_INT_STORE_DATA
	C:0204H            SYMBOL             T2_INT_RCP_GAIN_POS
	C:01C6H            SYMBOL             T2_INT_RCP_UPDATE_START
	C:0143H            SYMBOL             PWM_BFET_DAMPED_DONE
	C:19FDH            SYMBOL             RESET
	C:1A1AH            SYMBOL             EEP_PGM_PPM_MAX_THROTTLE
	I:00A5H            SYMBOL             PGM_GOV_P_GAIN_DECODED
	I:00A0H            SYMBOL             PGM_ENABLE_TEMP_PROT
	I:009BH            SYMBOL             _PGM_THROTTLE_RATE
	I:008FH            SYMBOL             _PGM_STARTUP_RPM
	D:0062H            SYMBOL             PWM_LIMIT_SPOOLUP
	D:0056H            SYMBOL             RCP_PREPREV_EDGE_H
	D:004FH            SYMBOL             WT_ZC_SCAN_START_L
	D:002BH            SYMBOL             RCP_SKIP_CNTD
	B:00C3H            SYMBOL             ACKRQ1
	D:0081H            SYMBOL             SP
	D:00C0H            SYMBOL             SMB0CN
	D:0098H            SYMBOL             SCON0
	D:00EDH            SYMBOL             P1MAT
	C:1D0AH            SYMBOL             PRO3
	C:1DE9H            SYMBOL             BOOT_SIGN
	D:0027H            SYMBOL             BYTE_CNTL
	D:0025H            SYMBOL             BAUDH
	D:0022H            SYMBOL             CRCL
	C:18C3H            SYMBOL             FUNCTION_NEXT
	C:1353H            SYMBOL             THROTTLE_HIGH_CAL
	C:0F36H            SYMBOL             COMM61_NFET_DONE
	C:0DEFH            SYMBOL             COMM34_NFET_DONE
	C:0B6EH            SYMBOL             STORE_TIMES_INCREASE_FAST
	C:09CAH            SYMBOL             CALC_NEXT_COMM_NORMAL
	C:094FH            SYMBOL             STARTUP_PWM_SET_PWM
	C:014FH            SYMBOL             PWM_CFET_DAMPED_DONE
	I:0088H            SYMBOL             PGM_DIRECTION
	I:0087H            SYMBOL             PGM_PWM_FREQ
	D:006EH            SYMBOL             LIPO_ADC_LIMIT_L
LX51 CODE BANKING LINKER/LOCATOR V06.16.13.326             09/04/16  02:30:57

	D:0057H            SYMBOL             RCP_EDGE_L
	D:0036H            SYMBOL             STALL_CNT
	B:00D6H            SYMBOL             AC
	D:00C0H            SYMBOL             SMB1CN
	D:00E7H            SYMBOL             SMB0ADM
	D:00E6H            SYMBOL             EIE1
	D:00BAH            SYMBOL             AMX0N
	D:00C5H            SYMBOL             ADC0LTL
	D:00BDH            SYMBOL             ADC0L
	C:1D16H            SYMBOL             PRO4
	C:1C7FH            SYMBOL             MAIN
	C:18ADH            SYMBOL             PARAVAL_NEXT
	C:1739H            SYMBOL             WRITE_EEPROM_BYTE
	C:12BFH            SYMBOL             TEST_FOR_ONESHOT
	C:126CH            SYMBOL             MEASURE_PWM_FREQ_INIT
	C:0F13H            SYMBOL             COMM61_NFET_OFF_REV
	C:0F57H            SYMBOL             COMM_EXIT
	C:07FAH            SYMBOL             CALC_GOVERNOR_INT_CORRECTION
	C:060CH            SYMBOL             BEEP_CNFET_OFF
	C:05F5H            SYMBOL             BEEP_ANFET_ON
	C:0492H            SYMBOL             PCA_INT_PPM_CHECK_FULL_RANGE
	C:0526H            SYMBOL             PCA_INT_PWM_DIVIDE
	C:0463H            SYMBOL             PCA_INT_FALL_CHECK_RANGE
	C:0549H            SYMBOL             PCA_INT_LIMITED
	C:020BH            SYMBOL             T2_INT_PWM_UPDATE
	C:00E3H            SYMBOL             T0_INT_PWM_OFF_DAMPED
	C:1A28H            SYMBOL             EEP_DUMMY
	C:1A25H            SYMBOL             EEP_PGM_ENABLE_PWM_INPUT
	C:1A13H            SYMBOL             _EEP_PGM_STARTUP_ACCEL
	C:1A02H            SYMBOL             EEP_LAYOUT_REVISION
	I:009EH            SYMBOL             PGM_PPM_CENTER_THROTTLE
	I:008EH            SYMBOL             PGM_GOV_SETUP_TARGET
	D:007AH            SYMBOL             CLOCK_SET_AT_48MHZ
	D:0040H            SYMBOL             COMM_PERIOD4X_L
	D:0022H            SYMBOL             REQUESTED_PWM
	B:00D2H            SYMBOL             OV
	B:009DH            SYMBOL             MCE0
	D:00E7H            SYMBOL             SMB1ADM
	D:00CEH            SYMBOL             PCA0CLR
	D:00AFH            SYMBOL             EIE2
	C:1DE2H            SYMBOL             WAIT1
	C:1D1CH            SYMBOL             PRO5
	C:1873H            SYMBOL             FUNC_PARAVAL_WAIT
	C:1792H            SYMBOL             WRITE_TAG
	C:16CAH            SYMBOL             READ_EEPROM_STORE_DEFAULTS
	C:1615H            SYMBOL             RUN6_CHECK_DIR
	C:1532H            SYMBOL             RUN1
	C:148AH            SYMBOL             WAIT_FOR_POWER_ON_CHECK_TIMEOUT
	C:127DH            SYMBOL             MEASURE_PWM_FREQ_WAIT
	C:11BDH            SYMBOL             CLEAR_RAM
	C:1062H            SYMBOL             SET_BEC_VOLTAGE
	C:1054H            SYMBOL             DECODE_DEMAG_DONE
	C:0E76H            SYMBOL             COMM45_NFET_DONE
	C:0CD4H            SYMBOL             WAIT_FOR_COMM
	C:0B61H            SYMBOL             ADJUST_TIMING_TWO_STEPS_FAST
	C:073EH            SYMBOL             CALC_GOVERNOR_PROP_ERROR_EXIT
	C:0627H            SYMBOL             DIV_U16_BY_U16_DIV1
	C:059BH            SYMBOL             WAIT100MS
	C:0587H            SYMBOL             WAIT1MS
	C:008DH            SYMBOL             STARTUP_POWER_TABLE
	C:1A1BH            SYMBOL             EEP_PGM_BEEP_STRENGTH
	D:007CH            SYMBOL             FLASH_KEY_1
	D:0077H            SYMBOL             SKIP_T2_INT
	D:0076H            SYMBOL             TX_PGM_BEEP_NO
	D:006AH            SYMBOL             SPOOLUP_LIMIT_SKIP
	D:0052H            SYMBOL             WT_ZC_TOUT_START_H
	B:00FDH            SYMBOL             MODF
	B:00C4H            SYMBOL             STO0
LX51 CODE BANKING LINKER/LOCATOR V06.16.13.326             09/04/16  02:30:57

	B:00AFH            SYMBOL             EA
	D:008FH            SYMBOL             PSCTL
	D:0097H            SYMBOL             IDA0H
	D:00BBH            SYMBOL             AMX0P
	C:1D3DH            SYMBOL             RD1
	C:1D33H            SYMBOL             PRO6
	C:1C2EH            SYMBOL             ABD
	C:183EH            SYMBOL             FUNCTION_PARAVAL_BEEP
	C:179AH            SYMBOL             STORE_NEW_VALUE_IN_RAM
	C:1541H            SYMBOL             RUN2
	C:1313H            SYMBOL             ARMING_PPM_CHECK
	C:0E53H            SYMBOL             COMM45_NFET_OFF_REV
	C:0D73H            SYMBOL             COMM23_FETS_DONE
	C:0C5EH            SYMBOL             COMP_READ_WRONG_TIMEOUT_SET
	C:0B46H            SYMBOL             STORE_TIMES_EXIT
	C:0B7CH            SYMBOL             WAIT_BEFORE_ZC_SCAN
	C:0931H            SYMBOL             CHECK_VOLTAGE_PWM_DONE
	C:0840H            SYMBOL             GOVERNOR_CORR_INT_MIN_PWM
	C:073AH            SYMBOL             GOVERNOR_STORE_PROP_ERROR
	C:0631H            SYMBOL             DIV_U16_BY_U16_DIV2
	C:05FCH            SYMBOL             BEEP_CNFET_ON
	C:05A0H            SYMBOL             WAIT200MS
	C:01FBH            SYMBOL             T2_INT_RCP_GAIN_CORR
	C:0235H            SYMBOL             T2_INT_CURRENT_PWM_UPDATE
	C:0171H            SYMBOL             T2_INT_PULSES_ABSENT
	C:00C0H            SYMBOL             T0_INT_PWM_ON_RET
	C:1A09H            SYMBOL             EEP_PGM_STARTUP_PWR
	I:009FH            SYMBOL             PGM_MAIN_SPOOLUP_TIME
	I:0083H            SYMBOL             PGM_LOW_VOLTAGE_LIM
	D:007DH            SYMBOL             FLASH_KEY_2
	D:0055H            SYMBOL             RCP_PREPREV_EDGE_L
	B:00C4H            SYMBOL             STO1
	B:00C2H            SYMBOL             ARBLOST0
	D:00E4H            SYMBOL             IT01CF
	D:0097H            SYMBOL             IDA1H
	D:00ABH            SYMBOL             DERIVID
	D:00E0H            SYMBOL             ACC
	C:1C81H            SYMBOL             MAI1
	C:1C77H            SYMBOL             IN1
	D:0024H            SYMBOL             BAUDL
	C:155FH            SYMBOL             RUN3
	C:0EAFH            SYMBOL             COMM56_NFET_DONE
	C:0C21H            SYMBOL             COMP_CHECK_TIMEOUT_TIMEOUT_EXTENDED
	C:0828H            SYMBOL             GOVERNOR_LIMIT_INT_CORR_NEG
	C:0760H            SYMBOL             GOVERNOR_CHECK_INT_LIMIT_POS
	C:0648H            SYMBOL             DIV_U16_BY_U16_DIV3
	C:058CH            SYMBOL             WAIT3MS
	C:01A6H            SYMBOL             T2_INT_PULSES_ABSENT_NO_MAX
	C:1A1FH            SYMBOL             EEP_PGM_DEMAG_COMP
	C:1A00H            SYMBOL             EEP_FW_MAIN_REVISION
	I:0096H            SYMBOL             PGM_PPM_MIN_THROTTLE
	I:008BH            SYMBOL             INITIALIZED_H_DUMMY
	D:0047H            SYMBOL             GOV_INTEGRAL_H
	D:0032H            SYMBOL             POWER_ON_WAIT_CNT_H
	B:00EFH            SYMBOL             AD0EN
	B:00C2H            SYMBOL             ARBLOST1
	B:00ACH            SYMBOL             ES0
	B:009FH            SYMBOL             S0MODE
	D:00FFH            SYMBOL             VDM0CN
	D:00D2H            SYMBOL             TS0CN
	D:00A7H            SYMBOL             SFRPAGE
	D:00F1H            SYMBOL             P0MDIN
	D:009DH            SYMBOL             CPT0MD
	D:009BH            SYMBOL             CPT0CN
	C:1D53H            SYMBOL             PUTP
	C:1CC8H            SYMBOL             SETBUF
	C:1CA3H            SYMBOL             MAI2
	C:186CH            SYMBOL             BEEP_NO_ENTRY
LX51 CODE BANKING LINKER/LOCATOR V06.16.13.326             09/04/16  02:30:57

	C:16AFH            SYMBOL             JMP_WAIT_FOR_POWER_ON
	C:15CFH            SYMBOL             DIRECT_START_CHECK_RCP
	C:1571H            SYMBOL             RUN4
	C:10E9H            SYMBOL             WAIT_US_100_M1
	C:0EF3H            SYMBOL             COMM61_FETS_DONE
	C:0DBEH            SYMBOL             COMM23_NONDAMP_REV
	C:0C93H            SYMBOL             COMP_READ_OK_JMP
	C:0B11H            SYMBOL             STORE_TIMES_UP_OR_DOWN
	C:0B25H            SYMBOL             STORE_TIMES_DECREASE
	C:09FCH            SYMBOL             CALC_NEXT_COMM_NEW_PERIOD_DIV
	C:08DCH            SYMBOL             TEMP_AVERAGE_INC
	C:0851H            SYMBOL             GOVERNOR_CORR_INT_MAX_PWM
	C:0657H            SYMBOL             MULT_S16_BY_U8_DIV_16
	C:05D2H            SYMBOL             BEEP_START
	C:04E6H            SYMBOL             PCA_INT_PPM_NEG_CHECKED
	C:0293H            SYMBOL             T2_INT_EXIT
	C:1A16H            SYMBOL             _EEP_PGM_DAMPING_FORCE
	C:1A08H            SYMBOL             _EEP_PGM_MOTOR_IDLE
	I:00A4H            SYMBOL             PGM_BRAKE_ON_STOP
	D:0067H            SYMBOL             PWM_DITHER_EXCESS_POWER
	D:0030H            SYMBOL             INITIAL_ARM
	B:00DFH            SYMBOL             CF
	B:00A9H            SYMBOL             ET0
	D:00D7H            SYMBOL             SMB0ADR
	D:00F2H            SYMBOL             P1MDIN
	D:00A4H            SYMBOL             P0MDOUT
	D:00E8H            SYMBOL             ADC0CN
	C:1D59H            SYMBOL             PUT1
	C:1778H            SYMBOL             READ_TAGS
	C:1583H            SYMBOL             RUN5
	C:1114H            SYMBOL             WAIT_US_100_M2
	C:0C14H            SYMBOL             COMP_SCALE_SAMPLES
	C:0A6EH            SYMBOL             CALC_NEW_WAIT_TIMES_EXIT
	C:0886H            SYMBOL             SET_PWM_LIMIT_HIGH_RPM
	C:0845H            SYMBOL             GOVERNOR_CORR_NEG_INT
	C:072FH            SYMBOL             GOVERNOR_LIMIT_PROP_ERROR_POS
	C:06B6H            SYMBOL             GOVERNOR_TARGET_CALC
	C:06AEH            SYMBOL             CALC_GOVERNOR_TARGET
	C:052DH            SYMBOL             PCA_INT_PWM_DIVIDE_DONE
	C:039AH            SYMBOL             PCA_INT_CHECK_12KHZ
	I:0097H            SYMBOL             PGM_PPM_MAX_THROTTLE
	D:0073H            SYMBOL             BEEP_STRENGTH
	D:005AH            SYMBOL             RCP_PREV_PERIOD_H
	D:0054H            SYMBOL             WT_COMM_START_H
	D:0051H            SYMBOL             WT_ZC_TOUT_START_L
	D:003AH            SYMBOL             TIMER2_X
	B:00ABH            SYMBOL             ET1
	B:008DH            SYMBOL             TF0
	D:00D7H            SYMBOL             SMB1ADR
	D:00F3H            SYMBOL             P2MDIN
	D:00A5H            SYMBOL             P1MDOUT
	D:0096H            SYMBOL             IDA0L
	C:1D6CH            SYMBOL             PUT2
	C:1CDFH            SYMBOL             MAI4
	C:1628H            SYMBOL             RUN6_CHECK_DIR_CHANGE
	C:1595H            SYMBOL             RUN6
	C:12F3H            SYMBOL             ARMING_START
	C:1272H            SYMBOL             MEASURE_PWM_FREQ_LOOP
	C:113FH            SYMBOL             WAIT_US_100_M3
	C:0F3EH            SYMBOL             COMM61_NONDAMP_REV
	C:0E33H            SYMBOL             COMM45_FETS_DONE
	C:0C27H            SYMBOL             COMP_CHECK_TIMEOUT_NOT_TIMED_OUT
	C:0B84H            SYMBOL             WAIT_BEFORE_ZC_SCAN_RAND
	C:06C0H            SYMBOL             GOVERNOR_DEACTIVATE
	C:053EH            SYMBOL             PCA_INT_CHECK_LEGAL_RANGE
	C:0444H            SYMBOL             PCA_INT_FALL_NOT_ONESHOT
	C:1A07H            SYMBOL             EEP_PGM_MOTOR_GAIN
	I:008DH            SYMBOL             PGM_MAIN_REARM_START
LX51 CODE BANKING LINKER/LOCATOR V06.16.13.326             09/04/16  02:30:57

	D:003FH            SYMBOL             PREV_PREV_COMM_H
	B:00CDH            SYMBOL             TF2LEN
	B:00ADH            SYMBOL             ET2
	B:0098H            SYMBOL             RI0
	B:008FH            SYMBOL             TF1
	D:00CBH            SYMBOL             TMR2RLH
	D:00C2H            SYMBOL             SMB0DAT
	D:00A6H            SYMBOL             P2MDOUT
	D:0096H            SYMBOL             IDA1L
	C:1D78H            SYMBOL             PUT3
	C:1D38H            SYMBOL             MAI5
	C:1C45H            SYMBOL             WAIT_FOR_LOW
	C:13C6H            SYMBOL             PROGRAM_BY_TX_ENTRY_LIMIT
	C:13F6H            SYMBOL             ARM_TARGET_UPDATED
	C:0D49H            SYMBOL             COMM12_NFET_DONE_REV
	C:0CB5H            SYMBOL             EVALUATE_COMPARATOR_INTEGRITY
	C:0906H            SYMBOL             TEMP_CHECK_EXIT
	C:07D0H            SYMBOL             GOVERNOR_APPLY_PROP_CORR
	C:0117H            SYMBOL             PWM_AFET_EXIT
	C:1A05H            SYMBOL             EEP_PGM_GOV_MODE
	I:00A2H            SYMBOL             PGM_ENABLE_PWM_INPUT
	I:0090H            SYMBOL             _PGM_STARTUP_ACCEL
	I:008CH            SYMBOL             PGM_ENABLE_TX_PROGRAM
	I:008AH            SYMBOL             INITIALIZED_L_DUMMY
	D:0046H            SYMBOL             GOV_INTEGRAL_L
	D:0031H            SYMBOL             POWER_ON_WAIT_CNT_L
	D:0023H            SYMBOL             GOVERNOR_REQ_PWM
	B:00C0H            SYMBOL             SI0
	B:00BEH            SYMBOL             PSPI0
	D:0093H            SYMBOL             TMR3RLH
	D:008CH            SYMBOL             TH0
	D:00A1H            SYMBOL             SPI0CFG
	D:00C2H            SYMBOL             SMB1DAT
	D:00FAH            SYMBOL             PCA0H
	D:00FEH            SYMBOL             P0MASK
	C:1D8AH            SYMBOL             PUT4
	C:1D49H            SYMBOL             MAI6
	C:1716H            SYMBOL             WRITE_EEPROM_BLOCK1
	C:15DCH            SYMBOL             NORMAL_RUN_CHECKS
	C:11F5H            SYMBOL             INIT_NO_SIGNAL
	C:10DFH            SYMBOL             WAIT_MS_1_M_M1
	C:0E7EH            SYMBOL             COMM45_NONDAMP_REV
	C:0BEDH            SYMBOL             WAIT_FOR_COMP_OUT_START
	C:0ABCH            SYMBOL             WAIT_ADVANCE_TIMING
	C:0A26H            SYMBOL             CALC_NEW_WAIT_PER_STARTUP_DONE
	C:070AH            SYMBOL             CALC_GOVERNOR_PROP_ERROR
	C:04E0H            SYMBOL             PCA_INT_PPM_UNIDIR_NEG
	C:01B2H            SYMBOL             T2_INT_PPM_TIMEOUT_SET
	C:0123H            SYMBOL             PWM_BFET_EXIT
	C:00D7H            SYMBOL             T0_INT_PWM_OFF_EXIT_NFETS_OFF
	C:1A01H            SYMBOL             EEP_FW_SUB_REVISION
	I:0098H            SYMBOL             PGM_BEEP_STRENGTH
	B:00C0H            SYMBOL             SI1
	B:00A8H            SYMBOL             EX0
	B:0099H            SYMBOL             TI0
	B:0088H            SYMBOL             IT0
	D:0093H            SYMBOL             TMR4RLH
	D:00CDH            SYMBOL             TMR2H
	D:008DH            SYMBOL             TH1
	D:00F8H            SYMBOL             SPI0CN
	D:00EEH            SYMBOL             P1MASK
	D:00DEH            SYMBOL             CRC0CNT
	C:1724H            SYMBOL             WRITE_EEPROM_BLOCK2
	C:13D5H            SYMBOL             PROGRAM_BY_TX_ENTRY_WAIT_PPM
	C:16B1H            SYMBOL             READ_ALL_EEPROM_PARAMETERS
	C:110AH            SYMBOL             WAIT_MS_1_M_M2
	C:0DD2H            SYMBOL             COMM23_NFET_DONE_REV
	C:0BB2H            SYMBOL             SETUP_ZC_SCAN_TIMEOUT_STARTUP_DONE
LX51 CODE BANKING LINKER/LOCATOR V06.16.13.326             09/04/16  02:30:57

	C:0A05H            SYMBOL             CALC_NEXT_COMM_NEW_PERIOD_DIV_DONE
	C:098EH            SYMBOL             CALC_NEXT_COMM_STARTUP
	C:0925H            SYMBOL             CHECK_VOLTAGE_LOW_RPM
	C:012FH            SYMBOL             PWM_CFET_EXIT
	C:00AAH            SYMBOL             T0_INT
	C:1A18H            SYMBOL             _EEP_PGM_STARTUP_METHOD
	C:1A14H            SYMBOL             _EEP_PGM_VOLT_COMP
	C:1A04H            SYMBOL             EEP_PGM_GOV_I_GAIN
	I:0086H            SYMBOL             PGM_STARTUP_PWR
	D:0078H            SYMBOL             SKIP_T2H_INT
	D:006BH            SYMBOL             MAIN_SPOOLUP_TIME_3X
	D:005FH            SYMBOL             RCP_STOP_CNT
	D:005CH            SYMBOL             NEW_RCP
	D:0059H            SYMBOL             RCP_PREV_PERIOD_L
	D:0053H            SYMBOL             WT_COMM_START_L
	B:00CDH            SYMBOL             TF5LEN
	B:00AAH            SYMBOL             EX1
	B:008AH            SYMBOL             IT1
	D:00CBH            SYMBOL             TMR5RLH
	D:0095H            SYMBOL             TMR3H
	D:00B1H            SYMBOL             OSCXCN
	D:00A8H            SYMBOL             IE
	D:008EH            SYMBOL             CKCON
	C:1516H            SYMBOL             INIT_START_BIDIR_DONE
	C:1135H            SYMBOL             WAIT_MS_1_M_M3
	C:10DDH            SYMBOL             WAIT_MS_1_O_M1
	C:0CD3H            SYMBOL             EVAL_COMP_EXIT
	C:0561H            SYMBOL             PCA_INT_SET_TIMEOUT
	C:010BH            SYMBOL             PWM_NOFET
	C:1A26H            SYMBOL             EEP_PGM_PWM_DITHER
	C:1A15H            SYMBOL             EEP_PGM_COMM_TIMING
	I:009CH            SYMBOL             PGM_DEMAG_COMP
	D:003EH            SYMBOL             PREV_PREV_COMM_L
	D:003CH            SYMBOL             PREV_COMM_H
	B:00F9H            SYMBOL             TXBMT
	B:00FCH            SYMBOL             RXOVRN
	D:0095H            SYMBOL             TMR4H
	D:00CAH            SYMBOL             TMR2RLL
	D:00ACH            SYMBOL             REVISION
	D:00FCH            SYMBOL             PCA0CPH0
	D:00B9H            SYMBOL             IDA0CN
	D:00F6H            SYMBOL             EIP1
	C:1D4BH            SYMBOL             PUTW
	C:120BH            SYMBOL             BOOTLOADER_DONE
	C:1108H            SYMBOL             WAIT_MS_1_O_M2
	C:109AH            SYMBOL             AVERAGE_THROTTLE
	C:0FF6H            SYMBOL             DECODE_PARAMS_DIR_SET
	C:0F52H            SYMBOL             COMM61_NFET_DONE_REV
	C:0E09H            SYMBOL             COMM34_NFET_DONE_REV
	C:0C97H            SYMBOL             SETUP_COMM_WAIT
	C:0A70H            SYMBOL             CALC_NEXT_COMM_TIMING_FAST
	C:079CH            SYMBOL             CALC_GOVERNOR_INT_ERROR_EXIT
	C:0155H            SYMBOL             T2_INT
	I:0093H            SYMBOL             _PGM_DAMPING_FORCE
	D:0060H            SYMBOL             AUTO_BAILOUT_ARMED
	D:0020H            SYMBOL             BIT_ACCESS
	B:00D0H            SYMBOL             P
	D:00CDH            SYMBOL             TMR5H
	D:0092H            SYMBOL             TMR3RLL
	D:008AH            SYMBOL             TL0
	D:0087H            SYMBOL             PCON
	D:00F9H            SYMBOL             PCA0L
	D:00EAH            SYMBOL             PCA0CPH1
	D:00B9H            SYMBOL             IDA1CN
	D:00BFH            SYMBOL             EIP2
	C:1D97H            SYMBOL             GET1
	D:0021H            SYMBOL             BYTE_REG
	C:140BH            SYMBOL             ARM_END_BEEP
LX51 CODE BANKING LINKER/LOCATOR V06.16.13.326             09/04/16  02:30:57

	C:1351H            SYMBOL             THROTTLE_HIGH_CAL_START
	C:1149H            SYMBOL             PGM_START
	C:1133H            SYMBOL             WAIT_MS_1_O_M3
	C:0BCEH            SYMBOL             WAIT_FOR_COMP_OUT_LOW
	C:0ACCH            SYMBOL             CALC_NEW_WAIT_TIMES
	C:0A6AH            SYMBOL             LOAD_MIN_TIME
	C:093AH            SYMBOL             SET_STARTUP_PWM
	C:0796H            SYMBOL             GOVERNOR_STORE_INT_ERROR
	C:06FCH            SYMBOL             GOVERNOR_ACTIVATE_50K
	C:02CCH            SYMBOL             T2H_INT_EXIT
	C:0080H            SYMBOL             GOV_GAIN_TABLE
	C:02D6H            SYMBOL             T3_INT
	I:0085H            SYMBOL             PGM_MOTOR_IDLE
	D:0075H            SYMBOL             TX_PGM_PARAVAL_NO
	D:0070H            SYMBOL             ADC_CONVERSION_CNT
	D:004CH            SYMBOL             GOV_ARM_TARGET
	D:0029H            SYMBOL             RCP_OUTSIDE_RANGE_CNT
	C:1A40H            SYMBOL             EEP_ESC_LAYOUT
	D:0092H            SYMBOL             TMR4RLL
	D:00CCH            SYMBOL             TMR2L
	D:008BH            SYMBOL             TL1
	D:00ABH            SYMBOL             SN0
	D:00ECH            SYMBOL             PCA0CPH2
	C:1DACH            SYMBOL             GET2
	C:186FH            SYMBOL             FUNC_PARAVAL
	C:17DAH            SYMBOL             WAIT1S_LOOP
	C:179EH            SYMBOL             STORE_MULTI_FUNC_1
	C:1623H            SYMBOL             RUN6_CHECK_DIR_REV
	C:10CAH            SYMBOL             MUSIC_F1_BEEP
	C:10B9H            SYMBOL             AVERAGE_THROTTLE_DIV
	C:0C14H            SYMBOL             COMP_CHECK_TIMEOUT
	C:07F9H            SYMBOL             CALC_GOVERNOR_PROP_CORR_EXIT
	C:0791H            SYMBOL             GOVERNOR_INT_MIN_PWM
	C:0736H            SYMBOL             GOVERNOR_LIMIT_PROP_ERROR_NEG
	C:05B0H            SYMBOL             BEEP_F1
	C:047AH            SYMBOL             PCA_INT_PPM_OUTSIDE_RANGE
	C:1A1DH            SYMBOL             EEP_PGM_BEACON_DELAY
	C:1A1CH            SYMBOL             EEP_PGM_BEACON_STRENGTH
	I:00D0H            SYMBOL             TAG_TEMPORARY_STORAGE
	I:0084H            SYMBOL             PGM_MOTOR_GAIN
	D:0071H            SYMBOL             CURRENT_AVERAGE_TEMP
	D:0064H            SYMBOL             PWM_SPOOLUP_BEG
	D:0061H            SYMBOL             PWM_LIMIT
	B:00FFH            SYMBOL             SPIF
	B:00CBH            SYMBOL             T2SPLIT
	D:00CAH            SYMBOL             TMR5RLL
	D:0094H            SYMBOL             TMR3L
	D:00ACH            SYMBOL             SN1
	C:1DD0H            SYMBOL             GET3
	D:0029H            SYMBOL             BL_FLASH_KEY_1
	C:17A3H            SYMBOL             STORE_MULTI_FUNC_2
	C:15FCH            SYMBOL             INITIAL_RUN_PHASE_DONE
	C:10F5H            SYMBOL             MUSIC_F2_BEEP
	C:108BH            SYMBOL             TEST_THROTTLE_GAIN
	C:0D97H            SYMBOL             COMM23_FETS_DONE_REV
	C:07F7H            SYMBOL             GOVERNOR_STORE_PROP_CORR
	C:07BBH            SYMBOL             GOVERNOR_CHECK_PROP_CORR_LIMIT_POS
	C:0671H            SYMBOL             MULT_S16_BY_U8_POSITIVE
	C:061FH            SYMBOL             DIV_U16_BY_U16
	C:05D4H            SYMBOL             BEEP_ONOFF
	C:05B7H            SYMBOL             BEEP_F2
	C:04C7H            SYMBOL             PCA_INT_PPM_BIDIR_FWD
	C:040EH            SYMBOL             PCA_INT_CHECK_DIFF
	C:01B6H            SYMBOL             T2_INT_SKIP_START
	C:010DH            SYMBOL             PWM_AFET
	C:0102H            SYMBOL             T0_INT_PWM_OFF_FULLPOWER_EXIT
	C:1A24H            SYMBOL             EEP_PGM_ENABLE_POWER_PROT
	C:1A17H            SYMBOL             _EEP_PGM_GOV_RANGE
LX51 CODE BANKING LINKER/LOCATOR V06.16.13.326             09/04/16  02:30:57

	I:0082H            SYMBOL             PGM_GOV_MODE
	D:003BH            SYMBOL             PREV_COMM_L
	D:002AH            SYMBOL             RCP_TIMEOUT_CNTD
	B:00BCH            SYMBOL             PS0
	D:0094H            SYMBOL             TMR4L
	D:00ADH            SYMBOL             SN2
	D:00CFH            SYMBOL             SFRPGCN
	D:00FBH            SYMBOL             PCA0CPL0
	D:009AH            SYMBOL             CRC0FLIP
	C:1C00H            SYMBOL             INIT
	D:002AH            SYMBOL             BL_FLASH_KEY_2
	C:1869H            SYMBOL             PARAVAL_NO_ENTRY
	C:17A8H            SYMBOL             STORE_MULTI_FUNC_3
	C:163CH            SYMBOL             RUN6_BRAKE_DONE
	C:180FH            SYMBOL             SUCCESS_BEEP_INVERTED
	C:17E0H            SYMBOL             SUCCESS_BEEP
	C:1120H            SYMBOL             MUSIC_F3_BEEP
	C:1063H            SYMBOL             FIND_THROTTLE_GAIN
	C:1014H            SYMBOL             DECODE_SETTINGS
	C:0EC9H            SYMBOL             COMM56_NFET_DONE_REV
	C:165AH            SYMBOL             RUN_TO_WAIT_FOR_POWER_ON_FAIL
	C:08CCH            SYMBOL             TEMP_AVERAGE_INC_DEC
	C:0789H            SYMBOL             GOVERNOR_INT_MAX_PWM
	C:0769H            SYMBOL             GOVERNOR_LIMIT_INT_ERROR_POS
	C:05BEH            SYMBOL             BEEP_F3
	C:0327H            SYMBOL             PCA_INT_FAIL_MINIMUM
	C:0119H            SYMBOL             PWM_BFET
	C:00FBH            SYMBOL             T0_INT_PWM_OFF_EXIT
	D:0069H            SYMBOL             SPOOLUP_LIMIT_CNT
	B:00CFH            SYMBOL             TF2H
	B:00B9H            SYMBOL             PT0
	D:00CCH            SYMBOL             TMR5L
	D:0089H            SYMBOL             TMOD
	D:0088H            SYMBOL             TCON
	D:00AEH            SYMBOL             SN3
	D:00DAH            SYMBOL             PCA0CPM0
	D:00E9H            SYMBOL             PCA0CPL1
	D:00B6H            SYMBOL             FLSCL
	C:17ADH            SYMBOL             STORE_MULTI_FUNC_4
	C:1443H            SYMBOL             BEEP_DELAY_SET
	C:1337H            SYMBOL             PROGRAM_BY_TX_ENTRY_WAIT_PWM
	C:116EH            SYMBOL             LOCK_BYTE_OK
	C:10AAH            SYMBOL             AVERAGE_THROTTLE_MEAS
	C:100EH            SYMBOL             DECODE_PWM_FREQ_LOW
	C:0F17H            SYMBOL             COMM61_FETS_DONE_REV
	C:0C6AH            SYMBOL             COMP_READ_WRONG_LOW_RPM
	C:0883H            SYMBOL             SET_PWM_LIMIT_LOW_RPM_EXIT
	C:05C5H            SYMBOL             BEEP_F4
	C:050DH            SYMBOL             PCA_INT_PPM_MAX_CHECKED
	C:03F8H            SYMBOL             PCA_INT_RESTORE_EDGE
	C:0284H            SYMBOL             T2_INT_CURRENT_PWM_DITHER_MAX_POWER
	C:0125H            SYMBOL             PWM_CFET
	C:1A03H            SYMBOL             EEP_PGM_GOV_P_GAIN
	I:00A7H            SYMBOL             PGM_STARTUP_PWR_DECODED
	I:0095H            SYMBOL             _PGM_STARTUP_METHOD
	I:0091H            SYMBOL             _PGM_VOLT_COMP
	I:0081H            SYMBOL             PGM_GOV_I_GAIN
	B:00FAH            SYMBOL             NSSMD0
	B:00FEH            SYMBOL             WCOL
	B:00E8H            SYMBOL             AD0CM0
	B:00DEH            SYMBOL             CR
	B:00D3H            SYMBOL             RS0
	B:00CBH            SYMBOL             T5SPLIT
	B:00BBH            SYMBOL             PT1
	B:009CH            SYMBOL             REN0
	D:00A3H            SYMBOL             SPI0DAT
	D:00D9H            SYMBOL             PCA0MD
	D:00DBH            SYMBOL             PCA0CPM1
LX51 CODE BANKING LINKER/LOCATOR V06.16.13.326             09/04/16  02:30:57

	D:00EBH            SYMBOL             PCA0CPL2
	D:00D8H            SYMBOL             PCA0CN
	C:18D4H            SYMBOL             PROGRAM_BY_TX_EXIT
	C:17B2H            SYMBOL             STORE_MULTI_FUNC_5
	C:1735H            SYMBOL             READ_EEPROM_BYTE
	C:1388H            SYMBOL             THROTTLE_LOW_CAL
	C:0C32H            SYMBOL             COMP_READ_WRONG
	C:0B68H            SYMBOL             STORE_TIMES_UP_OR_DOWN_FAST
	C:0B76H            SYMBOL             STORE_TIMES_DECREASE_FAST
	C:08E4H            SYMBOL             TEMP_AVERAGE_UPDATED
	C:0897H            SYMBOL             SET_PWM_LIMIT_HIGH_RPM_STORE
	C:082CH            SYMBOL             GOVERNOR_APPLY_INT_CORR
	C:07C6H            SYMBOL             GOVERNOR_LIMIT_PROP_CORR_POS
	C:0615H            SYMBOL             BEEP_OFF
	C:0591H            SYMBOL             WAIT10MS
	C:0262H            SYMBOL             T2_INT_CURRENT_PWM_FULL_DITHER
	C:013BH            SYMBOL             PWM_AFET_DAMPED_EXIT
	C:00B9H            SYMBOL             T0_INT_PWM_ON_EXIT
	C:1A20H            SYMBOL             EEP_PGM_BEC_VOLTAGE_HIGH
	C:1A0EH            SYMBOL             EEP_INITIALIZED_H
	C:1A0CH            SYMBOL             EEP_PGM_INPUT_POL
	I:00A3H            SYMBOL             PGM_PWM_DITHER
	I:0092H            SYMBOL             PGM_COMM_TIMING
	D:0074H            SYMBOL             TX_PGM_FUNC_NO
	D:0024H            SYMBOL             CURRENT_PWM
	B:00FBH            SYMBOL             NSSMD1
	B:00E9H            SYMBOL             AD0CM1
	B:00EEH            SYMBOL             AD0TM
	B:00D4H            SYMBOL             RS1
	B:00D5H            SYMBOL             F0
	B:00BDH            SYMBOL             PT2
	B:008CH            SYMBOL             TR0
	D:00C8H            SYMBOL             TMR2CN
	D:00DCH            SYMBOL             PCA0CPM2
	C:1D8EH            SYMBOL             GETW
	C:17B7H            SYMBOL             STORE_MULTI_FUNC_6
	C:1781H            SYMBOL             READ_TAG
	C:1197H            SYMBOL             RESET_CAL_DONE
	C:10C8H            SYMBOL             MUSIC_F1
	C:0FDBH            SYMBOL             DECODE_PARAMETERS
	C:0E57H            SYMBOL             COMM45_FETS_DONE_REV
	C:0D6FH            SYMBOL             COMM23_NFET_OFF
	C:0B8EH            SYMBOL             SETUP_ZC_SCAN_TIMEOUT
	C:0B17H            SYMBOL             STORE_TIMES_INCREASE
	C:089CH            SYMBOL             MEASURE_LIPO_CELLS
	C:073FH            SYMBOL             CALC_GOVERNOR_INT_ERROR
	C:04A9H            SYMBOL             PCA_INT_PPM_CALCULATE
	C:0575H            SYMBOL             PCA_INT_EXIT
	C:01E3H            SYMBOL             T2_INT_RCP_UPDATE_MULT
	C:0147H            SYMBOL             PWM_BFET_DAMPED_EXIT
	D:005BH            SYMBOL             RCP_PERIOD_DIFF_ACCEPTED
	D:0043H            SYMBOL             COMPARATOR_READ_CNT
	D:0033H            SYMBOL             STARTUP_CNT
	B:00EAH            SYMBOL             AD0CM2
	B:00EBH            SYMBOL             AD0WINT
	B:00D1H            SYMBOL             F1
	B:00CFH            SYMBOL             TF5H
	B:008EH            SYMBOL             TR1
	D:0091H            SYMBOL             TMR3CN
	D:00D4H            SYMBOL             P0SKIP
	D:0085H            SYMBOL             EIP1H
	C:1D9CH            SYMBOL             GETX
	C:17BCH            SYMBOL             STORE_MULTI_FUNC_7
	C:1632H            SYMBOL             RUN6_CHECK_SPEED
	C:1472H            SYMBOL             WAIT_FOR_POWER_ON_PPM_NOT_MISSING
	C:10F3H            SYMBOL             MUSIC_F2
	C:0F5AH            SYMBOL             SWITCH_POWER_OFF
	C:0C3EH            SYMBOL             COMP_READ_WRONG_NOT_STARTUP
LX51 CODE BANKING LINKER/LOCATOR V06.16.13.326             09/04/16  02:30:57

	C:0A42H            SYMBOL             CALC_NEW_WAIT_PER_DEMAG_DONE
	C:0596H            SYMBOL             WAIT30MS
	C:04FEH            SYMBOL             PCA_INT_PPM_BIDIR_DONE
	C:03E7H            SYMBOL             PCA_INT_CHECK_1KHZ
	C:02A0H            SYMBOL             T2H_INT
	C:0153H            SYMBOL             PWM_CFET_DAMPED_EXIT
	D:0048H            SYMBOL             GOV_INTEGRAL_X
	C:1A50H            SYMBOL             EEP_ESC_MCU
	B:00ECH            SYMBOL             AD0BUSY
	B:00C8H            SYMBOL             T2XCLK
	B:00CAH            SYMBOL             TR2
	B:00CEH            SYMBOL             TF2L
	B:00C5H            SYMBOL             STA0
	B:00B8H            SYMBOL             PX0
	D:00D3H            SYMBOL             TS0DATH
	D:0091H            SYMBOL             TMR4CN
	D:00F7H            SYMBOL             PCA0PWM
	D:00D5H            SYMBOL             P1SKIP
	D:0086H            SYMBOL             EIP2H
	C:1CC6H            SYMBOL             RST
	C:18A0H            SYMBOL             FUNC_PARAVAL_CONT_WAIT
	C:17D8H            SYMBOL             WAIT1S
	C:17C1H            SYMBOL             STORE_MULTI_FUNC_8
	C:178BH            SYMBOL             WRITE_TAGS
	C:1662H            SYMBOL             RUN_TO_WAIT_FOR_POWER_ON
	C:111EH            SYMBOL             MUSIC_F3
	C:0EEFH            SYMBOL             COMM61_NFET_OFF
	C:0CC3H            SYMBOL             EVAL_COMP_CHECK_TIMEOUT
	C:0AFEH            SYMBOL             ADJUST_TIMING_TWO_STEPS
	C:095AH            SYMBOL             INITIALIZE_TIMING
	C:0939H            SYMBOL             CHECK_VOLTAGE_RET
	C:0703H            SYMBOL             GOVERNOR_ACTIVATE_RANGE_SET
	C:05A7H            SYMBOL             WAITXMS_M
	C:03D6H            SYMBOL             PCA_INT_CHECK_2KHZ
	I:009AH            SYMBOL             PGM_BEACON_DELAY
	I:0099H            SYMBOL             PGM_BEACON_STRENGTH
	D:004EH            SYMBOL             WT_ADV_START_H
	D:0045H            SYMBOL             GOV_TARGET_H
	B:00C5H            SYMBOL             STA1
	B:00BAH            SYMBOL             PX1
	D:00C8H            SYMBOL             TMR5CN
	D:00C7H            SYMBOL             SMBTC
	D:00D6H            SYMBOL             P2SKIP
	D:00B8H            SYMBOL             IP
	D:00DFH            SYMBOL             CRC0CN
	C:1CB7H            SYMBOL             EXIT
	C:1DEFH            SYMBOL             BOOT_MSG
	C:17C6H            SYMBOL             STORE_MULTI_FUNC_9
	C:14CBH            SYMBOL             READ_INITIAL_TEMP
	C:1466H            SYMBOL             WAIT_FOR_POWER_ON_NO_BEEP
	C:13CCH            SYMBOL             PROGRAM_BY_TX_ENTRY_STORE
	C:1013H            SYMBOL             DECODE_PWM_FREQ_END
	C:0D09H            SYMBOL             WAIT_FOR_COMM_WAIT
	C:08A0H            SYMBOL             START_ADC_CONVERSION
	C:06A5H            SYMBOL             MULT_S16_BY_U8_EXIT
	C:051FH            SYMBOL             PCA_INT_PPM_LIMIT_AFTER_MULT
	C:02CCH            SYMBOL             T2H_INT_RCP_GOV_PWM
	C:020BH            SYMBOL             T2_INT_PWM_MIN_RUN
	C:009AH            SYMBOL             PWM_DITHER_TABLE
	C:1A60H            SYMBOL             EEP_NAME
	C:1A0DH            SYMBOL             EEP_INITIALIZED_L
	I:00A1H            SYMBOL             PGM_ENABLE_POWER_PROT
	D:0066H            SYMBOL             PWM_DITHER_DECODED
	D:0063H            SYMBOL             PWM_LIMIT_BY_RPM
	D:0039H            SYMBOL             LOW_RPM_PWR_SLOPE
	D:0035H            SYMBOL             INITIAL_RUN_ROT_CNTD
	D:0021H            SYMBOL             BIT_ACCESS_INT
	D:00D0H            SYMBOL             PSW
LX51 CODE BANKING LINKER/LOCATOR V06.16.13.326             09/04/16  02:30:57

	C:1DDCH            SYMBOL             WAITF
	C:17D5H            SYMBOL             STORE_IN_RAM_EXIT
	C:12D3H            SYMBOL             VALIDATE_RCP_START
	C:1167H            SYMBOL             LOCK_BYTE_TEST
	C:0E2FH            SYMBOL             COMM45_NFET_OFF
	C:0D37H            SYMBOL             COMM12_REV
	C:0D1AH            SYMBOL             COMM1COMM2
	C:0C77H            SYMBOL             COMP_READ_WRONG_LOAD_TIMEOUT
	C:0B86H            SYMBOL             WAIT_BEFORE_ZC_SCAN_WAIT
	C:08E2H            SYMBOL             TEMP_AVERAGE_UPDATED_LOAD_ACC
	C:08D8H            SYMBOL             TEMP_AVERAGE_DEC
	C:079DH            SYMBOL             CALC_GOVERNOR_PROP_CORRECTION
	C:05A5H            SYMBOL             WAITXMS_O
	C:056AH            SYMBOL             PCA_INT_PPM_TIMEOUT_SET
	C:03C5H            SYMBOL             PCA_INT_CHECK_4KHZ
	C:00C7H            SYMBOL             T0_INT_PWM_OFF
	I:0094H            SYMBOL             PGM_GOV_RANGE
	D:004AH            SYMBOL             GOV_PROPORTIONAL_H
	B:00C8H            SYMBOL             T5XCLK
	B:00CAH            SYMBOL             TR5
	B:00CEH            SYMBOL             TF5L
	D:00C1H            SYMBOL             SMB0CF
	D:00B7H            SYMBOL             FLKEY
	D:00C4H            SYMBOL             ADC0GTH
	C:1D6FH            SYMBOL             PUTC
	D:0020H            SYMBOL             BIT_REG
	C:16F2H            SYMBOL             READ_EEPROM_EXIT
	C:1420H            SYMBOL             WAIT_FOR_POWER_ON_LOOP
	C:11FFH            SYMBOL             INPUT_HIGH_CHECK_1
	C:090AH            SYMBOL             CHECK_VOLTAGE_START
	C:0856H            SYMBOL             SET_PWM_LIMIT_LOW_RPM
	C:0855H            SYMBOL             CALC_GOVERNOR_INT_CORR_EXIT
	C:0772H            SYMBOL             GOVERNOR_LIMIT_INT_ERROR_NEG
	C:068AH            SYMBOL             MULT_S16_BY_U8_DIV_LOOP
	C:05CCH            SYMBOL             BEEP
	C:04CCH            SYMBOL             PCA_INT_PPM_BIDIR_DIR_SET
	C:0429H            SYMBOL             PCA_INT_FALL
	C:01C1H            SYMBOL             T2_INT_SKIP_END
	C:009FH            SYMBOL             TX_PGM_PARAMS_MULTI
	C:1A23H            SYMBOL             EEP_PGM_TEMP_PROT_ENABLE
	C:1A1EH            SYMBOL             _EEP_PGM_THROTTLE_RATE
	C:1A12H            SYMBOL             _EEP_PGM_STARTUP_RPM
	I:00A6H            SYMBOL             PGM_GOV_I_GAIN_DECODED
	I:0080H            SYMBOL             PGM_GOV_P_GAIN
	D:006CH            SYMBOL             MAIN_SPOOLUP_TIME_10X
	D:0042H            SYMBOL             COMM_PHASE
	D:0028H            SYMBOL             RCP_PREV_EDGE_H
	B:00D8H            SYMBOL             CCF0
	B:00D7H            SYMBOL             CY
	B:00C7H            SYMBOL             MASTER0
	B:009AH            SYMBOL             RB80
	D:00E1H            SYMBOL             XBR0
	D:00D2H            SYMBOL             TS0DATL
	D:00A2H            SYMBOL             SPI0CKR
	D:00C1H            SYMBOL             SMB1CF
	D:00B5H            SYMBOL             PFE0CN
	D:00AAH            SYMBOL             EMI0CN
	D:0083H            SYMBOL             DPH
	D:009FH            SYMBOL             CPT0MX
	C:1DE0H            SYMBOL             WAITH
	C:1755H            SYMBOL             ERASE_FLASH
	C:1665H            SYMBOL             RUN_TO_WAIT_FOR_POWER_ON_STALL_DONE
	C:185DH            SYMBOL             PROGRAM_BY_TX
	C:1201H            SYMBOL             INPUT_HIGH_CHECK_2
	C:0D9FH            SYMBOL             COMM23_NONDAMP
	C:0D51H            SYMBOL             COMM2COMM3
	C:09E9H            SYMBOL             CALC_NEXT_COMM_AVG_PERIOD_DIV
	C:0853H            SYMBOL             GOVERNOR_STORE_INT_CORR
LX51 CODE BANKING LINKER/LOCATOR V06.16.13.326             09/04/16  02:30:57

	C:0815H            SYMBOL             GOVERNOR_CHECK_INT_CORR_LIMIT_POS
	C:07E4H            SYMBOL             GOVERNOR_CORR_PROP_MIN_PWM
	C:06F0H            SYMBOL             GOVERNOR_ACTIVATE_100K
	C:0131H            SYMBOL             PWM_AFET_DAMPED
	C:1A11H            SYMBOL             _EEP_PGM_GOV_SETUP_TARGET
	C:1A0BH            SYMBOL             EEP_PGM_DIRECTION
	C:1A0AH            SYMBOL             EEP_PGM_PWM_FREQ
	I:009DH            SYMBOL             PGM_BEC_VOLTAGE_HIGH
	I:0089H            SYMBOL             PGM_INPUT_POL
	D:004DH            SYMBOL             WT_ADV_START_L
	D:0044H            SYMBOL             GOV_TARGET_L
	D:0038H            SYMBOL             DEMAG_PWR_OFF_THRESH
	D:0034H            SYMBOL             STARTUP_ZC_TIMEOUT_CNTD
	D:002CH            SYMBOL             FLAGS0
	D:0025H            SYMBOL             CURRENT_PWM_LIMITED
	B:00D9H            SYMBOL             CCF1
	B:00C7H            SYMBOL             MASTER1
	D:00E2H            SYMBOL             XBR1
	D:00B3H            SYMBOL             OSCICL
	C:1C4AH            SYMBOL             ID1
	C:188FH            SYMBOL             FUNC_PARAVAL_STORE
	C:173AH            SYMBOL             WRITE_EEPROM_BYTE_FROM_ACC
	C:16DAH            SYMBOL             READ_EEPROM_BLOCK1
	C:16D3H            SYMBOL             READ_EEPROM_READ
	C:0D7BH            SYMBOL             COMM23_DAMP_REV
	C:0B48H            SYMBOL             CALC_NEW_WAIT_TIMES_FAST
	C:0AB6H            SYMBOL             LOAD_MIN_TIME_FAST
	C:089FH            SYMBOL             MEASURE_LIPO_EXIT
	C:07CCH            SYMBOL             GOVERNOR_LIMIT_PROP_CORR_NEG
	C:0723H            SYMBOL             GOVERNOR_CHECK_PROP_LIMIT_POS
	C:0350H            SYMBOL             PCA_INT_SECOND_MEAS_PWM_FREQ
	C:02AFH            SYMBOL             T2H_INT_RCP_STOP_CHECK
	C:013DH            SYMBOL             PWM_BFET_DAMPED
	C:02E9H            SYMBOL             PCA_INT
	C:1A21H            SYMBOL             EEP_PGM_PPM_CENTER_THROTTLE
	D:002DH            SYMBOL             FLAGS1
	B:00DAH            SYMBOL             CCF2
	B:009BH            SYMBOL             TB80
	B:0089H            SYMBOL             IE0
	D:00D1H            SYMBOL             REF0CN
	D:00A9H            SYMBOL             CLKSEL
	C:1DF3H            SYMBOL             BOOT_INFO
	C:16E8H            SYMBOL             READ_EEPROM_BLOCK2
	C:1270H            SYMBOL             MEASURE_PWM_FREQ_START
	C:0F1FH            SYMBOL             COMM61_NONDAMP
	C:0ED1H            SYMBOL             COMM6COMM1
	C:0DF7H            SYMBOL             COMM34_REV
	C:0DDAH            SYMBOL             COMM3COMM4
	C:0C25H            SYMBOL             COMP_CHECK_TIMEOUT_EXTEND_TIMEOUT
	C:0BDFH            SYMBOL             WAIT_FOR_COMP_OUT_HIGH
	C:07F5H            SYMBOL             GOVERNOR_CORR_PROP_MAX_PWM
	C:04C0H            SYMBOL             PCA_INT_PPM_BIDIR_REV
	C:03B4H            SYMBOL             PCA_INT_CHECK_8KHZ
	C:027BH            SYMBOL             T2_INT_CURRENT_PWM_DITHER_MAX_EXCESS_P&
OWER
	C:0149H            SYMBOL             PWM_CFET_DAMPED
	C:1A22H            SYMBOL             _EEP_PGM_MAIN_SPOOLUP_TIME
	C:1A06H            SYMBOL             _EEP_PGM_LOW_VOLTAGE_LIM
	D:007BH            SYMBOL             DAMPINGFET
	D:0050H            SYMBOL             WT_ZC_SCAN_START_H
	D:004BH            SYMBOL             GOV_PROP_PWM
	D:0049H            SYMBOL             GOV_PROPORTIONAL_L
	D:003DH            SYMBOL             PREV_COMM_X
	D:002EH            SYMBOL             FLAGS2
	D:0026H            SYMBOL             CURRENT_PWM_LIM_DITH
	B:00F8H            SYMBOL             SPIEN
	B:00C1H            SYMBOL             ACK0
	B:008BH            SYMBOL             IE1
LX51 CODE BANKING LINKER/LOCATOR V06.16.13.326             09/04/16  02:30:57

	D:00C9H            SYMBOL             REG0CN
	D:00B2H            SYMBOL             OSCICN
	D:009CH            SYMBOL             CRC0IN
	D:00F4H            SYMBOL             CKCON1
	D:00C3H            SYMBOL             ADC0GTL
	C:0000H            LINE#              2793
	C:00AAH            LINE#              2838
	C:00ACH            LINE#              2850
	C:00AEH            LINE#              2851
	C:00B0H            LINE#              2853
	C:00B3H            LINE#              2856
	C:00B5H            LINE#              2857
	C:00B7H            LINE#              2859
	C:00B8H            LINE#              2860
	C:00B9H            LINE#              2864
	C:00BBH            LINE#              2865
	C:00BCH            LINE#              2867
	C:00BEH            LINE#              2883
	C:00C0H            LINE#              2886
	C:00C2H            LINE#              2887
	C:00C4H            LINE#              2888
	C:00C6H            LINE#              2889
	C:00C7H            LINE#              2895
	C:00CAH            LINE#              2912
	C:00CCH            LINE#              2914
	C:00CEH            LINE#              2915
	C:00CFH            LINE#              2916
	C:00D1H            LINE#              2920
	C:00D4H            LINE#              2923
	C:00D7H            LINE#              2929
	C:00DCH            LINE#              2931
	C:00DEH            LINE#              2932
	C:00E0H            LINE#              2936
	C:00E2H            LINE#              2937
	C:00E3H            LINE#              2944
	C:00E8H            LINE#              2946
	C:00EBH            LINE#              2947
	C:00EEH            LINE#              2952
	C:00FBH            LINE#              2966
	C:00FDH            LINE#              2967
	C:00FFH            LINE#              2968
	C:0101H            LINE#              2969
	C:0102H            LINE#              2972
	C:0105H            LINE#              2977
	C:0107H            LINE#              2978
	C:0109H            LINE#              2979
	C:010BH            LINE#              2983
	C:010DH            LINE#              2986
	C:0110H            LINE#              2987
	C:0113H            LINE#              2988
	C:0117H            LINE#              2990
	C:0119H            LINE#              2993
	C:011CH            LINE#              2994
	C:011FH            LINE#              2995
	C:0123H            LINE#              2997
	C:0125H            LINE#              3000
	C:0128H            LINE#              3001
	C:012BH            LINE#              3002
	C:012FH            LINE#              3004
	C:0131H            LINE#              3010
	C:0134H            LINE#              3011
	C:0137H            LINE#              3017
	C:013BH            LINE#              3019
	C:013DH            LINE#              3025
	C:0140H            LINE#              3026
	C:0143H            LINE#              3032
	C:0147H            LINE#              3034
	C:0149H            LINE#              3040
LX51 CODE BANKING LINKER/LOCATOR V06.16.13.326             09/04/16  02:30:57

	C:014CH            LINE#              3041
	C:014FH            LINE#              3047
	C:0153H            LINE#              3049
	C:0155H            LINE#              3060
	C:0157H            LINE#              3061
	C:0159H            LINE#              3062
	C:015CH            LINE#              3063
	C:015EH            LINE#              3064
	C:0160H            LINE#              3065
	C:0162H            LINE#              3066
	C:0164H            LINE#              3082
	C:0166H            LINE#              3084
	C:0168H            LINE#              3085
	C:016AH            LINE#              3088
	C:016DH            LINE#              3090
	C:016FH            LINE#              3091
	C:0171H            LINE#              3095
	C:0173H            LINE#              3096
	C:0175H            LINE#              3097
	C:0178H            LINE#              3099
	C:017EH            LINE#              3100
	C:0181H            LINE#              3101
	C:0183H            LINE#              3102
	C:0192H            LINE#              3103
	C:0194H            LINE#              3104
	C:0196H            LINE#              3105
	C:019CH            LINE#              3106
	C:019FH            LINE#              3107
	C:01A1H            LINE#              3108
	C:01A2H            LINE#              3109
	C:01A3H            LINE#              3110
	C:01A4H            LINE#              3111
	C:01A6H            LINE#              3114
	C:01A9H            LINE#              3116
	C:01ACH            LINE#              3118
	C:01AFH            LINE#              3120
	C:01B2H            LINE#              3123
	C:01B4H            LINE#              3124
	C:01B6H            LINE#              3127
	C:01B9H            LINE#              3130
	C:01BBH            LINE#              3131
	C:01BDH            LINE#              3134
	C:01BFH            LINE#              3135
	C:01C1H            LINE#              3139
	C:01C4H            LINE#              3140
	C:01C6H            LINE#              3144
	C:01C9H            LINE#              3145
	C:01CBH            LINE#              3147
	C:01CDH            LINE#              3148
	C:01D0H            LINE#              3150
	C:01D2H            LINE#              3153
	C:01D5H            LINE#              3160
	C:01D7H            LINE#              3161
	C:01DAH            LINE#              3165
	C:01DBH            LINE#              3166
	C:01DCH            LINE#              3167
	C:01DEH            LINE#              3168
	C:01E0H            LINE#              3170
	C:01E2H            LINE#              3171
	C:01E3H            LINE#              3175
	C:01E4H            LINE#              3176
	C:01E5H            LINE#              3177
	C:01E7H            LINE#              3178
	C:01E8H            LINE#              3179
	C:01E9H            LINE#              3181
	C:01EBH            LINE#              3182
	C:01EEH            LINE#              3183
	C:01F0H            LINE#              3185
LX51 CODE BANKING LINKER/LOCATOR V06.16.13.326             09/04/16  02:30:57

	C:01F1H            LINE#              3186
	C:01F2H            LINE#              3187
	C:01F3H            LINE#              3188
	C:01F4H            LINE#              3189
	C:01F6H            LINE#              3190
	C:01F9H            LINE#              3192
	C:01FAH            LINE#              3193
	C:01FBH            LINE#              3196
	C:01FEH            LINE#              3198
	C:01FFH            LINE#              3199
	C:0200H            LINE#              3200
	C:0201H            LINE#              3201
	C:0202H            LINE#              3202
	C:0204H            LINE#              3205
	C:0205H            LINE#              3206
	C:0206H            LINE#              3207
	C:0208H            LINE#              3209
	C:020AH            LINE#              3210
	C:020BH            LINE#              3227
	C:020DH            LINE#              3230
	C:020FH            LINE#              3231
	C:0211H            LINE#              3232
	C:0213H            LINE#              3234
	C:0216H            LINE#              3236
	C:0218H            LINE#              3237
	C:0219H            LINE#              3238
	C:021AH            LINE#              3239
	C:021BH            LINE#              3240
	C:021CH            LINE#              3241
	C:021DH            LINE#              3242
	C:021FH            LINE#              3243
	C:0220H            LINE#              3244
	C:0221H            LINE#              3245
	C:0222H            LINE#              3246
	C:0223H            LINE#              3247
	C:0224H            LINE#              3248
	C:0225H            LINE#              3249
	C:0227H            LINE#              3250
	C:0229H            LINE#              3252
	C:022BH            LINE#              3254
	C:022CH            LINE#              3255
	C:022EH            LINE#              3256
	C:0230H            LINE#              3257
	C:0232H            LINE#              3259
	C:0235H            LINE#              3264
	C:0237H            LINE#              3265
	C:023AH            LINE#              3268
	C:023DH            LINE#              3271
	C:023FH            LINE#              3272
	C:0240H            LINE#              3273
	C:0242H            LINE#              3274
	C:0244H            LINE#              3275
	C:0246H            LINE#              3277
	C:0248H            LINE#              3281
	C:0249H            LINE#              3282
	C:024AH            LINE#              3283
	C:024CH            LINE#              3284
	C:024EH            LINE#              3286
	C:0250H            LINE#              3289
	C:0252H            LINE#              3291
	C:0254H            LINE#              3292
	C:0256H            LINE#              3293
	C:0258H            LINE#              3295
	C:0259H            LINE#              3296
	C:025AH            LINE#              3297
	C:025CH            LINE#              3298
	C:025DH            LINE#              3299
	C:025FH            LINE#              3301
LX51 CODE BANKING LINKER/LOCATOR V06.16.13.326             09/04/16  02:30:57

	C:0260H            LINE#              3302
	C:0261H            LINE#              3303
	C:0262H            LINE#              3306
	C:0263H            LINE#              3307
	C:0264H            LINE#              3308
	C:0265H            LINE#              3309
	C:0266H            LINE#              3310
	C:0267H            LINE#              3311
	C:0269H            LINE#              3312
	C:026AH            LINE#              3313
	C:026BH            LINE#              3314
	C:026CH            LINE#              3315
	C:026EH            LINE#              3317
	C:0270H            LINE#              3318
	C:0271H            LINE#              3319
	C:0273H            LINE#              3320
	C:0275H            LINE#              3321
	C:0277H            LINE#              3322
	C:0279H            LINE#              3324
	C:027BH            LINE#              3327
	C:027CH            LINE#              3328
	C:027DH            LINE#              3329
	C:027FH            LINE#              3330
	C:0280H            LINE#              3331
	C:0282H            LINE#              3332
	C:0284H            LINE#              3335
	C:0286H            LINE#              3338
	C:0288H            LINE#              3341
	C:028AH            LINE#              3342
	C:028BH            LINE#              3343
	C:028DH            LINE#              3344
	C:028FH            LINE#              3345
	C:0291H            LINE#              3346
	C:0293H            LINE#              3351
	C:0296H            LINE#              3352
	C:0298H            LINE#              3353
	C:029AH            LINE#              3354
	C:029DH            LINE#              3355
	C:029FH            LINE#              3356
	C:02A0H            LINE#              3360
	C:02A2H            LINE#              3361
	C:02A4H            LINE#              3376
	C:02A6H            LINE#              3378
	C:02A8H            LINE#              3379
	C:02AAH            LINE#              3382
	C:02ADH            LINE#              3384
	C:02AFH            LINE#              3388
	C:02B0H            LINE#              3389
	C:02B2H            LINE#              3390
	C:02B4H            LINE#              3391
	C:02B6H            LINE#              3394
	C:02B9H            LINE#              3395
	C:02BBH            LINE#              3399
	C:02BEH            LINE#              3400
	C:02C1H            LINE#              3401
	C:02C3H            LINE#              3402
	C:02C5H            LINE#              3403
	C:02C7H            LINE#              3404
	C:02C9H            LINE#              3406
	C:02CCH            LINE#              3540
	C:02CEH            LINE#              3541
	C:02D0H            LINE#              3542
	C:02D3H            LINE#              3543
	C:02D5H            LINE#              3544
	C:02D6H            LINE#              3555
	C:02D8H            LINE#              3556
	C:02DBH            LINE#              3557
	C:02DEH            LINE#              3558
LX51 CODE BANKING LINKER/LOCATOR V06.16.13.326             09/04/16  02:30:57

	C:02E1H            LINE#              3559
	C:02E3H            LINE#              3560
	C:02E6H            LINE#              3561
	C:02E8H            LINE#              3562
	C:02E9H            LINE#              3573
	C:02EBH            LINE#              3574
	C:02EEH            LINE#              3575
	C:02F0H            LINE#              3576
	C:02F2H            LINE#              3577
	C:02F4H            LINE#              3578
	C:02F6H            LINE#              3579
	C:02F8H            LINE#              3580
	C:02FAH            LINE#              3582
	C:02FEH            LINE#              3584
	C:0300H            LINE#              3586
	C:0303H            LINE#              3587
	C:0305H            LINE#              3589
	C:0314H            LINE#              3590
	C:0316H            LINE#              3592
	C:031CH            LINE#              3594
	C:031FH            LINE#              3595
	C:0321H            LINE#              3598
	C:0323H            LINE#              3599
	C:0325H            LINE#              3600
	C:0327H            LINE#              3604
	C:0336H            LINE#              3605
	C:0338H            LINE#              3606
	C:033AH            LINE#              3607
	C:033DH            LINE#              3609
	C:033FH            LINE#              3611
	C:0341H            LINE#              3612
	C:0347H            LINE#              3613
	C:034AH            LINE#              3615
	C:034CH            LINE#              3617
	C:034EH            LINE#              3618
	C:0350H            LINE#              3622
	C:035FH            LINE#              3623
	C:0361H            LINE#              3625
	C:0364H            LINE#              3626
	C:0366H            LINE#              3629
	C:0375H            LINE#              3630
	C:0377H            LINE#              3631
	C:0379H            LINE#              3633
	C:037BH            LINE#              3634
	C:037DH            LINE#              3636
	C:037EH            LINE#              3637
	C:037FH            LINE#              3638
	C:0381H            LINE#              3639
	C:0382H            LINE#              3640
	C:0383H            LINE#              3641
	C:0385H            LINE#              3642
	C:0386H            LINE#              3643
	C:0388H            LINE#              3644
	C:038AH            LINE#              3645
	C:038CH            LINE#              3647
	C:038DH            LINE#              3648
	C:038EH            LINE#              3649
	C:0390H            LINE#              3650
	C:0391H            LINE#              3651
	C:0393H            LINE#              3652
	C:0395H            LINE#              3654
	C:0398H            LINE#              3655
	C:039AH            LINE#              3658
	C:039CH            LINE#              3659
	C:039EH            LINE#              3660
	C:039FH            LINE#              3661
	C:03A1H            LINE#              3662
	C:03A3H            LINE#              3665
LX51 CODE BANKING LINKER/LOCATOR V06.16.13.326             09/04/16  02:30:57

	C:03A4H            LINE#              3666
	C:03A5H            LINE#              3667
	C:03A7H            LINE#              3668
	C:03A8H            LINE#              3669
	C:03AAH            LINE#              3670
	C:03ACH            LINE#              3672
	C:03ADH            LINE#              3673
	C:03AFH            LINE#              3674
	C:03B0H            LINE#              3675
	C:03B2H            LINE#              3676
	C:03B4H            LINE#              3680
	C:03B5H            LINE#              3681
	C:03B6H            LINE#              3682
	C:03B8H            LINE#              3683
	C:03B9H            LINE#              3684
	C:03BBH            LINE#              3685
	C:03BDH            LINE#              3687
	C:03BEH            LINE#              3688
	C:03C0H            LINE#              3689
	C:03C1H            LINE#              3690
	C:03C3H            LINE#              3691
	C:03C5H            LINE#              3695
	C:03C6H            LINE#              3696
	C:03C7H            LINE#              3697
	C:03C9H            LINE#              3698
	C:03CAH            LINE#              3699
	C:03CCH            LINE#              3700
	C:03CEH            LINE#              3702
	C:03CFH            LINE#              3703
	C:03D1H            LINE#              3704
	C:03D2H            LINE#              3705
	C:03D4H            LINE#              3706
	C:03D6H            LINE#              3710
	C:03D7H            LINE#              3711
	C:03D8H            LINE#              3712
	C:03DAH            LINE#              3713
	C:03DBH            LINE#              3714
	C:03DDH            LINE#              3715
	C:03DFH            LINE#              3717
	C:03E0H            LINE#              3718
	C:03E2H            LINE#              3719
	C:03E3H            LINE#              3720
	C:03E5H            LINE#              3721
	C:03E7H            LINE#              3725
	C:03E8H            LINE#              3726
	C:03E9H            LINE#              3727
	C:03EBH            LINE#              3728
	C:03ECH            LINE#              3729
	C:03EEH            LINE#              3730
	C:03F0H            LINE#              3732
	C:03F1H            LINE#              3733
	C:03F3H            LINE#              3734
	C:03F4H            LINE#              3735
	C:03F6H            LINE#              3738
	C:03F8H            LINE#              3741
	C:03F9H            LINE#              3742
	C:03FAH            LINE#              3743
	C:03FCH            LINE#              3744
	C:03FDH            LINE#              3745
	C:03FEH            LINE#              3746
	C:0400H            LINE#              3747
	C:0401H            LINE#              3749
	C:0404H            LINE#              3750
	C:0405H            LINE#              3751
	C:0406H            LINE#              3752
	C:0408H            LINE#              3753
	C:0409H            LINE#              3754
	C:040AH            LINE#              3755
LX51 CODE BANKING LINKER/LOCATOR V06.16.13.326             09/04/16  02:30:57

	C:040BH            LINE#              3756
	C:040DH            LINE#              3757
	C:040EH            LINE#              3761
	C:0411H            LINE#              3762
	C:0412H            LINE#              3763
	C:0413H            LINE#              3764
	C:0414H            LINE#              3765
	C:0415H            LINE#              3766
	C:0416H            LINE#              3767
	C:0418H            LINE#              3769
	C:041BH            LINE#              3773
	C:041DH            LINE#              3774
	C:041FH            LINE#              3776
	C:0422H            LINE#              3777
	C:0425H            LINE#              3778
	C:0427H            LINE#              3779
	C:0429H            LINE#              3783
	C:042AH            LINE#              3784
	C:042BH            LINE#              3785
	C:042DH            LINE#              3786
	C:042EH            LINE#              3787
	C:042FH            LINE#              3788
	C:0431H            LINE#              3789
	C:0432H            LINE#              3793
	C:0433H            LINE#              3794
	C:0434H            LINE#              3795
	C:0435H            LINE#              3796
	C:0436H            LINE#              3797
	C:0437H            LINE#              3798
	C:0438H            LINE#              3799
	C:0439H            LINE#              3801
	C:043AH            LINE#              3802
	C:043BH            LINE#              3803
	C:043DH            LINE#              3804
	C:043EH            LINE#              3805
	C:043FH            LINE#              3806
	C:0441H            LINE#              3807
	C:0442H            LINE#              3809
	C:0444H            LINE#              3814
	C:0445H            LINE#              3815
	C:0446H            LINE#              3816
	C:0447H            LINE#              3817
	C:0448H            LINE#              3818
	C:0449H            LINE#              3819
	C:044AH            LINE#              3820
	C:044BH            LINE#              3822
	C:044EH            LINE#              3823
	C:0450H            LINE#              3825
	C:0451H            LINE#              3826
	C:0452H            LINE#              3827
	C:0453H            LINE#              3828
	C:0454H            LINE#              3829
	C:0455H            LINE#              3830
	C:0456H            LINE#              3831
	C:0457H            LINE#              3833
	C:045AH            LINE#              3834
	C:045CH            LINE#              3836
	C:045DH            LINE#              3837
	C:045EH            LINE#              3838
	C:045FH            LINE#              3839
	C:0460H            LINE#              3840
	C:0461H            LINE#              3841
	C:0462H            LINE#              3842
	C:0463H            LINE#              3845
	C:0466H            LINE#              3848
	C:0467H            LINE#              3849
	C:0468H            LINE#              3850
	C:046AH            LINE#              3851
LX51 CODE BANKING LINKER/LOCATOR V06.16.13.326             09/04/16  02:30:57

	C:046BH            LINE#              3852
	C:046DH            LINE#              3853
	C:046FH            LINE#              3855
	C:0471H            LINE#              3859
	C:0472H            LINE#              3860
	C:0474H            LINE#              3862
	C:0475H            LINE#              3863
	C:0476H            LINE#              3864
	C:0478H            LINE#              3865
	C:047AH            LINE#              3868
	C:047CH            LINE#              3869
	C:047EH            LINE#              3870
	C:0480H            LINE#              3872
	C:0482H            LINE#              3874
	C:0483H            LINE#              3875
	C:0485H            LINE#              3876
	C:0487H            LINE#              3877
	C:0489H            LINE#              3878
	C:048BH            LINE#              3880
	C:048EH            LINE#              3881
	C:0490H            LINE#              3882
	C:0492H            LINE#              3886
	C:0494H            LINE#              3887
	C:0496H            LINE#              3889
	C:0498H            LINE#              3893
	C:049AH            LINE#              3894
	C:049BH            LINE#              3895
	C:049CH            LINE#              3897
	C:049EH            LINE#              3898
	C:04A1H            LINE#              3900
	C:04A3H            LINE#              3902
	C:04A6H            LINE#              3904
	C:04A8H            LINE#              3906
	C:04A9H            LINE#              3909
	C:04ABH            LINE#              3910
	C:04ACH            LINE#              3911
	C:04ADH            LINE#              3912
	C:04AFH            LINE#              3913
	C:04B0H            LINE#              3915
	C:04B1H            LINE#              3916
	C:04B2H            LINE#              3917
	C:04B3H            LINE#              3918
	C:04B4H            LINE#              3919
	C:04B5H            LINE#              3920
	C:04B6H            LINE#              3921
	C:04B7H            LINE#              3923
	C:04B9H            LINE#              3924
	C:04BCH            LINE#              3926
	C:04BEH            LINE#              3927
	C:04C0H            LINE#              3930
	C:04C3H            LINE#              3932
	C:04C5H            LINE#              3933
	C:04C7H            LINE#              3936
	C:04CAH            LINE#              3938
	C:04CCH            LINE#              3941
	C:04CEH            LINE#              3943
	C:04D0H            LINE#              3946
	C:04D3H            LINE#              3948
	C:04D4H            LINE#              3949
	C:04D5H            LINE#              3950
	C:04D7H            LINE#              3951
	C:04D8H            LINE#              3952
	C:04D9H            LINE#              3953
	C:04DAH            LINE#              3954
	C:04DCH            LINE#              3955
	C:04DDH            LINE#              3956
	C:04E0H            LINE#              3960
	C:04E2H            LINE#              3961
LX51 CODE BANKING LINKER/LOCATOR V06.16.13.326             09/04/16  02:30:57

	C:04E4H            LINE#              3962
	C:04E6H            LINE#              3966
	C:04E9H            LINE#              3968
	C:04EAH            LINE#              3969
	C:04EBH            LINE#              3970
	C:04ECH            LINE#              3971
	C:04EDH            LINE#              3972
	C:04EEH            LINE#              3973
	C:04EFH            LINE#              3974
	C:04F0H            LINE#              3975
	C:04F1H            LINE#              3976
	C:04F3H            LINE#              3977
	C:04F4H            LINE#              3978
	C:04F5H            LINE#              3979
	C:04F7H            LINE#              3980
	C:04F8H            LINE#              3981
	C:04FAH            LINE#              3983
	C:04FCH            LINE#              3984
	C:04FEH            LINE#              3988
	C:04FFH            LINE#              3989
	C:0500H            LINE#              3990
	C:0502H            LINE#              3991
	C:0503H            LINE#              3992
	C:0505H            LINE#              3993
	C:0507H            LINE#              3995
	C:0509H            LINE#              3996
	C:050BH            LINE#              3997
	C:050DH            LINE#              4000
	C:050EH            LINE#              4001
	C:0511H            LINE#              4002
	C:0512H            LINE#              4003
	C:0514H            LINE#              4004
	C:0516H            LINE#              4005
	C:0517H            LINE#              4006
	C:0518H            LINE#              4007
	C:051AH            LINE#              4008
	C:051CH            LINE#              4010
	C:051FH            LINE#              4013
	C:0521H            LINE#              4014
	C:0523H            LINE#              4015
	C:0526H            LINE#              4018
	C:0527H            LINE#              4019
	C:0528H            LINE#              4020
	C:0529H            LINE#              4021
	C:052AH            LINE#              4022
	C:052BH            LINE#              4023
	C:052CH            LINE#              4024
	C:052DH            LINE#              4027
	C:0530H            LINE#              4028
	C:0531H            LINE#              4029
	C:0533H            LINE#              4031
	C:0535H            LINE#              4033
	C:0536H            LINE#              4034
	C:0537H            LINE#              4035
	C:0538H            LINE#              4036
	C:0539H            LINE#              4037
	C:053AH            LINE#              4038
	C:053BH            LINE#              4039
	C:053DH            LINE#              4040
	C:053EH            LINE#              4044
	C:053FH            LINE#              4045
	C:0540H            LINE#              4046
	C:0542H            LINE#              4047
	C:0543H            LINE#              4048
	C:0545H            LINE#              4049
	C:0547H            LINE#              4051
	C:0549H            LINE#              4055
	C:054BH            LINE#              4056
LX51 CODE BANKING LINKER/LOCATOR V06.16.13.326             09/04/16  02:30:57

	C:054DH            LINE#              4057
	C:0550H            LINE#              4059
	C:0552H            LINE#              4061
	C:0554H            LINE#              4062
	C:0555H            LINE#              4063
	C:0557H            LINE#              4064
	C:0558H            LINE#              4065
	C:055AH            LINE#              4066
	C:055CH            LINE#              4067
[...]
	C:1736H            LINE#              171
	C:1737H            LINE#              172
	C:1738H            LINE#              173
	C:1739H            LINE#              185
	C:173AH            LINE#              187
	C:173DH            LINE#              188
	C:1740H            LINE#              189
	C:1741H            LINE#              190
	C:1742H            LINE#              191
	C:1744H            LINE#              192
	C:1746H            LINE#              193
	C:1748H            LINE#              195
	C:1749H            LINE#              197
	C:174AH            LINE#              198
	C:174DH            LINE#              199
	C:1750H            LINE#              200
	C:1751H            LINE#              201
	C:1754H            LINE#              202
	C:1755H            LINE#              213
	C:1758H            LINE#              214
	C:175BH            LINE#              215
	C:175EH            LINE#              216
	C:1761H            LINE#              217
	C:1764H            LINE#              218
	C:1765H            LINE#              219
	C:1768H            LINE#              220
	C:1769H            LINE#              250
	C:176CH            LINE#              251
	C:176EH            LINE#              252
	C:1770H            LINE#              254
	C:1773H            LINE#              255
	C:1775H            LINE#              256
	C:1777H            LINE#              258
	C:1778H            LINE#              269
	C:177AH            LINE#              270
	C:177CH            LINE#              271
	C:177EH            LINE#              272
	C:1781H            LINE#              274
	C:1783H            LINE#              275
	C:1785H            LINE#              276
	C:1786H            LINE#              277
	C:1787H            LINE#              278
LX51 CODE BANKING LINKER/LOCATOR V06.16.13.326             09/04/16  02:30:57

	C:1788H            LINE#              279
	C:178AH            LINE#              280
	C:178BH            LINE#              291
	C:178DH            LINE#              292
	C:178FH            LINE#              293
	C:1792H            LINE#              295
	C:1793H            LINE#              296
	C:1795H            LINE#              297
	C:1796H            LINE#              298
	C:1797H            LINE#              299
	C:1799H            LINE#              300
	C:179AH            LINE#              311
	C:179CH            LINE#              312
	C:179EH            LINE#              397
	C:17A1H            LINE#              398
	C:17A3H            LINE#              401
	C:17A6H            LINE#              402
	C:17A8H            LINE#              405
	C:17ABH            LINE#              406
	C:17ADH            LINE#              409
	C:17B0H            LINE#              410
	C:17B2H            LINE#              413
	C:17B5H            LINE#              414
	C:17B7H            LINE#              417
	C:17BAH            LINE#              418
	C:17BCH            LINE#              421
	C:17BFH            LINE#              422
	C:17C1H            LINE#              425
	C:17C4H            LINE#              426
	C:17C6H            LINE#              429
	C:17C9H            LINE#              430
	C:17CBH            LINE#              433
	C:17CEH            LINE#              434
	C:17D0H            LINE#              437
	C:17D3H            LINE#              438
	C:17D5H            LINE#              442
	C:17D6H            LINE#              443
	C:17D7H            LINE#              444
	C:17D8H            LINE#              455
	C:17DAH            LINE#              457
	C:17DDH            LINE#              458
	C:17DFH            LINE#              459
	C:17E0H            LINE#              470
	C:17E2H            LINE#              471
	C:17E5H            LINE#              472
	C:17E8H            LINE#              473
	C:17EBH            LINE#              474
	C:17EEH            LINE#              475
	C:17F1H            LINE#              476
	C:17F4H            LINE#              477
	C:17F7H            LINE#              478
	C:17FAH            LINE#              479
	C:17FDH            LINE#              480
	C:1800H            LINE#              481
	C:1803H            LINE#              482
	C:1806H            LINE#              483
	C:1809H            LINE#              484
	C:180CH            LINE#              485
	C:180EH            LINE#              486
	C:180FH            LINE#              497
	C:1811H            LINE#              498
	C:1814H            LINE#              499
	C:1817H            LINE#              500
	C:181AH            LINE#              501
	C:181DH            LINE#              502
	C:1820H            LINE#              503
	C:1823H            LINE#              504
	C:1826H            LINE#              505
LX51 CODE BANKING LINKER/LOCATOR V06.16.13.326             09/04/16  02:30:57

	C:1829H            LINE#              506
	C:182CH            LINE#              507
	C:182FH            LINE#              508
	C:1832H            LINE#              509
	C:1835H            LINE#              510
	C:1838H            LINE#              511
	C:183BH            LINE#              512
	C:183DH            LINE#              513
	C:183EH            LINE#              524
	C:1840H            LINE#              525
	C:1842H            LINE#              526
	C:1844H            LINE#              528
	C:1847H            LINE#              529
	C:184AH            LINE#              530
	C:184DH            LINE#              531
	C:1850H            LINE#              532
	C:1852H            LINE#              534
	C:1855H            LINE#              535
	C:1858H            LINE#              536
	C:185AH            LINE#              537
	C:185CH            LINE#              538
	C:185DH            LINE#              550
	C:1860H            LINE#              551
	C:1863H            LINE#              552
	C:1866H            LINE#              555
	C:1869H            LINE#              557
	C:186CH            LINE#              559
	C:186FH            LINE#              561
	C:1871H            LINE#              562
	C:1873H            LINE#              564
	C:1875H            LINE#              565
	C:1878H            LINE#              566
	C:1879H            LINE#              567
	C:187AH            LINE#              568
	C:187CH            LINE#              569
	C:187EH            LINE#              570
	C:187FH            LINE#              571
	C:1881H            LINE#              572
	C:1883H            LINE#              573
	C:1885H            LINE#              575
	C:1886H            LINE#              576
	C:1888H            LINE#              577
	C:188AH            LINE#              578
	C:188CH            LINE#              580
	C:188FH            LINE#              583
	C:1892H            LINE#              584
	C:1895H            LINE#              585
	C:1898H            LINE#              586
	C:189AH            LINE#              588
	C:189DH            LINE#              592
	C:18A0H            LINE#              595
	C:18A2H            LINE#              596
	C:18A4H            LINE#              597
	C:18A5H            LINE#              598
	C:18A7H            LINE#              599
	C:18A9H            LINE#              600
	C:18ABH            LINE#              602
	C:18ADH            LINE#              605
	C:18B0H            LINE#              606
	C:18B2H            LINE#              622
	C:18B4H            LINE#              623
	C:18B5H            LINE#              624
	C:18B8H            LINE#              625
	C:18B9H            LINE#              626
	C:18BAH            LINE#              628
	C:18BBH            LINE#              629
	C:18BCH            LINE#              630
	C:18BEH            LINE#              631
LX51 CODE BANKING LINKER/LOCATOR V06.16.13.326             09/04/16  02:30:57

	C:18BFH            LINE#              632
	C:18C1H            LINE#              633
	C:18C3H            LINE#              636
	C:18C6H            LINE#              637
	C:18C9H            LINE#              638
	C:18CBH            LINE#              650
	C:18CCH            LINE#              651
	C:18CEH            LINE#              652
	C:18D0H            LINE#              654
	C:18D2H            LINE#              655
	C:18D4H            LINE#              658
	C:18D7H            LINE#              659
	C:18DAH            LINE#              660
	C:18DCH            LINE#              662
	C:18DFH            LINE#              666
	C:1C00H            LINE#              45
	C:1C02H            LINE#              47
	C:1C04H            LINE#              50
	C:1C07H            LINE#              57
	C:1C0AH            LINE#              60
	C:1C0DH            LINE#              66
	C:1C10H            LINE#              67
	C:1C13H            LINE#              68
	C:1C16H            LINE#              69
	C:1C18H            LINE#              71
	C:1C1BH            LINE#              72
	C:1C1EH            LINE#              75
	C:1C21H            LINE#              80
	C:1C24H            LINE#              81
	C:1C27H            LINE#              82
	C:1C2AH            LINE#              83
	C:1C2CH            LINE#              85
	C:1C2EH            LINE#              88
	C:1C30H            LINE#              89
	C:1C32H            LINE#              90
	C:1C34H            LINE#              91
	C:1C37H            LINE#              92
	C:1C3AH            LINE#              93
	C:1C3DH            LINE#              94
	C:1C3FH            LINE#              95
	C:1C42H            LINE#              96
	C:1C45H            LINE#              99
	C:1C48H            LINE#              100
	C:1C4AH            LINE#              103
	C:1C4DH            LINE#              104
	C:1C4FH            LINE#              105
	C:1C51H            LINE#              106
	C:1C53H            LINE#              108
	C:1C55H            LINE#              110
	C:1C58H            LINE#              111
	C:1C5AH            LINE#              112
	C:1C5CH            LINE#              113
	C:1C5EH            LINE#              115
	C:1C60H            LINE#              117
	C:1C62H            LINE#              118
	C:1C63H            LINE#              119
	C:1C64H            LINE#              120
	C:1C65H            LINE#              121
	C:1C66H            LINE#              122
	C:1C67H            LINE#              123
	C:1C69H            LINE#              124
	C:1C6BH            LINE#              125
	C:1C6DH            LINE#              128
	C:1C6FH            LINE#              130
	C:1C71H            LINE#              131
	C:1C73H            LINE#              132
	C:1C75H            LINE#              135
	C:1C77H            LINE#              136
LX51 CODE BANKING LINKER/LOCATOR V06.16.13.326             09/04/16  02:30:57

	C:1C78H            LINE#              137
	C:1C79H            LINE#              138
	C:1C7AH            LINE#              139
	C:1C7BH            LINE#              140
	C:1C7DH            LINE#              141
	C:1C7FH            LINE#              148
	C:1C81H            LINE#              149
	C:1C83H            LINE#              150
	C:1C86H            LINE#              151
	C:1C89H            LINE#              152
	C:1C8BH            LINE#              153
	C:1C8CH            LINE#              154
	C:1C8DH            LINE#              155
	C:1C8EH            LINE#              156
	C:1C8FH            LINE#              157
	C:1C90H            LINE#              158
	C:1C91H            LINE#              159
	C:1C93H            LINE#              160
	C:1C95H            LINE#              162
	C:1C97H            LINE#              163
	C:1C99H            LINE#              164
	C:1C9BH            LINE#              165
	C:1C9CH            LINE#              166
	C:1C9FH            LINE#              168
	C:1CA1H            LINE#              169
	C:1CA3H            LINE#              171
	C:1CA5H            LINE#              172
	C:1CA7H            LINE#              173
	C:1CA9H            LINE#              174
	C:1CAAH            LINE#              175
	C:1CABH            LINE#              176
	C:1CADH            LINE#              177
	C:1CAFH            LINE#              178
	C:1CB1H            LINE#              180
	C:1CB4H            LINE#              183
	C:1CB5H            LINE#              184
	C:1CB7H            LINE#              185
	C:1CBAH            LINE#              186
	C:1CBDH            LINE#              187
	C:1CC0H            LINE#              188
	C:1CC3H            LINE#              189
	C:1CC6H            LINE#              190
	C:1CC8H            LINE#              193
	C:1CCAH            LINE#              194
	C:1CCCH            LINE#              195
	C:1CCDH            LINE#              196
	C:1CCEH            LINE#              197
	C:1CD0H            LINE#              198
	C:1CD2H            LINE#              199
	C:1CD4H            LINE#              201
	C:1CD6H            LINE#              202
	C:1CD7H            LINE#              204
	C:1CD9H            LINE#              206
	C:1CDAH            LINE#              207
	C:1CDCH            LINE#              209
	C:1CDDH            LINE#              210
	C:1CDFH            LINE#              212
	C:1CE0H            LINE#              213
	C:1CE1H            LINE#              214
	C:1CE3H            LINE#              215
	C:1CE5H            LINE#              218
	C:1CE6H            LINE#              219
	C:1CE8H            LINE#              220
	C:1CEAH            LINE#              221
	C:1CECH            LINE#              222
	C:1CEDH            LINE#              223
	C:1CEFH            LINE#              224
	C:1CF1H            LINE#              225
LX51 CODE BANKING LINKER/LOCATOR V06.16.13.326             09/04/16  02:30:57

	C:1CF3H            LINE#              226
	C:1CF5H            LINE#              227
	C:1CF7H            LINE#              228
	C:1CFAH            LINE#              231
	C:1CFDH            LINE#              232
	C:1D00H            LINE#              233
	C:1D03H            LINE#              234
	C:1D06H            LINE#              235
	C:1D07H            LINE#              236
	C:1D0AH            LINE#              239
	C:1D0CH            LINE#              240
	C:1D0EH            LINE#              241
	C:1D0FH            LINE#              242
	C:1D10H            LINE#              243
	C:1D13H            LINE#              244
	C:1D16H            LINE#              245
	C:1D18H            LINE#              246
	C:1D1AH            LINE#              247
	C:1D1CH            LINE#              250
	C:1D1DH            LINE#              251
	C:1D1FH            LINE#              252
	C:1D21H            LINE#              253
	C:1D23H            LINE#              255
	C:1D24H            LINE#              256
	C:1D26H            LINE#              259
	C:1D28H            LINE#              261
	C:1D29H            LINE#              262
	C:1D2CH            LINE#              263
	C:1D2FH            LINE#              264
	C:1D30H            LINE#              265
	C:1D31H            LINE#              266
	C:1D33H            LINE#              268
	C:1D36H            LINE#              269
	C:1D38H            LINE#              272
	C:1D3AH            LINE#              273
	C:1D3DH            LINE#              275
	C:1D3EH            LINE#              276
	C:1D3FH            LINE#              277
	C:1D40H            LINE#              278
	C:1D41H            LINE#              279
	C:1D43H            LINE#              280
	C:1D45H            LINE#              282
	C:1D47H            LINE#              283
	C:1D49H            LINE#              285
	C:1D4BH            LINE#              291
	C:1D4DH            LINE#              292
	C:1D4FH            LINE#              293
	C:1D51H            LINE#              294
	C:1D52H            LINE#              295
	C:1D53H            LINE#              296
	C:1D54H            LINE#              297
	C:1D56H            LINE#              298
	C:1D59H            LINE#              299
	C:1D5AH            LINE#              300
	C:1D5CH            LINE#              301
	C:1D5DH            LINE#              302
	C:1D5FH            LINE#              303
	C:1D61H            LINE#              304
	C:1D62H            LINE#              305
	C:1D64H            LINE#              306
	C:1D66H            LINE#              308
	C:1D69H            LINE#              309
	C:1D6CH            LINE#              311
	C:1D6FH            LINE#              315
	C:1D71H            LINE#              316
	C:1D73H            LINE#              317
	C:1D76H            LINE#              318
	C:1D77H            LINE#              319
LX51 CODE BANKING LINKER/LOCATOR V06.16.13.326             09/04/16  02:30:57

	C:1D78H            LINE#              320
	C:1D7BH            LINE#              321
	C:1D7DH            LINE#              322
	C:1D80H            LINE#              323
	C:1D82H            LINE#              324
	C:1D84H            LINE#              325
	C:1D85H            LINE#              326
	C:1D86H            LINE#              327
	C:1D88H            LINE#              329
	C:1D8AH            LINE#              331
	C:1D8DH            LINE#              333
	C:1D8EH            LINE#              337
	C:1D90H            LINE#              338
	C:1D91H            LINE#              339
	C:1D92H            LINE#              340
	C:1D95H            LINE#              341
	C:1D97H            LINE#              343
	C:1D9AH            LINE#              344
	C:1D9CH            LINE#              346
	C:1D9FH            LINE#              347
	C:1DA1H            LINE#              348
	C:1DA3H            LINE#              349
	C:1DA4H            LINE#              350
	C:1DA5H            LINE#              351
	C:1DA6H            LINE#              352
	C:1DA7H            LINE#              353
	C:1DA8H            LINE#              354
	C:1DA9H            LINE#              355
	C:1DAAH            LINE#              356
	C:1DACH            LINE#              357
	C:1DAEH            LINE#              358
	C:1DAFH            LINE#              359
	C:1DB0H            LINE#              360
	C:1DB1H            LINE#              361
	C:1DB4H            LINE#              362
	C:1DB6H            LINE#              364
	C:1DB7H            LINE#              365
	C:1DBAH            LINE#              366
	C:1DBDH            LINE#              368
	C:1DBEH            LINE#              369
	C:1DC0H            LINE#              370
	C:1DC1H            LINE#              371
	C:1DC3H            LINE#              372
	C:1DC5H            LINE#              373
	C:1DC6H            LINE#              374
	C:1DC8H            LINE#              375
	C:1DCAH            LINE#              377
	C:1DCDH            LINE#              378
	C:1DD0H            LINE#              380
	C:1DD3H            LINE#              382
	C:1DD5H            LINE#              383
	C:1DD7H            LINE#              384
	C:1DD9H            LINE#              385
	C:1DDBH            LINE#              386
	C:1DDCH            LINE#              390
	C:1DDEH            LINE#              391
	C:1DE0H            LINE#              392
	C:1DE1H            LINE#              393
	C:1DE2H            LINE#              394
	C:1DE4H            LINE#              395
	C:1DE6H            LINE#              397
	C:1DE8H            LINE#              398
	C:19FDH            LINE#              8306
	-------            ENDMOD             BLHELI

----------------------
SUGGESTED OPTIMIZATION
----------------------
LX51 CODE BANKING LINKER/LOCATOR V06.16.13.326             09/04/16  02:30:57

Warning: 15 (FH) data bytes in the range [00H-80H] are available for storage.&

         Consider using some of these for 'data' variables in your source fil&
es.


LINK/LOCATE RUN COMPLETE, 1 WARNING  FOUND.

