LX51 CODE BANKING LINKER/LOCATOR V06.16.13.326                                 09/04/16  02:30:50
MS-DOS LX51 CODE BANKING LINKER/LOCATOR V06.16.13.326,  INVOKED BY:
C:\Dev\Raisonance\Ride\bin\lx51.exe Output\PLATINUM_PRO_30A_REV14_75.OBJ TO(Output\PLATINUM_PRO_3&
0A_REV14_75.OMF) RS(256) PL(68) PW(78) OUTPUTSUMMARY LIBPATH(C:\Dev\Raisonance\Ride\lib\51) 


INPUT MODULES INCLUDED
  OUTPUT\PLATINUM_PRO_30A_REV14_75.OBJ(BLHELI)


LINK MAP OF MODULE: OUTPUT\PLATINUM_PRO_30A_REV14_75.OMF (PLATINUM_PRO_30A_RE&
V14_75)

    TYPE     BASE       LENGTH    RELOCATION     SEGMENT NAME
    ----     ----       ------    ----------     ------------

    * * * * * * *   DATA/IDATA    M E M O R Y   * * * * * * *
    REG      0000H      0008H     ABSOLUTE       "REG BANK 0"
             0008H      0018H                    *** GAP ***
    DATA     0020H      0010H     ABSOLUTE       
    

***WARNING 6: DATA SPACE MEMORY OVERLAP
   AT ADDRESS: 0020,(BLHELI,BLHELI)
    DATA     0020H      000BH     ABSOLUTE       
    DATA     0030H      004EH     ABSOLUTE       
             007EH      0002H                    *** GAP ***
    IDATA    0080H      0028H     ABSOLUTE       
             00A8H      0028H                    *** GAP ***
    IDATA    00D0H      0030H     ABSOLUTE       

    * * * * * * *   CODE          M E M O R Y   * * * * * * *
    CODE     0000H      0003H     ABSOLUTE       
             0003H      0008H                    *** GAP ***
    CODE     000BH      0003H     ABSOLUTE       
             000EH      001DH                    *** GAP ***
    CODE     002BH      0003H     ABSOLUTE       
             002EH      002DH                    *** GAP ***
    CODE     005BH      0003H     ABSOLUTE       
             005EH      0015H                    *** GAP ***
    CODE     0073H      0003H     ABSOLUTE       
             0076H      000AH                    *** GAP ***
    CODE     0080H      188BH     ABSOLUTE       
             190BH      00F2H                    *** GAP ***
    CODE     19FDH      0003H     ABSOLUTE       
    CODE     1A00H      0029H     ABSOLUTE       
             1A29H      0017H                    *** GAP ***
    CODE     1A40H      0010H     ABSOLUTE       
    CODE     1A50H      0010H     ABSOLUTE       
    CODE     1A60H      0010H     ABSOLUTE       
             1A70H      0190H                    *** GAP ***
    CODE     1C00H      01F7H     ABSOLUTE       

EXECUTABLE SUMMARY:
-------------------
    Total INTERNAL RAM storage requirement:  00BEH (190)
    Total EXTERNAL RAM storage requirement:  0000H (0)
    Total     CODE     storage requirement:  1AEDH (6893)
Note:  Summary does not include dynamic stack requirements


REFERENCE MAP OF MODULE: OUTPUT\PLATINUM_PRO_30A_REV14_75.OMF (PLATINUM_PRO_30A_REV14_75)

SEGMENT                           BI_GROUP            DT_GROUP             ID_GROUP             XD_GROUP
  +--> CALLED SEGMENT          START    LENGTH     START    LENGTH     START    LENGTH     START    LENGTH
--------------------------------------------------------------------------------------

SYMBOL TABLE FOR OUTPUT\PLATINUM_PRO_30A_REV14_75.OMF(BLHELI)
--------------------------------------------------------------

LX51 CODE BANKING LINKER/LOCATOR V06.16.13.326             09/04/16  02:30:50

    VALUE              TYPE               NAME
    -----              ----               ----

	-------            MODULE             BLHELI
	C:1CCEH            SYMBOL             SET4
	C:1C55H            SYMBOL             ID3
	D:0028H            SYMBOL             BYTE_CNTH
	D:0023H            SYMBOL             CRCH
	C:161CH            SYMBOL             NORMAL_RUN_CHECK_STARTUP_ROT
	C:1071H            SYMBOL             DECODE_DEMAG_HIGH
	C:0F2CH            SYMBOL             COMM61_DAMP_REV
	C:0D9CH            SYMBOL             COMM12_NFET_DONE
	C:0C31H            SYMBOL             WAIT_BEFORE_ZC_SCAN_EXIT
	C:08FAH            SYMBOL             CHECK_TEMP_VOLTAGE_AND_LIMIT_POWER
	C:0877H            SYMBOL             GOVERNOR_LIMIT_INT_CORR_POS
	C:083FH            SYMBOL             GOVERNOR_CORR_NEG_PROP
	C:04CEH            SYMBOL             PCA_INT_PPM_BELOW_FULL_RANGE
	C:02C8H            SYMBOL             T2_INT_CURRENT_PWM_NO_DITHER
	C:1A10H            SYMBOL             _EEP_MAIN_REARM_START
	D:0079H            SYMBOL             TIMER0_OVERFLOW_VALUE
	D:0072H            SYMBOL             PPM_THROTTLE_GAIN
	D:006FH            SYMBOL             LIPO_ADC_LIMIT_H
	D:005EH            SYMBOL             CURR_RCP_PWM_FREQ
	D:0058H            SYMBOL             RCP_EDGE_H
	D:002FH            SYMBOL             FLAGS3
	D:0027H            SYMBOL             RCP_PREV_EDGE_L
	B:00EDH            SYMBOL             AD0INT
	B:00C1H            SYMBOL             ACK1
	D:0099H            SYMBOL             SBUF0
	D:0080H            SYMBOL             P0
	D:0082H            SYMBOL             DPL
	D:00C6H            SYMBOL             ADC0LTH
	D:00BEH            SYMBOL             ADC0H
	C:1CD4H            SYMBOL             SET5
	C:1C60H            SYMBOL             ID4
	C:1876H            SYMBOL             FUNCTION_BEEP
	C:14B7H            SYMBOL             INIT_START
	C:134CH            SYMBOL             PROGRAM_BY_TX_ENTRY_PWM
	C:10A0H            SYMBOL             FIND_THROTTLE_GAIN_CALCULATE
	C:0EA6H            SYMBOL             COMM45_NONDAMP
	C:0E60H            SYMBOL             COMM4COMM5
	C:0A7BH            SYMBOL             CALC_NEW_WAIT_TIMES_SETUP
	C:08ECH            SYMBOL             SET_PWM_LIMIT_HIGH_RPM_INC_LIMIT
	C:0453H            SYMBOL             PCA_INT_RESTORE_EDGE_SET_MSB
	C:030DH            SYMBOL             T2H_INT_RCP_STOP
	C:011FH            SYMBOL             T0_INT_PWM_OFF_DAMP_DONE
	C:1A19H            SYMBOL             EEP_PGM_PPM_MIN_THROTTLE
	D:006DH            SYMBOL             MAIN_SPOOLUP_TIME_15X
	D:0068H            SYMBOL             RANDOM
	D:0065H            SYMBOL             PWM_MOTOR_IDLE
	D:005DH            SYMBOL             PREV_RCP_PWM_FREQ
	D:0041H            SYMBOL             COMM_PERIOD4X_H
	B:00C6H            SYMBOL             TXMODE0
	B:00AEH            SYMBOL             ESPI0
	D:00D3H            SYMBOL             SFRSTACK
	D:00EFH            SYMBOL             RSTSRC
	D:0090H            SYMBOL             P1
	D:0084H            SYMBOL             IPH
	D:009EH            SYMBOL             CRC0DAT
	D:00DDH            SYMBOL             CRC0AUTO
	D:00BCH            SYMBOL             ADC0CF
	C:1CDCH            SYMBOL             SET6
	C:1C6DH            SYMBOL             ID5
	C:1884H            SYMBOL             PARAVAL_BEEP
	C:17FDH            SYMBOL             STORE_MULTI_FUNC_10
	C:16D5H            SYMBOL             RUN_TO_WAIT_FOR_POWER_ON_BRAKE_DONE
	C:0E86H            SYMBOL             COMM45_DAMP_REV
	C:0E12H            SYMBOL             COMM23_NFET_DONE
LX51 CODE BANKING LINKER/LOCATOR V06.16.13.326             09/04/16  02:30:50

	C:07CDH            SYMBOL             GOVERNOR_CHECK_PWM
	C:0728H            SYMBOL             GOVERNOR_ACTIVATE
	C:0161H            SYMBOL             PWM_AFET_DAMPED_DONE
	C:1A27H            SYMBOL             EEP_PGM_BRAKE_ON_STOP
	C:1A0FH            SYMBOL             EEP_ENABLE_TX_PROGRAM
	D:0037H            SYMBOL             DEMAG_DETECTED_METRIC
	B:00CCH            SYMBOL             TF2CEN
	B:00C6H            SYMBOL             TXMODE1
	B:00C3H            SYMBOL             ACKRQ0
	D:00A0H            SYMBOL             P2
	D:00FDH            SYMBOL             P0MAT
	D:00E3H            SYMBOL             OSCLCN
	D:00F0H            SYMBOL             B
	C:1D92H            SYMBOL             GETC
	D:0026H            SYMBOL             BIT_CNT
	C:1802H            SYMBOL             STORE_MULTI_FUNC_11
	C:179BH            SYMBOL             WRITE_EEPROM_SIGNATURE
	C:1441H            SYMBOL             WAIT_FOR_POWER_ON
	C:1725H            SYMBOL             ERASE_AND_STORE_ALL_IN_EEPROM
	C:13ACH            SYMBOL             THROTTLE_LOW_CAL_START
	C:132FH            SYMBOL             ARMING_INITIAL_ARM_CHECK
	C:140CH            SYMBOL             PROGRAM_BY_TX_CHECKED
	C:1099H            SYMBOL             FIND_THROTTLE_GAIN_CHECK_FULL
	C:0F92H            SYMBOL             SET_DEFAULT_PARAMETERS
	C:0EF0H            SYMBOL             COMM56_REV
	C:0ED7H            SYMBOL             COMM5COMM6
	C:0DF6H            SYMBOL             COMM23_NFET_OFF_REV
	C:0CB7H            SYMBOL             COMP_READ_WRONG_EXTEND_TIMEOUT
	C:0CF1H            SYMBOL             COMP_READ_OK
	C:0B1CH            SYMBOL             CALC_NEW_WAIT_TIMES_FAST_DONE
	C:09B7H            SYMBOL             CALC_NEXT_COMM_TIMING
	C:075EH            SYMBOL             CALC_GOVERNOR_TARGET_EXIT
	C:065CH            SYMBOL             BEEP_ANFET_OFF
	C:0478H            SYMBOL             PCA_INT_STORE_DATA
	C:0246H            SYMBOL             T2_INT_RCP_GAIN_POS
	C:0208H            SYMBOL             T2_INT_RCP_UPDATE_START
	C:0172H            SYMBOL             PWM_BFET_DAMPED_DONE
	C:19FDH            SYMBOL             RESET
	C:1A1AH            SYMBOL             EEP_PGM_PPM_MAX_THROTTLE
	I:00A5H            SYMBOL             PGM_GOV_P_GAIN_DECODED
	I:00A0H            SYMBOL             PGM_ENABLE_TEMP_PROT
	I:009BH            SYMBOL             _PGM_THROTTLE_RATE
	I:008FH            SYMBOL             _PGM_STARTUP_RPM
	D:0062H            SYMBOL             PWM_LIMIT_SPOOLUP
	D:0056H            SYMBOL             RCP_PREPREV_EDGE_H
	D:004FH            SYMBOL             WT_ZC_SCAN_START_L
	D:002BH            SYMBOL             RCP_SKIP_CNTD
	B:00C3H            SYMBOL             ACKRQ1
	D:0081H            SYMBOL             SP
	D:00C0H            SYMBOL             SMB0CN
	D:0098H            SYMBOL             SCON0
	D:00EDH            SYMBOL             P1MAT
	C:1D0AH            SYMBOL             PRO3
	C:1DE9H            SYMBOL             BOOT_SIGN
	D:0027H            SYMBOL             BYTE_CNTL
	D:0025H            SYMBOL             BAUDH
	D:0022H            SYMBOL             CRCL
	C:18EFH            SYMBOL             FUNCTION_NEXT
	C:1379H            SYMBOL             THROTTLE_HIGH_CAL
	C:0F5EH            SYMBOL             COMM61_NFET_DONE
	C:0E42H            SYMBOL             COMM34_NFET_DONE
	C:0BD9H            SYMBOL             STORE_TIMES_INCREASE_FAST
	C:0A2EH            SYMBOL             CALC_NEXT_COMM_NORMAL
	C:09A5H            SYMBOL             STARTUP_PWM_SET_PWM
	C:0183H            SYMBOL             PWM_CFET_DAMPED_DONE
	I:0088H            SYMBOL             PGM_DIRECTION
	I:0087H            SYMBOL             PGM_PWM_FREQ
	D:006EH            SYMBOL             LIPO_ADC_LIMIT_L
LX51 CODE BANKING LINKER/LOCATOR V06.16.13.326             09/04/16  02:30:50

	D:0057H            SYMBOL             RCP_EDGE_L
	D:0036H            SYMBOL             STALL_CNT
	B:00D6H            SYMBOL             AC
	D:00C0H            SYMBOL             SMB1CN
	D:00E7H            SYMBOL             SMB0ADM
	D:00E6H            SYMBOL             EIE1
	D:00BAH            SYMBOL             AMX0N
	D:00C5H            SYMBOL             ADC0LTL
	D:00BDH            SYMBOL             ADC0L
	C:1D16H            SYMBOL             PRO4
	C:1C7FH            SYMBOL             MAIN
	C:18DAH            SYMBOL             PARAVAL_NEXT
	C:176BH            SYMBOL             WRITE_EEPROM_BYTE
	C:12E5H            SYMBOL             TEST_FOR_ONESHOT
	C:1292H            SYMBOL             MEASURE_PWM_FREQ_INIT
	C:0F42H            SYMBOL             COMM61_NFET_OFF_REV
	C:0F7AH            SYMBOL             COMM_EXIT
	C:0850H            SYMBOL             CALC_GOVERNOR_INT_CORRECTION
	C:0661H            SYMBOL             BEEP_CNFET_OFF
	C:064CH            SYMBOL             BEEP_ANFET_ON
	C:04EFH            SYMBOL             PCA_INT_PPM_CHECK_FULL_RANGE
	C:0583H            SYMBOL             PCA_INT_PWM_DIVIDE
	C:04C0H            SYMBOL             PCA_INT_FALL_CHECK_RANGE
	C:05A6H            SYMBOL             PCA_INT_LIMITED
	C:02F3H            SYMBOL             T2H_INT_START
	C:024DH            SYMBOL             T2_INT_PWM_UPDATE
	C:010AH            SYMBOL             T0_INT_PWM_OFF_DAMPED
	C:1A28H            SYMBOL             EEP_DUMMY
	C:1A25H            SYMBOL             EEP_PGM_ENABLE_PWM_INPUT
	C:1A13H            SYMBOL             _EEP_PGM_STARTUP_ACCEL
	C:1A02H            SYMBOL             EEP_LAYOUT_REVISION
	I:009EH            SYMBOL             PGM_PPM_CENTER_THROTTLE
	I:008EH            SYMBOL             PGM_GOV_SETUP_TARGET
	D:007AH            SYMBOL             CLOCK_SET_AT_48MHZ
	D:0040H            SYMBOL             COMM_PERIOD4X_L
	D:0022H            SYMBOL             REQUESTED_PWM
	B:00D2H            SYMBOL             OV
	B:009DH            SYMBOL             MCE0
	D:00E7H            SYMBOL             SMB1ADM
	D:00CEH            SYMBOL             PCA0CLR
	D:00AFH            SYMBOL             EIE2
	C:1DE2H            SYMBOL             WAIT1
	C:1D1CH            SYMBOL             PRO5
	C:18A2H            SYMBOL             FUNC_PARAVAL_WAIT
	C:17C4H            SYMBOL             WRITE_TAG
	C:16FCH            SYMBOL             READ_EEPROM_STORE_DEFAULTS
	C:1644H            SYMBOL             RUN6_CHECK_DIR
	C:1561H            SYMBOL             RUN1
	C:14B0H            SYMBOL             WAIT_FOR_POWER_ON_CHECK_TIMEOUT
	C:12A3H            SYMBOL             MEASURE_PWM_FREQ_WAIT
	C:11DAH            SYMBOL             CLEAR_RAM
	C:1085H            SYMBOL             SET_BEC_VOLTAGE
	C:1077H            SYMBOL             DECODE_DEMAG_DONE
	C:0EB8H            SYMBOL             COMM45_NFET_DONE
	C:0D44H            SYMBOL             WAIT_FOR_COMM
	C:0BCCH            SYMBOL             ADJUST_TIMING_TWO_STEPS_FAST
	C:0793H            SYMBOL             CALC_GOVERNOR_PROP_ERROR_EXIT
	C:067CH            SYMBOL             DIV_U16_BY_U16_DIV1
	C:05F8H            SYMBOL             WAIT100MS
	C:05E4H            SYMBOL             WAIT1MS
	C:00F0H            SYMBOL             T0_INT_PWM_OFF_TIMER_SET
	C:00EEH            SYMBOL             T0_INT_PWM_OFF_SET_TIMER
	C:008DH            SYMBOL             STARTUP_POWER_TABLE
	C:1A1BH            SYMBOL             EEP_PGM_BEEP_STRENGTH
	D:007CH            SYMBOL             FLASH_KEY_1
	D:0077H            SYMBOL             SKIP_T2_INT
	D:0076H            SYMBOL             TX_PGM_BEEP_NO
	D:006AH            SYMBOL             SPOOLUP_LIMIT_SKIP
LX51 CODE BANKING LINKER/LOCATOR V06.16.13.326             09/04/16  02:30:50

	D:0052H            SYMBOL             WT_ZC_TOUT_START_H
	B:00FDH            SYMBOL             MODF
	B:00C4H            SYMBOL             STO0
	B:00AFH            SYMBOL             EA
	D:008FH            SYMBOL             PSCTL
	D:0097H            SYMBOL             IDA0H
	D:00BBH            SYMBOL             AMX0P
	C:1D3DH            SYMBOL             RD1
	C:1D33H            SYMBOL             PRO6
	C:1C2EH            SYMBOL             ABD
	C:1870H            SYMBOL             FUNCTION_PARAVAL_BEEP
	C:17CCH            SYMBOL             STORE_NEW_VALUE_IN_RAM
	C:1570H            SYMBOL             RUN2
	C:1339H            SYMBOL             ARMING_PPM_CHECK
	C:0E9CH            SYMBOL             COMM45_NFET_OFF_REV
	C:0DD8H            SYMBOL             COMM23_FETS_DONE
	C:0CCAH            SYMBOL             COMP_READ_WRONG_TIMEOUT_SET
	C:0BB1H            SYMBOL             STORE_TIMES_EXIT
	C:0BE7H            SYMBOL             WAIT_BEFORE_ZC_SCAN
	C:0987H            SYMBOL             CHECK_VOLTAGE_PWM_DONE
	C:0896H            SYMBOL             GOVERNOR_CORR_INT_MIN_PWM
	C:078FH            SYMBOL             GOVERNOR_STORE_PROP_ERROR
	C:0686H            SYMBOL             DIV_U16_BY_U16_DIV2
	C:0651H            SYMBOL             BEEP_CNFET_ON
	C:05FDH            SYMBOL             WAIT200MS
	C:023DH            SYMBOL             T2_INT_RCP_GAIN_CORR
	C:0277H            SYMBOL             T2_INT_CURRENT_PWM_UPDATE
	C:01B3H            SYMBOL             T2_INT_PULSES_ABSENT
	C:00D8H            SYMBOL             T0_INT_PWM_ON_RET
	C:1A09H            SYMBOL             EEP_PGM_STARTUP_PWR
	I:009FH            SYMBOL             PGM_MAIN_SPOOLUP_TIME
	I:0083H            SYMBOL             PGM_LOW_VOLTAGE_LIM
	D:007DH            SYMBOL             FLASH_KEY_2
	D:0055H            SYMBOL             RCP_PREPREV_EDGE_L
	B:00C4H            SYMBOL             STO1
	B:00C2H            SYMBOL             ARBLOST0
	D:00E4H            SYMBOL             IT01CF
	D:0097H            SYMBOL             IDA1H
	D:00ABH            SYMBOL             DERIVID
	D:00E0H            SYMBOL             ACC
	C:1C81H            SYMBOL             MAI1
	C:1C77H            SYMBOL             IN1
	D:0024H            SYMBOL             BAUDL
	C:158EH            SYMBOL             RUN3
	C:0EE8H            SYMBOL             COMM56_NFET_DONE
	C:0C8DH            SYMBOL             COMP_CHECK_TIMEOUT_TIMEOUT_EXTENDED
	C:087EH            SYMBOL             GOVERNOR_LIMIT_INT_CORR_NEG
	C:07B5H            SYMBOL             GOVERNOR_CHECK_INT_LIMIT_POS
	C:069DH            SYMBOL             DIV_U16_BY_U16_DIV3
	C:05E9H            SYMBOL             WAIT3MS
	C:01E8H            SYMBOL             T2_INT_PULSES_ABSENT_NO_MAX
	C:00D6H            SYMBOL             T0_INT_PWM_ON_TIMER_SET
	C:00D4H            SYMBOL             T0_INT_PWM_ON_SET_TIMER
	C:1A1FH            SYMBOL             EEP_PGM_DEMAG_COMP
	C:1A00H            SYMBOL             EEP_FW_MAIN_REVISION
	I:0096H            SYMBOL             PGM_PPM_MIN_THROTTLE
	I:008BH            SYMBOL             INITIALIZED_H_DUMMY
	D:0047H            SYMBOL             GOV_INTEGRAL_H
	D:0032H            SYMBOL             POWER_ON_WAIT_CNT_H
	B:00EFH            SYMBOL             AD0EN
	B:00C2H            SYMBOL             ARBLOST1
	B:00ACH            SYMBOL             ES0
	B:009FH            SYMBOL             S0MODE
	D:00FFH            SYMBOL             VDM0CN
	D:00D2H            SYMBOL             TS0CN
	D:00A7H            SYMBOL             SFRPAGE
	D:00F1H            SYMBOL             P0MDIN
	D:009DH            SYMBOL             CPT0MD
LX51 CODE BANKING LINKER/LOCATOR V06.16.13.326             09/04/16  02:30:50

	D:009BH            SYMBOL             CPT0CN
	C:1D53H            SYMBOL             PUTP
	C:1CC8H            SYMBOL             SETBUF
	C:1CA3H            SYMBOL             MAI2
	C:189BH            SYMBOL             BEEP_NO_ENTRY
	C:16E1H            SYMBOL             JMP_WAIT_FOR_POWER_ON
	C:15FEH            SYMBOL             DIRECT_START_CHECK_RCP
	C:15A0H            SYMBOL             RUN4
	C:1108H            SYMBOL             WAIT_US_100_M1
	C:0F24H            SYMBOL             COMM61_FETS_DONE
	C:0E1AH            SYMBOL             COMM23_NONDAMP_REV
	C:0D03H            SYMBOL             COMP_READ_OK_JMP
	C:0B7CH            SYMBOL             STORE_TIMES_UP_OR_DOWN
	C:0B90H            SYMBOL             STORE_TIMES_DECREASE
	C:0A60H            SYMBOL             CALC_NEXT_COMM_NEW_PERIOD_DIV
	C:0932H            SYMBOL             TEMP_AVERAGE_INC
	C:08A7H            SYMBOL             GOVERNOR_CORR_INT_MAX_PWM
	C:06ACH            SYMBOL             MULT_S16_BY_U8_DIV_16
	C:062FH            SYMBOL             BEEP_START
	C:0543H            SYMBOL             PCA_INT_PPM_NEG_CHECKED
	C:02D5H            SYMBOL             T2_INT_EXIT
	C:1A16H            SYMBOL             _EEP_PGM_DAMPING_FORCE
	C:1A08H            SYMBOL             _EEP_PGM_MOTOR_IDLE
	I:00A4H            SYMBOL             PGM_BRAKE_ON_STOP
	D:0067H            SYMBOL             PWM_DITHER_EXCESS_POWER
	D:0030H            SYMBOL             INITIAL_ARM
	B:00DFH            SYMBOL             CF
	B:00A9H            SYMBOL             ET0
	D:00D7H            SYMBOL             SMB0ADR
	D:00F2H            SYMBOL             P1MDIN
	D:00A4H            SYMBOL             P0MDOUT
	D:00E8H            SYMBOL             ADC0CN
	C:1D59H            SYMBOL             PUT1
	C:17AAH            SYMBOL             READ_TAGS
	C:15B2H            SYMBOL             RUN5
	C:112FH            SYMBOL             WAIT_US_100_M2
	C:0C78H            SYMBOL             COMP_SCALE_SAMPLES
	C:0AD2H            SYMBOL             CALC_NEW_WAIT_TIMES_EXIT
	C:08DCH            SYMBOL             SET_PWM_LIMIT_HIGH_RPM
	C:089BH            SYMBOL             GOVERNOR_CORR_NEG_INT
	C:0784H            SYMBOL             GOVERNOR_LIMIT_PROP_ERROR_POS
	C:070BH            SYMBOL             GOVERNOR_TARGET_CALC
	C:0703H            SYMBOL             CALC_GOVERNOR_TARGET
	C:058AH            SYMBOL             PCA_INT_PWM_DIVIDE_DONE
	C:03F7H            SYMBOL             PCA_INT_CHECK_12KHZ
	I:0097H            SYMBOL             PGM_PPM_MAX_THROTTLE
	D:0073H            SYMBOL             BEEP_STRENGTH
	D:005AH            SYMBOL             RCP_PREV_PERIOD_H
	D:0054H            SYMBOL             WT_COMM_START_H
	D:0051H            SYMBOL             WT_ZC_TOUT_START_L
	D:003AH            SYMBOL             TIMER2_X
	B:00ABH            SYMBOL             ET1
	B:008DH            SYMBOL             TF0
	D:00D7H            SYMBOL             SMB1ADR
	D:00F3H            SYMBOL             P2MDIN
	D:00A5H            SYMBOL             P1MDOUT
	D:0096H            SYMBOL             IDA0L
	C:1D6CH            SYMBOL             PUT2
	C:1CDFH            SYMBOL             MAI4
	C:1657H            SYMBOL             RUN6_CHECK_DIR_CHANGE
	C:15C4H            SYMBOL             RUN6
	C:1319H            SYMBOL             ARMING_START
	C:1298H            SYMBOL             MEASURE_PWM_FREQ_LOOP
	C:1156H            SYMBOL             WAIT_US_100_M3
	C:0F66H            SYMBOL             COMM61_NONDAMP_REV
	C:0E7EH            SYMBOL             COMM45_FETS_DONE
	C:0C93H            SYMBOL             COMP_CHECK_TIMEOUT_NOT_TIMED_OUT
	C:0BEFH            SYMBOL             WAIT_BEFORE_ZC_SCAN_RAND
LX51 CODE BANKING LINKER/LOCATOR V06.16.13.326             09/04/16  02:30:50

	C:0715H            SYMBOL             GOVERNOR_DEACTIVATE
	C:059BH            SYMBOL             PCA_INT_CHECK_LEGAL_RANGE
	C:04A1H            SYMBOL             PCA_INT_FALL_NOT_ONESHOT
	C:1A07H            SYMBOL             EEP_PGM_MOTOR_GAIN
	I:008DH            SYMBOL             PGM_MAIN_REARM_START
	D:003FH            SYMBOL             PREV_PREV_COMM_H
	B:00CDH            SYMBOL             TF2LEN
	B:00ADH            SYMBOL             ET2
	B:0098H            SYMBOL             RI0
	B:008FH            SYMBOL             TF1
	D:00CBH            SYMBOL             TMR2RLH
	D:00C2H            SYMBOL             SMB0DAT
	D:00A6H            SYMBOL             P2MDOUT
	D:0096H            SYMBOL             IDA1L
	C:1D78H            SYMBOL             PUT3
	C:1D38H            SYMBOL             MAI5
	C:1C45H            SYMBOL             WAIT_FOR_LOW
	C:13ECH            SYMBOL             PROGRAM_BY_TX_ENTRY_LIMIT
	C:141CH            SYMBOL             ARM_TARGET_UPDATED
	C:0DB2H            SYMBOL             COMM12_NFET_DONE_REV
	C:0D25H            SYMBOL             EVALUATE_COMPARATOR_INTEGRITY
	C:095CH            SYMBOL             TEMP_CHECK_EXIT
	C:0826H            SYMBOL             GOVERNOR_APPLY_PROP_CORR
	C:013EH            SYMBOL             PWM_AFET_EXIT
	C:1A05H            SYMBOL             EEP_PGM_GOV_MODE
	I:00A2H            SYMBOL             PGM_ENABLE_PWM_INPUT
	I:0090H            SYMBOL             _PGM_STARTUP_ACCEL
	I:008CH            SYMBOL             PGM_ENABLE_TX_PROGRAM
	I:008AH            SYMBOL             INITIALIZED_L_DUMMY
	D:0046H            SYMBOL             GOV_INTEGRAL_L
	D:0031H            SYMBOL             POWER_ON_WAIT_CNT_L
	D:0023H            SYMBOL             GOVERNOR_REQ_PWM
	B:00C0H            SYMBOL             SI0
	B:00BEH            SYMBOL             PSPI0
	D:0093H            SYMBOL             TMR3RLH
	D:008CH            SYMBOL             TH0
	D:00A1H            SYMBOL             SPI0CFG
	D:00C2H            SYMBOL             SMB1DAT
	D:00FAH            SYMBOL             PCA0H
	D:00FEH            SYMBOL             P0MASK
	C:1D8AH            SYMBOL             PUT4
	C:1D49H            SYMBOL             MAI6
	C:1748H            SYMBOL             WRITE_EEPROM_BLOCK1
	C:160BH            SYMBOL             NORMAL_RUN_CHECKS
	C:1212H            SYMBOL             INIT_NO_SIGNAL
	C:10FEH            SYMBOL             WAIT_MS_1_M_M1
	C:0EC0H            SYMBOL             COMM45_NONDAMP_REV
	C:0C51H            SYMBOL             WAIT_FOR_COMP_OUT_START
	C:0B20H            SYMBOL             WAIT_ADVANCE_TIMING
	C:0A8AH            SYMBOL             CALC_NEW_WAIT_PER_STARTUP_DONE
	C:075FH            SYMBOL             CALC_GOVERNOR_PROP_ERROR
	C:053DH            SYMBOL             PCA_INT_PPM_UNIDIR_NEG
	C:01F4H            SYMBOL             T2_INT_PPM_TIMEOUT_SET
	C:0148H            SYMBOL             PWM_BFET_EXIT
	C:00FDH            SYMBOL             T0_INT_PWM_OFF_EXIT_NFETS_OFF
	C:1A01H            SYMBOL             EEP_FW_SUB_REVISION
	I:0098H            SYMBOL             PGM_BEEP_STRENGTH
	B:00C0H            SYMBOL             SI1
	B:00A8H            SYMBOL             EX0
	B:0099H            SYMBOL             TI0
	B:0088H            SYMBOL             IT0
	D:0093H            SYMBOL             TMR4RLH
	D:00CDH            SYMBOL             TMR2H
	D:008DH            SYMBOL             TH1
	D:00F8H            SYMBOL             SPI0CN
	D:00EEH            SYMBOL             P1MASK
	D:00DEH            SYMBOL             CRC0CNT
	C:1756H            SYMBOL             WRITE_EEPROM_BLOCK2
LX51 CODE BANKING LINKER/LOCATOR V06.16.13.326             09/04/16  02:30:50

	C:13FBH            SYMBOL             PROGRAM_BY_TX_ENTRY_WAIT_PPM
	C:16E3H            SYMBOL             READ_ALL_EEPROM_PARAMETERS
	C:1125H            SYMBOL             WAIT_MS_1_M_M2
	C:0E29H            SYMBOL             COMM23_NFET_DONE_REV
	C:0C16H            SYMBOL             SETUP_ZC_SCAN_TIMEOUT_STARTUP_DONE
	C:0A69H            SYMBOL             CALC_NEXT_COMM_NEW_PERIOD_DIV_DONE
	C:09F0H            SYMBOL             CALC_NEXT_COMM_STARTUP
	C:097BH            SYMBOL             CHECK_VOLTAGE_LOW_RPM
	C:0152H            SYMBOL             PWM_CFET_EXIT
	C:00AAH            SYMBOL             T0_INT
	C:1A18H            SYMBOL             _EEP_PGM_STARTUP_METHOD
	C:1A14H            SYMBOL             _EEP_PGM_VOLT_COMP
	C:1A04H            SYMBOL             EEP_PGM_GOV_I_GAIN
	I:0086H            SYMBOL             PGM_STARTUP_PWR
	D:0078H            SYMBOL             SKIP_T2H_INT
	D:006BH            SYMBOL             MAIN_SPOOLUP_TIME_3X
	D:005FH            SYMBOL             RCP_STOP_CNT
	D:005CH            SYMBOL             NEW_RCP
	D:0059H            SYMBOL             RCP_PREV_PERIOD_L
	D:0053H            SYMBOL             WT_COMM_START_L
	B:00CDH            SYMBOL             TF5LEN
	B:00AAH            SYMBOL             EX1
	B:008AH            SYMBOL             IT1
	D:00CBH            SYMBOL             TMR5RLH
	D:0095H            SYMBOL             TMR3H
	D:00B1H            SYMBOL             OSCXCN
	D:00A8H            SYMBOL             IE
	D:008EH            SYMBOL             CKCON
	C:1545H            SYMBOL             INIT_START_BIDIR_DONE
	C:114CH            SYMBOL             WAIT_MS_1_M_M3
	C:10FCH            SYMBOL             WAIT_MS_1_O_M1
	C:0D43H            SYMBOL             EVAL_COMP_EXIT
	C:05BEH            SYMBOL             PCA_INT_SET_TIMEOUT
	C:0134H            SYMBOL             PWM_NOFET
	C:1A26H            SYMBOL             EEP_PGM_PWM_DITHER
	C:1A15H            SYMBOL             EEP_PGM_COMM_TIMING
	I:009CH            SYMBOL             PGM_DEMAG_COMP
	D:003EH            SYMBOL             PREV_PREV_COMM_L
	D:003CH            SYMBOL             PREV_COMM_H
	B:00F9H            SYMBOL             TXBMT
	B:00FCH            SYMBOL             RXOVRN
	D:0095H            SYMBOL             TMR4H
	D:00CAH            SYMBOL             TMR2RLL
	D:00ACH            SYMBOL             REVISION
	D:00FCH            SYMBOL             PCA0CPH0
	D:00B9H            SYMBOL             IDA0CN
	D:00F6H            SYMBOL             EIP1
	C:1D4BH            SYMBOL             PUTW
	C:1228H            SYMBOL             BOOTLOADER_DONE
	C:1123H            SYMBOL             WAIT_MS_1_O_M2
	C:10BDH            SYMBOL             AVERAGE_THROTTLE
	C:1019H            SYMBOL             DECODE_PARAMS_DIR_SET
	C:0F75H            SYMBOL             COMM61_NFET_DONE_REV
	C:0E58H            SYMBOL             COMM34_NFET_DONE_REV
	C:0D07H            SYMBOL             SETUP_COMM_WAIT
	C:0AD4H            SYMBOL             CALC_NEXT_COMM_TIMING_FAST
	C:07F1H            SYMBOL             CALC_GOVERNOR_INT_ERROR_EXIT
	C:0187H            SYMBOL             T2_INT
	I:0093H            SYMBOL             _PGM_DAMPING_FORCE
	D:0060H            SYMBOL             AUTO_BAILOUT_ARMED
	D:0020H            SYMBOL             BIT_ACCESS
	B:00D0H            SYMBOL             P
	D:00CDH            SYMBOL             TMR5H
	D:0092H            SYMBOL             TMR3RLL
	D:008AH            SYMBOL             TL0
	D:0087H            SYMBOL             PCON
	D:00F9H            SYMBOL             PCA0L
	D:00EAH            SYMBOL             PCA0CPH1
LX51 CODE BANKING LINKER/LOCATOR V06.16.13.326             09/04/16  02:30:50

	D:00B9H            SYMBOL             IDA1CN
	D:00BFH            SYMBOL             EIP2
	C:1D97H            SYMBOL             GET1
	D:0021H            SYMBOL             BYTE_REG
	C:1431H            SYMBOL             ARM_END_BEEP
	C:1377H            SYMBOL             THROTTLE_HIGH_CAL_START
	C:1160H            SYMBOL             PGM_START
	C:114AH            SYMBOL             WAIT_MS_1_O_M3
	C:0C32H            SYMBOL             WAIT_FOR_COMP_OUT_LOW
	C:0B30H            SYMBOL             CALC_NEW_WAIT_TIMES
	C:0ACEH            SYMBOL             LOAD_MIN_TIME
	C:0990H            SYMBOL             SET_STARTUP_PWM
	C:07EBH            SYMBOL             GOVERNOR_STORE_INT_ERROR
	C:0751H            SYMBOL             GOVERNOR_ACTIVATE_50K
	C:031EH            SYMBOL             T2H_INT_EXIT
	C:0080H            SYMBOL             GOV_GAIN_TABLE
	C:0328H            SYMBOL             T3_INT
	I:0085H            SYMBOL             PGM_MOTOR_IDLE
	D:0075H            SYMBOL             TX_PGM_PARAVAL_NO
	D:0070H            SYMBOL             ADC_CONVERSION_CNT
	D:004CH            SYMBOL             GOV_ARM_TARGET
	D:0029H            SYMBOL             RCP_OUTSIDE_RANGE_CNT
	C:1A40H            SYMBOL             EEP_ESC_LAYOUT
	D:0092H            SYMBOL             TMR4RLL
	D:00CCH            SYMBOL             TMR2L
	D:008BH            SYMBOL             TL1
	D:00ABH            SYMBOL             SN0
	D:00ECH            SYMBOL             PCA0CPH2
	C:1DACH            SYMBOL             GET2
	C:189EH            SYMBOL             FUNC_PARAVAL
	C:180CH            SYMBOL             WAIT1S_LOOP
	C:17D0H            SYMBOL             STORE_MULTI_FUNC_1
	C:1652H            SYMBOL             RUN6_CHECK_DIR_REV
	C:10EDH            SYMBOL             MUSIC_F1_BEEP
	C:10DCH            SYMBOL             AVERAGE_THROTTLE_DIV
	C:0C80H            SYMBOL             COMP_CHECK_TIMEOUT
	C:084FH            SYMBOL             CALC_GOVERNOR_PROP_CORR_EXIT
	C:07E6H            SYMBOL             GOVERNOR_INT_MIN_PWM
	C:078BH            SYMBOL             GOVERNOR_LIMIT_PROP_ERROR_NEG
	C:060DH            SYMBOL             BEEP_F1
	C:04D7H            SYMBOL             PCA_INT_PPM_OUTSIDE_RANGE
	C:1A1DH            SYMBOL             EEP_PGM_BEACON_DELAY
	C:1A1CH            SYMBOL             EEP_PGM_BEACON_STRENGTH
	I:00D0H            SYMBOL             TAG_TEMPORARY_STORAGE
	I:0084H            SYMBOL             PGM_MOTOR_GAIN
	D:0071H            SYMBOL             CURRENT_AVERAGE_TEMP
	D:0064H            SYMBOL             PWM_SPOOLUP_BEG
	D:0061H            SYMBOL             PWM_LIMIT
	B:00FFH            SYMBOL             SPIF
	B:00CBH            SYMBOL             T2SPLIT
	D:00CAH            SYMBOL             TMR5RLL
	D:0094H            SYMBOL             TMR3L
	D:00ACH            SYMBOL             SN1
	C:1DD0H            SYMBOL             GET3
	D:0029H            SYMBOL             BL_FLASH_KEY_1
	C:17D5H            SYMBOL             STORE_MULTI_FUNC_2
	C:162BH            SYMBOL             INITIAL_RUN_PHASE_DONE
	C:1114H            SYMBOL             MUSIC_F2_BEEP
	C:10AEH            SYMBOL             TEST_THROTTLE_GAIN
	C:0DF8H            SYMBOL             COMM23_FETS_DONE_REV
	C:084DH            SYMBOL             GOVERNOR_STORE_PROP_CORR
	C:0811H            SYMBOL             GOVERNOR_CHECK_PROP_CORR_LIMIT_POS
	C:06C6H            SYMBOL             MULT_S16_BY_U8_POSITIVE
	C:0674H            SYMBOL             DIV_U16_BY_U16
	C:0631H            SYMBOL             BEEP_ONOFF
	C:0614H            SYMBOL             BEEP_F2
	C:0524H            SYMBOL             PCA_INT_PPM_BIDIR_FWD
	C:046BH            SYMBOL             PCA_INT_CHECK_DIFF
LX51 CODE BANKING LINKER/LOCATOR V06.16.13.326             09/04/16  02:30:50

	C:01F8H            SYMBOL             T2_INT_SKIP_START
	C:0136H            SYMBOL             PWM_AFET
	C:0126H            SYMBOL             T0_INT_PWM_OFF_FULLPOWER_EXIT
	C:1A24H            SYMBOL             EEP_PGM_ENABLE_POWER_PROT
	C:1A17H            SYMBOL             _EEP_PGM_GOV_RANGE
	I:0082H            SYMBOL             PGM_GOV_MODE
	D:003BH            SYMBOL             PREV_COMM_L
	D:002AH            SYMBOL             RCP_TIMEOUT_CNTD
	B:00BCH            SYMBOL             PS0
	D:0094H            SYMBOL             TMR4L
	D:00ADH            SYMBOL             SN2
	D:00CFH            SYMBOL             SFRPGCN
	D:00FBH            SYMBOL             PCA0CPL0
	D:009AH            SYMBOL             CRC0FLIP
	C:1C00H            SYMBOL             INIT
	D:002AH            SYMBOL             BL_FLASH_KEY_2
	C:1898H            SYMBOL             PARAVAL_NO_ENTRY
	C:17DAH            SYMBOL             STORE_MULTI_FUNC_3
	C:166BH            SYMBOL             RUN6_BRAKE_DONE
	C:1841H            SYMBOL             SUCCESS_BEEP_INVERTED
	C:1812H            SYMBOL             SUCCESS_BEEP
	C:113BH            SYMBOL             MUSIC_F3_BEEP
	C:1086H            SYMBOL             FIND_THROTTLE_GAIN
	C:1037H            SYMBOL             DECODE_SETTINGS
	C:0EFEH            SYMBOL             COMM56_NFET_DONE_REV
	C:1689H            SYMBOL             RUN_TO_WAIT_FOR_POWER_ON_FAIL
	C:0922H            SYMBOL             TEMP_AVERAGE_INC_DEC
	C:07DEH            SYMBOL             GOVERNOR_INT_MAX_PWM
	C:07BEH            SYMBOL             GOVERNOR_LIMIT_INT_ERROR_POS
	C:061BH            SYMBOL             BEEP_F3
	C:0384H            SYMBOL             PCA_INT_FAIL_MINIMUM
	C:0140H            SYMBOL             PWM_BFET
	C:011FH            SYMBOL             T0_INT_PWM_OFF_EXIT
	D:0069H            SYMBOL             SPOOLUP_LIMIT_CNT
	B:00CFH            SYMBOL             TF2H
	B:00B9H            SYMBOL             PT0
	D:00CCH            SYMBOL             TMR5L
	D:0089H            SYMBOL             TMOD
	D:0088H            SYMBOL             TCON
	D:00AEH            SYMBOL             SN3
	D:00DAH            SYMBOL             PCA0CPM0
	D:00E9H            SYMBOL             PCA0CPL1
	D:00B6H            SYMBOL             FLSCL
	C:17DFH            SYMBOL             STORE_MULTI_FUNC_4
	C:1469H            SYMBOL             BEEP_DELAY_SET
	C:135DH            SYMBOL             PROGRAM_BY_TX_ENTRY_WAIT_PWM
	C:1185H            SYMBOL             LOCK_BYTE_OK
	C:10CDH            SYMBOL             AVERAGE_THROTTLE_MEAS
	C:1031H            SYMBOL             DECODE_PWM_FREQ_LOW
	C:0F44H            SYMBOL             COMM61_FETS_DONE_REV
	C:0CD6H            SYMBOL             COMP_READ_WRONG_LOW_RPM
	C:08D9H            SYMBOL             SET_PWM_LIMIT_LOW_RPM_EXIT
	C:0622H            SYMBOL             BEEP_F4
	C:056AH            SYMBOL             PCA_INT_PPM_MAX_CHECKED
	C:0455H            SYMBOL             PCA_INT_RESTORE_EDGE
	C:02C6H            SYMBOL             T2_INT_CURRENT_PWM_DITHER_MAX_POWER
	C:014AH            SYMBOL             PWM_CFET
	C:1A03H            SYMBOL             EEP_PGM_GOV_P_GAIN
	I:00A7H            SYMBOL             PGM_STARTUP_PWR_DECODED
	I:0095H            SYMBOL             _PGM_STARTUP_METHOD
	I:0091H            SYMBOL             _PGM_VOLT_COMP
	I:0081H            SYMBOL             PGM_GOV_I_GAIN
	B:00FAH            SYMBOL             NSSMD0
	B:00FEH            SYMBOL             WCOL
	B:00E8H            SYMBOL             AD0CM0
	B:00DEH            SYMBOL             CR
	B:00D3H            SYMBOL             RS0
	B:00CBH            SYMBOL             T5SPLIT
LX51 CODE BANKING LINKER/LOCATOR V06.16.13.326             09/04/16  02:30:50

	B:00BBH            SYMBOL             PT1
	B:009CH            SYMBOL             REN0
	D:00A3H            SYMBOL             SPI0DAT
	D:00D9H            SYMBOL             PCA0MD
	D:00DBH            SYMBOL             PCA0CPM1
	D:00EBH            SYMBOL             PCA0CPL2
	D:00D8H            SYMBOL             PCA0CN
	C:18FEH            SYMBOL             PROGRAM_BY_TX_EXIT
	C:17E4H            SYMBOL             STORE_MULTI_FUNC_5
	C:1767H            SYMBOL             READ_EEPROM_BYTE
	C:13AEH            SYMBOL             THROTTLE_LOW_CAL
	C:0C9EH            SYMBOL             COMP_READ_WRONG
	C:0BD3H            SYMBOL             STORE_TIMES_UP_OR_DOWN_FAST
	C:0BE1H            SYMBOL             STORE_TIMES_DECREASE_FAST
	C:093AH            SYMBOL             TEMP_AVERAGE_UPDATED
	C:08EDH            SYMBOL             SET_PWM_LIMIT_HIGH_RPM_STORE
	C:0882H            SYMBOL             GOVERNOR_APPLY_INT_CORR
	C:081CH            SYMBOL             GOVERNOR_LIMIT_PROP_CORR_POS
	C:066AH            SYMBOL             BEEP_OFF
	C:05EEH            SYMBOL             WAIT10MS
	C:02A4H            SYMBOL             T2_INT_CURRENT_PWM_FULL_DITHER
	C:0163H            SYMBOL             PWM_AFET_DAMPED_EXIT
	C:00C4H            SYMBOL             T0_INT_PWM_ON_EXIT
	C:1A20H            SYMBOL             EEP_PGM_BEC_VOLTAGE_HIGH
	C:1A0EH            SYMBOL             EEP_INITIALIZED_H
	C:1A0CH            SYMBOL             EEP_PGM_INPUT_POL
	I:00A3H            SYMBOL             PGM_PWM_DITHER
	I:0092H            SYMBOL             PGM_COMM_TIMING
	D:0074H            SYMBOL             TX_PGM_FUNC_NO
	D:0024H            SYMBOL             CURRENT_PWM
	B:00FBH            SYMBOL             NSSMD1
	B:00E9H            SYMBOL             AD0CM1
	B:00EEH            SYMBOL             AD0TM
	B:00D4H            SYMBOL             RS1
	B:00D5H            SYMBOL             F0
	B:00BDH            SYMBOL             PT2
	B:008CH            SYMBOL             TR0
	D:00C8H            SYMBOL             TMR2CN
	D:00DCH            SYMBOL             PCA0CPM2
	C:1D8EH            SYMBOL             GETW
	C:17E9H            SYMBOL             STORE_MULTI_FUNC_6
	C:17B3H            SYMBOL             READ_TAG
	C:11AEH            SYMBOL             RESET_CAL_DONE
	C:10EBH            SYMBOL             MUSIC_F1
	C:0FFEH            SYMBOL             DECODE_PARAMETERS
	C:0E9EH            SYMBOL             COMM45_FETS_DONE_REV
	C:0DD6H            SYMBOL             COMM23_NFET_OFF
	C:0BF9H            SYMBOL             SETUP_ZC_SCAN_TIMEOUT
	C:0B82H            SYMBOL             STORE_TIMES_INCREASE
	C:08F2H            SYMBOL             MEASURE_LIPO_CELLS
	C:0794H            SYMBOL             CALC_GOVERNOR_INT_ERROR
	C:0506H            SYMBOL             PCA_INT_PPM_CALCULATE
	C:05D2H            SYMBOL             PCA_INT_EXIT
	C:0225H            SYMBOL             T2_INT_RCP_UPDATE_MULT
	C:0174H            SYMBOL             PWM_BFET_DAMPED_EXIT
	D:005BH            SYMBOL             RCP_PERIOD_DIFF_ACCEPTED
	D:0043H            SYMBOL             COMPARATOR_READ_CNT
	D:0033H            SYMBOL             STARTUP_CNT
	B:00EAH            SYMBOL             AD0CM2
	B:00EBH            SYMBOL             AD0WINT
	B:00D1H            SYMBOL             F1
	B:00CFH            SYMBOL             TF5H
	B:008EH            SYMBOL             TR1
	D:0091H            SYMBOL             TMR3CN
	D:00D4H            SYMBOL             P0SKIP
	D:0085H            SYMBOL             EIP1H
	C:1D9CH            SYMBOL             GETX
	C:17EEH            SYMBOL             STORE_MULTI_FUNC_7
LX51 CODE BANKING LINKER/LOCATOR V06.16.13.326             09/04/16  02:30:50

	C:1661H            SYMBOL             RUN6_CHECK_SPEED
	C:1498H            SYMBOL             WAIT_FOR_POWER_ON_PPM_NOT_MISSING
	C:1112H            SYMBOL             MUSIC_F2
	C:0F7DH            SYMBOL             SWITCH_POWER_OFF
	C:0CAAH            SYMBOL             COMP_READ_WRONG_NOT_STARTUP
	C:0AA6H            SYMBOL             CALC_NEW_WAIT_PER_DEMAG_DONE
	C:05F3H            SYMBOL             WAIT30MS
	C:055BH            SYMBOL             PCA_INT_PPM_BIDIR_DONE
	C:0444H            SYMBOL             PCA_INT_CHECK_1KHZ
	C:02E2H            SYMBOL             T2H_INT
	C:0185H            SYMBOL             PWM_CFET_DAMPED_EXIT
	D:0048H            SYMBOL             GOV_INTEGRAL_X
	C:1A50H            SYMBOL             EEP_ESC_MCU
	B:00ECH            SYMBOL             AD0BUSY
	B:00C8H            SYMBOL             T2XCLK
	B:00CAH            SYMBOL             TR2
	B:00CEH            SYMBOL             TF2L
	B:00C5H            SYMBOL             STA0
	B:00B8H            SYMBOL             PX0
	D:00D3H            SYMBOL             TS0DATH
	D:0091H            SYMBOL             TMR4CN
	D:00F7H            SYMBOL             PCA0PWM
	D:00D5H            SYMBOL             P1SKIP
	D:0086H            SYMBOL             EIP2H
	C:1CC6H            SYMBOL             RST
	C:18CDH            SYMBOL             FUNC_PARAVAL_CONT_WAIT
	C:180AH            SYMBOL             WAIT1S
	C:17F3H            SYMBOL             STORE_MULTI_FUNC_8
	C:17BDH            SYMBOL             WRITE_TAGS
	C:1691H            SYMBOL             RUN_TO_WAIT_FOR_POWER_ON
	C:1139H            SYMBOL             MUSIC_F3
	C:0F22H            SYMBOL             COMM61_NFET_OFF
	C:0D33H            SYMBOL             EVAL_COMP_CHECK_TIMEOUT
	C:0B69H            SYMBOL             ADJUST_TIMING_TWO_STEPS
	C:09B0H            SYMBOL             INITIALIZE_TIMING
	C:098FH            SYMBOL             CHECK_VOLTAGE_RET
	C:0758H            SYMBOL             GOVERNOR_ACTIVATE_RANGE_SET
	C:0604H            SYMBOL             WAITXMS_M
	C:0433H            SYMBOL             PCA_INT_CHECK_2KHZ
	I:009AH            SYMBOL             PGM_BEACON_DELAY
	I:0099H            SYMBOL             PGM_BEACON_STRENGTH
	D:004EH            SYMBOL             WT_ADV_START_H
	D:0045H            SYMBOL             GOV_TARGET_H
	B:00C5H            SYMBOL             STA1
	B:00BAH            SYMBOL             PX1
	D:00C8H            SYMBOL             TMR5CN
	D:00C7H            SYMBOL             SMBTC
	D:00D6H            SYMBOL             P2SKIP
	D:00B8H            SYMBOL             IP
	D:00DFH            SYMBOL             CRC0CN
	C:1CB7H            SYMBOL             EXIT
	C:1DEFH            SYMBOL             BOOT_MSG
	C:17F8H            SYMBOL             STORE_MULTI_FUNC_9
	C:14F1H            SYMBOL             READ_INITIAL_TEMP
	C:148CH            SYMBOL             WAIT_FOR_POWER_ON_NO_BEEP
	C:13F2H            SYMBOL             PROGRAM_BY_TX_ENTRY_STORE
	C:1036H            SYMBOL             DECODE_PWM_FREQ_END
	C:0D7AH            SYMBOL             WAIT_FOR_COMM_WAIT
	C:08F6H            SYMBOL             START_ADC_CONVERSION
	C:06FAH            SYMBOL             MULT_S16_BY_U8_EXIT
	C:057CH            SYMBOL             PCA_INT_PPM_LIMIT_AFTER_MULT
	C:035BH            SYMBOL             GET_RCP_END
	C:031EH            SYMBOL             T2H_INT_RCP_GOV_PWM
	C:024DH            SYMBOL             T2_INT_PWM_MIN_RUN
	C:009AH            SYMBOL             PWM_DITHER_TABLE
	C:1A60H            SYMBOL             EEP_NAME
	C:1A0DH            SYMBOL             EEP_INITIALIZED_L
	I:00A1H            SYMBOL             PGM_ENABLE_POWER_PROT
LX51 CODE BANKING LINKER/LOCATOR V06.16.13.326             09/04/16  02:30:50

	D:0066H            SYMBOL             PWM_DITHER_DECODED
	D:0063H            SYMBOL             PWM_LIMIT_BY_RPM
	D:0039H            SYMBOL             LOW_RPM_PWR_SLOPE
	D:0035H            SYMBOL             INITIAL_RUN_ROT_CNTD
	D:0021H            SYMBOL             BIT_ACCESS_INT
	D:00D0H            SYMBOL             PSW
	C:1DDCH            SYMBOL             WAITF
	C:1807H            SYMBOL             STORE_IN_RAM_EXIT
	C:12F9H            SYMBOL             VALIDATE_RCP_START
	C:117EH            SYMBOL             LOCK_BYTE_TEST
	C:0E7CH            SYMBOL             COMM45_NFET_OFF
	C:0DA4H            SYMBOL             COMM12_REV
	C:0D8BH            SYMBOL             COMM1COMM2
	C:0CE7H            SYMBOL             COMP_READ_WRONG_LOAD_TIMEOUT
	C:0BF1H            SYMBOL             WAIT_BEFORE_ZC_SCAN_WAIT
	C:0938H            SYMBOL             TEMP_AVERAGE_UPDATED_LOAD_ACC
	C:092EH            SYMBOL             TEMP_AVERAGE_DEC
	C:07F2H            SYMBOL             CALC_GOVERNOR_PROP_CORRECTION
	C:0602H            SYMBOL             WAITXMS_O
	C:05C7H            SYMBOL             PCA_INT_PPM_TIMEOUT_SET
	C:0422H            SYMBOL             PCA_INT_CHECK_4KHZ
	C:00DFH            SYMBOL             T0_INT_PWM_OFF
	C:00B7H            SYMBOL             T0_INT_START
	I:0094H            SYMBOL             PGM_GOV_RANGE
	D:004AH            SYMBOL             GOV_PROPORTIONAL_H
	B:00C8H            SYMBOL             T5XCLK
	B:00CAH            SYMBOL             TR5
	B:00CEH            SYMBOL             TF5L
	D:00C1H            SYMBOL             SMB0CF
	D:00B7H            SYMBOL             FLKEY
	D:00C4H            SYMBOL             ADC0GTH
	C:1D6FH            SYMBOL             PUTC
	D:0020H            SYMBOL             BIT_REG
	C:1724H            SYMBOL             READ_EEPROM_EXIT
	C:1446H            SYMBOL             WAIT_FOR_POWER_ON_LOOP
	C:121CH            SYMBOL             INPUT_HIGH_CHECK_1
	C:0960H            SYMBOL             CHECK_VOLTAGE_START
	C:08ACH            SYMBOL             SET_PWM_LIMIT_LOW_RPM
	C:08ABH            SYMBOL             CALC_GOVERNOR_INT_CORR_EXIT
	C:07C7H            SYMBOL             GOVERNOR_LIMIT_INT_ERROR_NEG
	C:06DFH            SYMBOL             MULT_S16_BY_U8_DIV_LOOP
	C:0629H            SYMBOL             BEEP
	C:0529H            SYMBOL             PCA_INT_PPM_BIDIR_DIR_SET
	C:0486H            SYMBOL             PCA_INT_FALL
	C:0203H            SYMBOL             T2_INT_SKIP_END
	C:009FH            SYMBOL             TX_PGM_PARAMS_MULTI
	C:1A23H            SYMBOL             EEP_PGM_TEMP_PROT_ENABLE
	C:1A1EH            SYMBOL             _EEP_PGM_THROTTLE_RATE
	C:1A12H            SYMBOL             _EEP_PGM_STARTUP_RPM
	I:00A6H            SYMBOL             PGM_GOV_I_GAIN_DECODED
	I:0080H            SYMBOL             PGM_GOV_P_GAIN
	D:006CH            SYMBOL             MAIN_SPOOLUP_TIME_10X
	D:0042H            SYMBOL             COMM_PHASE
	D:0028H            SYMBOL             RCP_PREV_EDGE_H
	B:00D8H            SYMBOL             CCF0
	B:00D7H            SYMBOL             CY
	B:00C7H            SYMBOL             MASTER0
	B:009AH            SYMBOL             RB80
	D:00E1H            SYMBOL             XBR0
	D:00D2H            SYMBOL             TS0DATL
	D:00A2H            SYMBOL             SPI0CKR
	D:00C1H            SYMBOL             SMB1CF
	D:00B5H            SYMBOL             PFE0CN
	D:00AAH            SYMBOL             EMI0CN
	D:0083H            SYMBOL             DPH
	D:009FH            SYMBOL             CPT0MX
	C:1DE0H            SYMBOL             WAITH
	C:1787H            SYMBOL             ERASE_FLASH
LX51 CODE BANKING LINKER/LOCATOR V06.16.13.326             09/04/16  02:30:50

	C:1694H            SYMBOL             RUN_TO_WAIT_FOR_POWER_ON_STALL_DONE
	C:188FH            SYMBOL             PROGRAM_BY_TX
	C:121EH            SYMBOL             INPUT_HIGH_CHECK_2
	C:0E00H            SYMBOL             COMM23_NONDAMP
	C:0DBAH            SYMBOL             COMM2COMM3
	C:0A4DH            SYMBOL             CALC_NEXT_COMM_AVG_PERIOD_DIV
	C:08A9H            SYMBOL             GOVERNOR_STORE_INT_CORR
	C:086BH            SYMBOL             GOVERNOR_CHECK_INT_CORR_LIMIT_POS
	C:083AH            SYMBOL             GOVERNOR_CORR_PROP_MIN_PWM
	C:0745H            SYMBOL             GOVERNOR_ACTIVATE_100K
	C:01A3H            SYMBOL             T2_INT_START
	C:0154H            SYMBOL             PWM_AFET_DAMPED
	C:1A11H            SYMBOL             _EEP_PGM_GOV_SETUP_TARGET
	C:1A0BH            SYMBOL             EEP_PGM_DIRECTION
	C:1A0AH            SYMBOL             EEP_PGM_PWM_FREQ
	I:009DH            SYMBOL             PGM_BEC_VOLTAGE_HIGH
	I:0089H            SYMBOL             PGM_INPUT_POL
	D:004DH            SYMBOL             WT_ADV_START_L
	D:0044H            SYMBOL             GOV_TARGET_L
	D:0038H            SYMBOL             DEMAG_PWR_OFF_THRESH
	D:0034H            SYMBOL             STARTUP_ZC_TIMEOUT_CNTD
	D:002CH            SYMBOL             FLAGS0
	D:0025H            SYMBOL             CURRENT_PWM_LIMITED
	B:00D9H            SYMBOL             CCF1
	B:00C7H            SYMBOL             MASTER1
	D:00E2H            SYMBOL             XBR1
	D:00B3H            SYMBOL             OSCICL
	C:1C4AH            SYMBOL             ID1
	C:18BEH            SYMBOL             FUNC_PARAVAL_STORE
	C:176CH            SYMBOL             WRITE_EEPROM_BYTE_FROM_ACC
	C:170CH            SYMBOL             READ_EEPROM_BLOCK1
	C:1705H            SYMBOL             READ_EEPROM_READ
	C:0DE0H            SYMBOL             COMM23_DAMP_REV
	C:0BB3H            SYMBOL             CALC_NEW_WAIT_TIMES_FAST
	C:0B1AH            SYMBOL             LOAD_MIN_TIME_FAST
	C:08F5H            SYMBOL             MEASURE_LIPO_EXIT
	C:0822H            SYMBOL             GOVERNOR_LIMIT_PROP_CORR_NEG
	C:0778H            SYMBOL             GOVERNOR_CHECK_PROP_LIMIT_POS
	C:03ADH            SYMBOL             PCA_INT_SECOND_MEAS_PWM_FREQ
	C:0301H            SYMBOL             T2H_INT_RCP_STOP_CHECK
	C:0165H            SYMBOL             PWM_BFET_DAMPED
	C:033BH            SYMBOL             PCA_INT
	C:1A21H            SYMBOL             EEP_PGM_PPM_CENTER_THROTTLE
	D:002DH            SYMBOL             FLAGS1
	B:00DAH            SYMBOL             CCF2
	B:009BH            SYMBOL             TB80
	B:0089H            SYMBOL             IE0
	D:00D1H            SYMBOL             REF0CN
	D:00A9H            SYMBOL             CLKSEL
	C:1DF3H            SYMBOL             BOOT_INFO
	C:171AH            SYMBOL             READ_EEPROM_BLOCK2
	C:1296H            SYMBOL             MEASURE_PWM_FREQ_START
	C:0F4CH            SYMBOL             COMM61_NONDAMP
	C:0F06H            SYMBOL             COMM6COMM1
	C:0E4AH            SYMBOL             COMM34_REV
	C:0E31H            SYMBOL             COMM3COMM4
	C:0C91H            SYMBOL             COMP_CHECK_TIMEOUT_EXTEND_TIMEOUT
	C:0C43H            SYMBOL             WAIT_FOR_COMP_OUT_HIGH
	C:084BH            SYMBOL             GOVERNOR_CORR_PROP_MAX_PWM
	C:051DH            SYMBOL             PCA_INT_PPM_BIDIR_REV
	C:0411H            SYMBOL             PCA_INT_CHECK_8KHZ
	C:02BDH            SYMBOL             T2_INT_CURRENT_PWM_DITHER_MAX_EXCESS_P&
OWER
	C:0176H            SYMBOL             PWM_CFET_DAMPED
	C:1A22H            SYMBOL             _EEP_PGM_MAIN_SPOOLUP_TIME
	C:1A06H            SYMBOL             _EEP_PGM_LOW_VOLTAGE_LIM
	D:007BH            SYMBOL             DAMPINGFET
	D:0050H            SYMBOL             WT_ZC_SCAN_START_H
LX51 CODE BANKING LINKER/LOCATOR V06.16.13.326             09/04/16  02:30:50

	D:004BH            SYMBOL             GOV_PROP_PWM
	D:0049H            SYMBOL             GOV_PROPORTIONAL_L
	D:003DH            SYMBOL             PREV_COMM_X
	D:002EH            SYMBOL             FLAGS2
	D:0026H            SYMBOL             CURRENT_PWM_LIM_DITH
	B:00F8H            SYMBOL             SPIEN
	B:00C1H            SYMBOL             ACK0
	B:008BH            SYMBOL             IE1
	D:00C9H            SYMBOL             REG0CN
	D:00B2H            SYMBOL             OSCICN
	D:009CH            SYMBOL             CRC0IN
	D:00F4H            SYMBOL             CKCON1
	D:00C3H            SYMBOL             ADC0GTL
	C:0000H            LINE#              2793
	C:00AAH            LINE#              2838
	C:00ACH            LINE#              2841
	C:00AFH            LINE#              2843
	C:00B1H            LINE#              2844
	C:00B4H            LINE#              2845
	C:00B6H            LINE#              2846
	C:00B7H            LINE#              2850
	C:00B9H            LINE#              2851
	C:00BBH            LINE#              2853
	C:00BEH            LINE#              2856
	C:00C0H            LINE#              2857
	C:00C2H            LINE#              2859
	C:00C3H            LINE#              2860
	C:00C4H            LINE#              2864
	C:00C6H            LINE#              2865
	C:00C7H            LINE#              2869
	C:00C8H            LINE#              2870
	C:00C9H            LINE#              2871
	C:00CBH            LINE#              2873
	C:00CEH            LINE#              2874
	C:00D0H            LINE#              2875
	C:00D2H            LINE#              2876
	C:00D4H            LINE#              2879
	C:00D6H            LINE#              2883
	C:00D8H            LINE#              2886
	C:00DAH            LINE#              2887
	C:00DCH            LINE#              2888
	C:00DEH            LINE#              2889
	C:00DFH            LINE#              2897
	C:00E0H            LINE#              2898
	C:00E2H            LINE#              2899
	C:00E3H            LINE#              2900
	C:00E5H            LINE#              2902
	C:00E8H            LINE#              2903
	C:00EAH            LINE#              2904
	C:00ECH            LINE#              2905
	C:00EEH            LINE#              2908
	C:00F0H            LINE#              2912
	C:00F2H            LINE#              2914
	C:00F4H            LINE#              2915
	C:00F5H            LINE#              2916
	C:00F7H            LINE#              2920
	C:00FAH            LINE#              2923
	C:00FDH            LINE#              2931
	C:00FFH            LINE#              2932
	C:0101H            LINE#              2934
	C:0107H            LINE#              2936
	C:0109H            LINE#              2937
	C:010AH            LINE#              2942
	C:0110H            LINE#              2946
	C:0113H            LINE#              2947
	C:0116H            LINE#              2949
	C:0118H            LINE#              2950
	C:011BH            LINE#              2952
LX51 CODE BANKING LINKER/LOCATOR V06.16.13.326             09/04/16  02:30:50

	C:011FH            LINE#              2966
	C:0121H            LINE#              2967
	C:0123H            LINE#              2968
	C:0125H            LINE#              2969
	C:0126H            LINE#              2972
	C:0129H            LINE#              2974
	C:012BH            LINE#              2975
	C:012EH            LINE#              2977
	C:0130H            LINE#              2978
	C:0132H            LINE#              2979
	C:0134H            LINE#              2983
	C:0136H            LINE#              2986
	C:0139H            LINE#              2987
	C:013CH            LINE#              2988
	C:013EH            LINE#              2990
	C:0140H            LINE#              2993
	C:0143H            LINE#              2994
	C:0146H            LINE#              2995
	C:0148H            LINE#              2997
	C:014AH            LINE#              3000
	C:014DH            LINE#              3001
	C:0150H            LINE#              3002
	C:0152H            LINE#              3004
	C:0154H            LINE#              3008
	C:0156H            LINE#              3010
	C:0159H            LINE#              3011
	C:015CH            LINE#              3013
	C:015EH            LINE#              3014
	C:0161H            LINE#              3017
	C:0163H            LINE#              3019
	C:0165H            LINE#              3023
	C:0167H            LINE#              3025
	C:016AH            LINE#              3026
	C:016DH            LINE#              3028
	C:016FH            LINE#              3029
	C:0172H            LINE#              3032
	C:0174H            LINE#              3034
	C:0176H            LINE#              3038
	C:0178H            LINE#              3040
	C:017BH            LINE#              3041
	C:017EH            LINE#              3043
	C:0180H            LINE#              3044
	C:0183H            LINE#              3047
	C:0185H            LINE#              3049
	C:0187H            LINE#              3060
	C:0189H            LINE#              3061
	C:018BH            LINE#              3062
	C:018EH            LINE#              3063
	C:0190H            LINE#              3064
	C:0192H            LINE#              3065
	C:0194H            LINE#              3066
	C:0196H            LINE#              3068
	C:0198H            LINE#              3069
	C:019AH            LINE#              3072
	C:019CH            LINE#              3073
	C:019EH            LINE#              3075
	C:01A1H            LINE#              3076
	C:01A3H            LINE#              3079
	C:01A6H            LINE#              3082
	C:01A8H            LINE#              3084
	C:01AAH            LINE#              3085
	C:01ACH            LINE#              3088
	C:01AFH            LINE#              3090
	C:01B1H            LINE#              3091
	C:01B3H            LINE#              3095
	C:01B5H            LINE#              3096
	C:01B7H            LINE#              3097
	C:01BAH            LINE#              3099
LX51 CODE BANKING LINKER/LOCATOR V06.16.13.326             09/04/16  02:30:50

	C:01C0H            LINE#              3100
	C:01C3H            LINE#              3101
	C:01C5H            LINE#              3102
	C:01D4H            LINE#              3103
	C:01D6H            LINE#              3104
	C:01D8H            LINE#              3105
	C:01DEH            LINE#              3106
	C:01E1H            LINE#              3107
	C:01E3H            LINE#              3108
	C:01E4H            LINE#              3109
	C:01E5H            LINE#              3110
	C:01E6H            LINE#              3111
	C:01E8H            LINE#              3114
	C:01EBH            LINE#              3116
	C:01EEH            LINE#              3118
	C:01F1H            LINE#              3120
	C:01F4H            LINE#              3123
	C:01F6H            LINE#              3124
	C:01F8H            LINE#              3127
	C:01FBH            LINE#              3130
	C:01FDH            LINE#              3131
	C:01FFH            LINE#              3134
	C:0201H            LINE#              3135
	C:0203H            LINE#              3139
	C:0206H            LINE#              3140
	C:0208H            LINE#              3144
	C:020BH            LINE#              3145
	C:020DH            LINE#              3147
	C:020FH            LINE#              3148
	C:0212H            LINE#              3150
	C:0214H            LINE#              3153
	C:0217H            LINE#              3160
	C:0219H            LINE#              3161
	C:021CH            LINE#              3165
	C:021DH            LINE#              3166
	C:021EH            LINE#              3167
	C:0220H            LINE#              3168
	C:0222H            LINE#              3170
	C:0224H            LINE#              3171
	C:0225H            LINE#              3175
	C:0226H            LINE#              3176
	C:0227H            LINE#              3177
	C:0229H            LINE#              3178
	C:022AH            LINE#              3179
	C:022BH            LINE#              3181
	C:022DH            LINE#              3182
	C:0230H            LINE#              3183
	C:0232H            LINE#              3185
	C:0233H            LINE#              3186
	C:0234H            LINE#              3187
	C:0235H            LINE#              3188
	C:0236H            LINE#              3189
	C:0238H            LINE#              3190
	C:023BH            LINE#              3192
	C:023CH            LINE#              3193
	C:023DH            LINE#              3196
	C:0240H            LINE#              3198
	C:0241H            LINE#              3199
	C:0242H            LINE#              3200
	C:0243H            LINE#              3201
	C:0244H            LINE#              3202
	C:0246H            LINE#              3205
	C:0247H            LINE#              3206
	C:0248H            LINE#              3207
	C:024AH            LINE#              3209
	C:024CH            LINE#              3210
	C:024DH            LINE#              3227
	C:024FH            LINE#              3230
LX51 CODE BANKING LINKER/LOCATOR V06.16.13.326             09/04/16  02:30:50

	C:0251H            LINE#              3231
	C:0253H            LINE#              3232
	C:0255H            LINE#              3234
	C:0258H            LINE#              3236
	C:025AH            LINE#              3237
	C:025BH            LINE#              3238
	C:025CH            LINE#              3239
	C:025DH            LINE#              3240
	C:025EH            LINE#              3241
	C:025FH            LINE#              3242
	C:0261H            LINE#              3243
	C:0262H            LINE#              3244
	C:0263H            LINE#              3245
	C:0264H            LINE#              3246
	C:0265H            LINE#              3247
	C:0266H            LINE#              3248
	C:0267H            LINE#              3249
	C:0269H            LINE#              3250
	C:026BH            LINE#              3252
	C:026DH            LINE#              3254
	C:026EH            LINE#              3255
	C:0270H            LINE#              3256
	C:0272H            LINE#              3257
	C:0274H            LINE#              3259
	C:0277H            LINE#              3264
	C:0279H            LINE#              3265
	C:027CH            LINE#              3268
	C:027FH            LINE#              3271
	C:0281H            LINE#              3272
	C:0282H            LINE#              3273
	C:0284H            LINE#              3274
	C:0286H            LINE#              3275
	C:0288H            LINE#              3277
	C:028AH            LINE#              3281
	C:028BH            LINE#              3282
	C:028CH            LINE#              3283
	C:028EH            LINE#              3284
	C:0290H            LINE#              3286
	C:0292H            LINE#              3289
	C:0294H            LINE#              3291
	C:0296H            LINE#              3292
	C:0298H            LINE#              3293
	C:029AH            LINE#              3295
	C:029BH            LINE#              3296
	C:029CH            LINE#              3297
	C:029EH            LINE#              3298
	C:029FH            LINE#              3299
	C:02A1H            LINE#              3301
	C:02A2H            LINE#              3302
	C:02A3H            LINE#              3303
	C:02A4H            LINE#              3306
	C:02A5H            LINE#              3307
	C:02A6H            LINE#              3308
	C:02A7H            LINE#              3309
	C:02A8H            LINE#              3310
	C:02A9H            LINE#              3311
	C:02ABH            LINE#              3312
	C:02ACH            LINE#              3313
	C:02ADH            LINE#              3314
	C:02AEH            LINE#              3315
	C:02B0H            LINE#              3317
	C:02B2H            LINE#              3318
	C:02B3H            LINE#              3319
	C:02B5H            LINE#              3320
	C:02B7H            LINE#              3321
	C:02B9H            LINE#              3322
	C:02BBH            LINE#              3324
	C:02BDH            LINE#              3327
LX51 CODE BANKING LINKER/LOCATOR V06.16.13.326             09/04/16  02:30:50

	C:02BEH            LINE#              3328
	C:02BFH            LINE#              3329
	C:02C1H            LINE#              3330
	C:02C2H            LINE#              3331
	C:02C4H            LINE#              3332
	C:02C6H            LINE#              3335
	C:02C8H            LINE#              3338
	C:02CAH            LINE#              3341
	C:02CCH            LINE#              3342
	C:02CDH            LINE#              3343
	C:02CFH            LINE#              3344
	C:02D1H            LINE#              3345
	C:02D3H            LINE#              3346
	C:02D5H            LINE#              3351
	C:02D8H            LINE#              3352
	C:02DAH            LINE#              3353
	C:02DCH            LINE#              3354
	C:02DFH            LINE#              3355
	C:02E1H            LINE#              3356
	C:02E2H            LINE#              3360
	C:02E4H            LINE#              3361
	C:02E6H            LINE#              3363
	C:02E8H            LINE#              3364
	C:02EAH            LINE#              3367
	C:02ECH            LINE#              3368
	C:02EEH            LINE#              3370
	C:02F1H            LINE#              3371
	C:02F3H            LINE#              3374
	C:02F6H            LINE#              3376
	C:02F8H            LINE#              3378
	C:02FAH            LINE#              3379
	C:02FCH            LINE#              3382
	C:02FFH            LINE#              3384
	C:0301H            LINE#              3388
	C:0302H            LINE#              3389
	C:0304H            LINE#              3390
	C:0306H            LINE#              3391
	C:0308H            LINE#              3394
	C:030BH            LINE#              3395
	C:030DH            LINE#              3399
	C:0310H            LINE#              3400
	C:0313H            LINE#              3401
	C:0315H            LINE#              3402
	C:0317H            LINE#              3403
	C:0319H            LINE#              3404
	C:031BH            LINE#              3406
	C:031EH            LINE#              3540
	C:0320H            LINE#              3541
	C:0322H            LINE#              3542
	C:0325H            LINE#              3543
	C:0327H            LINE#              3544
	C:0328H            LINE#              3555
	C:032AH            LINE#              3556
	C:032DH            LINE#              3557
	C:0330H            LINE#              3558
	C:0333H            LINE#              3559
	C:0335H            LINE#              3560
	C:0338H            LINE#              3561
	C:033AH            LINE#              3562
	C:033BH            LINE#              3573
	C:033DH            LINE#              3574
	C:0340H            LINE#              3575
	C:0342H            LINE#              3576
	C:0344H            LINE#              3577
	C:0346H            LINE#              3578
	C:0348H            LINE#              3579
	C:034AH            LINE#              3580
	C:034CH            LINE#              3582
LX51 CODE BANKING LINKER/LOCATOR V06.16.13.326             09/04/16  02:30:50

	C:035BH            LINE#              3584
	C:035DH            LINE#              3586
	C:0360H            LINE#              3587
	C:0362H            LINE#              3589
	C:0371H            LINE#              3590
	C:0373H            LINE#              3592
	C:0379H            LINE#              3594
	C:037CH            LINE#              3595
	C:037EH            LINE#              3598
	C:0380H            LINE#              3599
	C:0382H            LINE#              3600
	C:0384H            LINE#              3604
	C:0393H            LINE#              3605
	C:0395H            LINE#              3606
	C:0397H            LINE#              3607
	C:039AH            LINE#              3609
	C:039CH            LINE#              3611
	C:039EH            LINE#              3612
	C:03A4H            LINE#              3613
	C:03A7H            LINE#              3615
	C:03A9H            LINE#              3617
	C:03ABH            LINE#              3618
	C:03ADH            LINE#              3622
	C:03BCH            LINE#              3623
	C:03BEH            LINE#              3625
	C:03C1H            LINE#              3626
	C:03C3H            LINE#              3629
	C:03D2H            LINE#              3630
	C:03D4H            LINE#              3631
	C:03D6H            LINE#              3633
	C:03D8H            LINE#              3634
	C:03DAH            LINE#              3636
	C:03DBH            LINE#              3637
	C:03DCH            LINE#              3638
	C:03DEH            LINE#              3639
	C:03DFH            LINE#              3640
	C:03E0H            LINE#              3641
	C:03E2H            LINE#              3642
	C:03E3H            LINE#              3643
	C:03E5H            LINE#              3644
	C:03E7H            LINE#              3645
	C:03E9H            LINE#              3647
	C:03EAH            LINE#              3648
	C:03EBH            LINE#              3649
	C:03EDH            LINE#              3650
	C:03EEH            LINE#              3651
	C:03F0H            LINE#              3652
	C:03F2H            LINE#              3654
	C:03F5H            LINE#              3655
	C:03F7H            LINE#              3658
	C:03F9H            LINE#              3659
	C:03FBH            LINE#              3660
	C:03FCH            LINE#              3661
	C:03FEH            LINE#              3662
	C:0400H            LINE#              3665
	C:0401H            LINE#              3666
	C:0402H            LINE#              3667
	C:0404H            LINE#              3668
	C:0405H            LINE#              3669
	C:0407H            LINE#              3670
	C:0409H            LINE#              3672
	C:040AH            LINE#              3673
	C:040CH            LINE#              3674
	C:040DH            LINE#              3675
	C:040FH            LINE#              3676
	C:0411H            LINE#              3680
	C:0412H            LINE#              3681
	C:0413H            LINE#              3682
LX51 CODE BANKING LINKER/LOCATOR V06.16.13.326             09/04/16  02:30:50

	C:0415H            LINE#              3683
	C:0416H            LINE#              3684
	C:0418H            LINE#              3685
	C:041AH            LINE#              3687
	C:041BH            LINE#              3688
	C:041DH            LINE#              3689
	C:041EH            LINE#              3690
	C:0420H            LINE#              3691
	C:0422H            LINE#              3695
	C:0423H            LINE#              3696
	C:0424H            LINE#              3697
	C:0426H            LINE#              3698
	C:0427H            LINE#              3699
	C:0429H            LINE#              3700
	C:042BH            LINE#              3702
	C:042CH            LINE#              3703
	C:042EH            LINE#              3704
	C:042FH            LINE#              3705
	C:0431H            LINE#              3706
	C:0433H            LINE#              3710
	C:0434H            LINE#              3711
	C:0435H            LINE#              3712
	C:0437H            LINE#              3713
	C:0438H            LINE#              3714
	C:043AH            LINE#              3715
	C:043CH            LINE#              3717
	C:043DH            LINE#              3718
	C:043FH            LINE#              3719
	C:0440H            LINE#              3720
	C:0442H            LINE#              3721
	C:0444H            LINE#              3725
	C:0445H            LINE#              3726
	C:0446H            LINE#              3727
	C:0448H            LINE#              3728
	C:0449H            LINE#              3729
	C:044BH            LINE#              3730
	C:044DH            LINE#              3732
	C:044EH            LINE#              3733
	C:0450H            LINE#              3734
	C:0451H            LINE#              3735
	C:0453H            LINE#              3738
	C:0455H            LINE#              3741
	C:0456H            LINE#              3742
	C:0457H            LINE#              3743
	C:0459H            LINE#              3744
	C:045AH            LINE#              3745
	C:045BH            LINE#              3746
	C:045DH            LINE#              3747
	C:045EH            LINE#              3749
	C:0461H            LINE#              3750
	C:0462H            LINE#              3751
	C:0463H            LINE#              3752
	C:0465H            LINE#              3753
	C:0466H            LINE#              3754
	C:0467H            LINE#              3755
	C:0468H            LINE#              3756
	C:046AH            LINE#              3757
	C:046BH            LINE#              3761
	C:046EH            LINE#              3762
	C:046FH            LINE#              3763
	C:0470H            LINE#              3764
	C:0471H            LINE#              3765
	C:0472H            LINE#              3766
	C:0473H            LINE#              3767
	C:0475H            LINE#              3769
	C:0478H            LINE#              3773
	C:047AH            LINE#              3774
	C:047CH            LINE#              3776
LX51 CODE BANKING LINKER/LOCATOR V06.16.13.326             09/04/16  02:30:50

	C:047FH            LINE#              3777
	C:0482H            LINE#              3778
	C:0484H            LINE#              3779
	C:0486H            LINE#              3783
	C:0487H            LINE#              3784
	C:0488H            LINE#              3785
	C:048AH            LINE#              3786
	C:048BH            LINE#              3787
	C:048CH            LINE#              3788
	C:048EH            LINE#              3789
	C:048FH            LINE#              3793
	C:0490H            LINE#              3794
	C:0491H            LINE#              3795
	C:0492H            LINE#              3796
	C:0493H            LINE#              3797
	C:0494H            LINE#              3798
	C:0495H            LINE#              3799
	C:0496H            LINE#              3801
	C:0497H            LINE#              3802
	C:0498H            LINE#              3803
	C:049AH            LINE#              3804
	C:049BH            LINE#              3805
	C:049CH            LINE#              3806
	C:049EH            LINE#              3807
	C:049FH            LINE#              3809
	C:04A1H            LINE#              3814
	C:04A2H            LINE#              3815
	C:04A3H            LINE#              3816
	C:04A4H            LINE#              3817
	C:04A5H            LINE#              3818
	C:04A6H            LINE#              3819
	C:04A7H            LINE#              3820
	C:04A8H            LINE#              3822
	C:04ABH            LINE#              3823
	C:04ADH            LINE#              3825
	C:04AEH            LINE#              3826
	C:04AFH            LINE#              3827
	C:04B0H            LINE#              3828
	C:04B1H            LINE#              3829
	C:04B2H            LINE#              3830
	C:04B3H            LINE#              3831
	C:04B4H            LINE#              3833
	C:04B7H            LINE#              3834
	C:04B9H            LINE#              3836
	C:04BAH            LINE#              3837
	C:04BBH            LINE#              3838
	C:04BCH            LINE#              3839
	C:04BDH            LINE#              3840
	C:04BEH            LINE#              3841
	C:04BFH            LINE#              3842
	C:04C0H            LINE#              3845
	C:04C3H            LINE#              3848
	C:04C4H            LINE#              3849
	C:04C5H            LINE#              3850
	C:04C7H            LINE#              3851
	C:04C8H            LINE#              3852
	C:04CAH            LINE#              3853
	C:04CCH            LINE#              3855
	C:04CEH            LINE#              3859
	C:04CFH            LINE#              3860
	C:04D1H            LINE#              3862
	C:04D2H            LINE#              3863
	C:04D3H            LINE#              3864
	C:04D5H            LINE#              3865
	C:04D7H            LINE#              3868
	C:04D9H            LINE#              3869
	C:04DBH            LINE#              3870
	C:04DDH            LINE#              3872
LX51 CODE BANKING LINKER/LOCATOR V06.16.13.326             09/04/16  02:30:50

	C:04DFH            LINE#              3874
	C:04E0H            LINE#              3875
	C:04E2H            LINE#              3876
	C:04E4H            LINE#              3877
	C:04E6H            LINE#              3878
	C:04E8H            LINE#              3880
	C:04EBH            LINE#              3881
	C:04EDH            LINE#              3882
	C:04EFH            LINE#              3886
	C:04F1H            LINE#              3887
	C:04F3H            LINE#              3889
	C:04F5H            LINE#              3893
	C:04F7H            LINE#              3894
	C:04F8H            LINE#              3895
	C:04F9H            LINE#              3897
	C:04FBH            LINE#              3898
	C:04FEH            LINE#              3900
	C:0500H            LINE#              3902
	C:0503H            LINE#              3904
	C:0505H            LINE#              3906
	C:0506H            LINE#              3909
	C:0508H            LINE#              3910
	C:0509H            LINE#              3911
	C:050AH            LINE#              3912
	C:050CH            LINE#              3913
	C:050DH            LINE#              3915
	C:050EH            LINE#              3916
	C:050FH            LINE#              3917
	C:0510H            LINE#              3918
	C:0511H            LINE#              3919
	C:0512H            LINE#              3920
	C:0513H            LINE#              3921
	C:0514H            LINE#              3923
	C:0516H            LINE#              3924
	C:0519H            LINE#              3926
	C:051BH            LINE#              3927
	C:051DH            LINE#              3930
	C:0520H            LINE#              3932
	C:0522H            LINE#              3933
	C:0524H            LINE#              3936
	C:0527H            LINE#              3938
	C:0529H            LINE#              3941
	C:052BH            LINE#              3943
	C:052DH            LINE#              3946
	C:0530H            LINE#              3948
	C:0531H            LINE#              3949
	C:0532H            LINE#              3950
	C:0534H            LINE#              3951
	C:0535H            LINE#              3952
	C:0536H            LINE#              3953
	C:0537H            LINE#              3954
	C:0539H            LINE#              3955
	C:053AH            LINE#              3956
	C:053DH            LINE#              3960
	C:053FH            LINE#              3961
	C:0541H            LINE#              3962
	C:0543H            LINE#              3966
	C:0546H            LINE#              3968
	C:0547H            LINE#              3969
	C:0548H            LINE#              3970
	C:0549H            LINE#              3971
	C:054AH            LINE#              3972
	C:054BH            LINE#              3973
	C:054CH            LINE#              3974
	C:054DH            LINE#              3975
	C:054EH            LINE#              3976
	C:0550H            LINE#              3977
	C:0551H            LINE#              3978
LX51 CODE BANKING LINKER/LOCATOR V06.16.13.326             09/04/16  02:30:50

	C:0552H            LINE#              3979
	C:0554H            LINE#              3980
	C:0555H            LINE#              3981
	C:0557H            LINE#              3983
	C:0559H            LINE#              3984
	C:055BH            LINE#              3988
	C:055CH            LINE#              3989
[...]
	C:1768H            LINE#              171
	C:1769H            LINE#              172
	C:176AH            LINE#              173
	C:176BH            LINE#              185
	C:176CH            LINE#              187
	C:176FH            LINE#              188
	C:1772H            LINE#              189
	C:1773H            LINE#              190
	C:1774H            LINE#              191
	C:1776H            LINE#              192
	C:1778H            LINE#              193
	C:177AH            LINE#              195
	C:177BH            LINE#              197
	C:177CH            LINE#              198
	C:177FH            LINE#              199
	C:1782H            LINE#              200
	C:1783H            LINE#              201
	C:1786H            LINE#              202
	C:1787H            LINE#              213
	C:178AH            LINE#              214
	C:178DH            LINE#              215
	C:1790H            LINE#              216
	C:1793H            LINE#              217
	C:1796H            LINE#              218
	C:1797H            LINE#              219
	C:179AH            LINE#              220
	C:179BH            LINE#              250
	C:179EH            LINE#              251
	C:17A0H            LINE#              252
	C:17A2H            LINE#              254
	C:17A5H            LINE#              255
	C:17A7H            LINE#              256
	C:17A9H            LINE#              258
	C:17AAH            LINE#              269
	C:17ACH            LINE#              270
LX51 CODE BANKING LINKER/LOCATOR V06.16.13.326             09/04/16  02:30:50

	C:17AEH            LINE#              271
	C:17B0H            LINE#              272
	C:17B3H            LINE#              274
	C:17B5H            LINE#              275
	C:17B7H            LINE#              276
	C:17B8H            LINE#              277
	C:17B9H            LINE#              278
	C:17BAH            LINE#              279
	C:17BCH            LINE#              280
	C:17BDH            LINE#              291
	C:17BFH            LINE#              292
	C:17C1H            LINE#              293
	C:17C4H            LINE#              295
	C:17C5H            LINE#              296
	C:17C7H            LINE#              297
	C:17C8H            LINE#              298
	C:17C9H            LINE#              299
	C:17CBH            LINE#              300
	C:17CCH            LINE#              311
	C:17CEH            LINE#              312
	C:17D0H            LINE#              397
	C:17D3H            LINE#              398
	C:17D5H            LINE#              401
	C:17D8H            LINE#              402
	C:17DAH            LINE#              405
	C:17DDH            LINE#              406
	C:17DFH            LINE#              409
	C:17E2H            LINE#              410
	C:17E4H            LINE#              413
	C:17E7H            LINE#              414
	C:17E9H            LINE#              417
	C:17ECH            LINE#              418
	C:17EEH            LINE#              421
	C:17F1H            LINE#              422
	C:17F3H            LINE#              425
	C:17F6H            LINE#              426
	C:17F8H            LINE#              429
	C:17FBH            LINE#              430
	C:17FDH            LINE#              433
	C:1800H            LINE#              434
	C:1802H            LINE#              437
	C:1805H            LINE#              438
	C:1807H            LINE#              442
	C:1808H            LINE#              443
	C:1809H            LINE#              444
	C:180AH            LINE#              455
	C:180CH            LINE#              457
	C:180FH            LINE#              458
	C:1811H            LINE#              459
	C:1812H            LINE#              470
	C:1814H            LINE#              471
	C:1817H            LINE#              472
	C:181AH            LINE#              473
	C:181DH            LINE#              474
	C:1820H            LINE#              475
	C:1823H            LINE#              476
	C:1826H            LINE#              477
	C:1829H            LINE#              478
	C:182CH            LINE#              479
	C:182FH            LINE#              480
	C:1832H            LINE#              481
	C:1835H            LINE#              482
	C:1838H            LINE#              483
	C:183BH            LINE#              484
	C:183EH            LINE#              485
	C:1840H            LINE#              486
	C:1841H            LINE#              497
	C:1843H            LINE#              498
LX51 CODE BANKING LINKER/LOCATOR V06.16.13.326             09/04/16  02:30:50

	C:1846H            LINE#              499
	C:1849H            LINE#              500
	C:184CH            LINE#              501
	C:184FH            LINE#              502
	C:1852H            LINE#              503
	C:1855H            LINE#              504
	C:1858H            LINE#              505
	C:185BH            LINE#              506
	C:185EH            LINE#              507
	C:1861H            LINE#              508
	C:1864H            LINE#              509
	C:1867H            LINE#              510
	C:186AH            LINE#              511
	C:186DH            LINE#              512
	C:186FH            LINE#              513
	C:1870H            LINE#              524
	C:1872H            LINE#              525
	C:1874H            LINE#              526
	C:1876H            LINE#              528
	C:1879H            LINE#              529
	C:187CH            LINE#              530
	C:187FH            LINE#              531
	C:1882H            LINE#              532
	C:1884H            LINE#              534
	C:1887H            LINE#              535
	C:188AH            LINE#              536
	C:188CH            LINE#              537
	C:188EH            LINE#              538
	C:188FH            LINE#              550
	C:1891H            LINE#              551
	C:1893H            LINE#              552
	C:1895H            LINE#              555
	C:1898H            LINE#              557
	C:189BH            LINE#              559
	C:189EH            LINE#              561
	C:18A0H            LINE#              562
	C:18A2H            LINE#              564
	C:18A4H            LINE#              565
	C:18A7H            LINE#              566
	C:18A8H            LINE#              567
	C:18A9H            LINE#              568
	C:18ABH            LINE#              569
	C:18ADH            LINE#              570
	C:18AEH            LINE#              571
	C:18B0H            LINE#              572
	C:18B2H            LINE#              573
	C:18B4H            LINE#              575
	C:18B5H            LINE#              576
	C:18B7H            LINE#              577
	C:18B9H            LINE#              578
	C:18BBH            LINE#              580
	C:18BEH            LINE#              583
	C:18C1H            LINE#              584
	C:18C4H            LINE#              585
	C:18C6H            LINE#              586
	C:18C8H            LINE#              588
	C:18CBH            LINE#              592
	C:18CDH            LINE#              595
	C:18CFH            LINE#              596
	C:18D1H            LINE#              597
	C:18D2H            LINE#              598
	C:18D4H            LINE#              599
	C:18D6H            LINE#              600
	C:18D8H            LINE#              602
	C:18DAH            LINE#              605
	C:18DCH            LINE#              606
	C:18DEH            LINE#              622
	C:18E0H            LINE#              623
LX51 CODE BANKING LINKER/LOCATOR V06.16.13.326             09/04/16  02:30:50

	C:18E1H            LINE#              624
	C:18E4H            LINE#              625
	C:18E5H            LINE#              626
	C:18E6H            LINE#              628
	C:18E7H            LINE#              629
	C:18E8H            LINE#              630
	C:18EAH            LINE#              631
	C:18EBH            LINE#              632
	C:18EDH            LINE#              633
	C:18EFH            LINE#              636
	C:18F1H            LINE#              637
	C:18F3H            LINE#              638
	C:18F5H            LINE#              650
	C:18F6H            LINE#              651
	C:18F8H            LINE#              652
	C:18FAH            LINE#              654
	C:18FCH            LINE#              655
	C:18FEH            LINE#              658
	C:1901H            LINE#              659
	C:1904H            LINE#              660
	C:1906H            LINE#              662
	C:1909H            LINE#              666
	C:1C00H            LINE#              45
	C:1C02H            LINE#              47
	C:1C04H            LINE#              50
	C:1C07H            LINE#              57
	C:1C0AH            LINE#              60
	C:1C0DH            LINE#              66
	C:1C10H            LINE#              67
	C:1C13H            LINE#              68
	C:1C16H            LINE#              69
	C:1C18H            LINE#              71
	C:1C1BH            LINE#              72
	C:1C1EH            LINE#              75
	C:1C21H            LINE#              80
	C:1C24H            LINE#              81
	C:1C27H            LINE#              82
	C:1C2AH            LINE#              83
	C:1C2CH            LINE#              85
	C:1C2EH            LINE#              88
	C:1C30H            LINE#              89
	C:1C32H            LINE#              90
	C:1C34H            LINE#              91
	C:1C37H            LINE#              92
	C:1C3AH            LINE#              93
	C:1C3DH            LINE#              94
	C:1C3FH            LINE#              95
	C:1C42H            LINE#              96
	C:1C45H            LINE#              99
	C:1C48H            LINE#              100
	C:1C4AH            LINE#              103
	C:1C4DH            LINE#              104
	C:1C4FH            LINE#              105
	C:1C51H            LINE#              106
	C:1C53H            LINE#              108
	C:1C55H            LINE#              110
	C:1C58H            LINE#              111
	C:1C5AH            LINE#              112
	C:1C5CH            LINE#              113
	C:1C5EH            LINE#              115
	C:1C60H            LINE#              117
	C:1C62H            LINE#              118
	C:1C63H            LINE#              119
	C:1C64H            LINE#              120
	C:1C65H            LINE#              121
	C:1C66H            LINE#              122
	C:1C67H            LINE#              123
	C:1C69H            LINE#              124
LX51 CODE BANKING LINKER/LOCATOR V06.16.13.326             09/04/16  02:30:50

	C:1C6BH            LINE#              125
	C:1C6DH            LINE#              128
	C:1C6FH            LINE#              130
	C:1C71H            LINE#              131
	C:1C73H            LINE#              132
	C:1C75H            LINE#              135
	C:1C77H            LINE#              136
	C:1C78H            LINE#              137
	C:1C79H            LINE#              138
	C:1C7AH            LINE#              139
	C:1C7BH            LINE#              140
	C:1C7DH            LINE#              141
	C:1C7FH            LINE#              148
	C:1C81H            LINE#              149
	C:1C83H            LINE#              150
	C:1C86H            LINE#              151
	C:1C89H            LINE#              152
	C:1C8BH            LINE#              153
	C:1C8CH            LINE#              154
	C:1C8DH            LINE#              155
	C:1C8EH            LINE#              156
	C:1C8FH            LINE#              157
	C:1C90H            LINE#              158
	C:1C91H            LINE#              159
	C:1C93H            LINE#              160
	C:1C95H            LINE#              162
	C:1C97H            LINE#              163
	C:1C99H            LINE#              164
	C:1C9BH            LINE#              165
	C:1C9CH            LINE#              166
	C:1C9FH            LINE#              168
	C:1CA1H            LINE#              169
	C:1CA3H            LINE#              171
	C:1CA5H            LINE#              172
	C:1CA7H            LINE#              173
	C:1CA9H            LINE#              174
	C:1CAAH            LINE#              175
	C:1CABH            LINE#              176
	C:1CADH            LINE#              177
	C:1CAFH            LINE#              178
	C:1CB1H            LINE#              180
	C:1CB4H            LINE#              183
	C:1CB5H            LINE#              184
	C:1CB7H            LINE#              185
	C:1CBAH            LINE#              186
	C:1CBDH            LINE#              187
	C:1CC0H            LINE#              188
	C:1CC3H            LINE#              189
	C:1CC6H            LINE#              190
	C:1CC8H            LINE#              193
	C:1CCAH            LINE#              194
	C:1CCCH            LINE#              195
	C:1CCDH            LINE#              196
	C:1CCEH            LINE#              197
	C:1CD0H            LINE#              198
	C:1CD2H            LINE#              199
	C:1CD4H            LINE#              201
	C:1CD6H            LINE#              202
	C:1CD7H            LINE#              204
	C:1CD9H            LINE#              206
	C:1CDAH            LINE#              207
	C:1CDCH            LINE#              209
	C:1CDDH            LINE#              210
	C:1CDFH            LINE#              212
	C:1CE0H            LINE#              213
	C:1CE1H            LINE#              214
	C:1CE3H            LINE#              215
	C:1CE5H            LINE#              218
LX51 CODE BANKING LINKER/LOCATOR V06.16.13.326             09/04/16  02:30:50

	C:1CE6H            LINE#              219
	C:1CE8H            LINE#              220
	C:1CEAH            LINE#              221
	C:1CECH            LINE#              222
	C:1CEDH            LINE#              223
	C:1CEFH            LINE#              224
	C:1CF1H            LINE#              225
	C:1CF3H            LINE#              226
	C:1CF5H            LINE#              227
	C:1CF7H            LINE#              228
	C:1CFAH            LINE#              231
	C:1CFDH            LINE#              232
	C:1D00H            LINE#              233
	C:1D03H            LINE#              234
	C:1D06H            LINE#              235
	C:1D07H            LINE#              236
	C:1D0AH            LINE#              239
	C:1D0CH            LINE#              240
	C:1D0EH            LINE#              241
	C:1D0FH            LINE#              242
	C:1D10H            LINE#              243
	C:1D13H            LINE#              244
	C:1D16H            LINE#              245
	C:1D18H            LINE#              246
	C:1D1AH            LINE#              247
	C:1D1CH            LINE#              250
	C:1D1DH            LINE#              251
	C:1D1FH            LINE#              252
	C:1D21H            LINE#              253
	C:1D23H            LINE#              255
	C:1D24H            LINE#              256
	C:1D26H            LINE#              259
	C:1D28H            LINE#              261
	C:1D29H            LINE#              262
	C:1D2CH            LINE#              263
	C:1D2FH            LINE#              264
	C:1D30H            LINE#              265
	C:1D31H            LINE#              266
	C:1D33H            LINE#              268
	C:1D36H            LINE#              269
	C:1D38H            LINE#              272
	C:1D3AH            LINE#              273
	C:1D3DH            LINE#              275
	C:1D3EH            LINE#              276
	C:1D3FH            LINE#              277
	C:1D40H            LINE#              278
	C:1D41H            LINE#              279
	C:1D43H            LINE#              280
	C:1D45H            LINE#              282
	C:1D47H            LINE#              283
	C:1D49H            LINE#              285
	C:1D4BH            LINE#              291
	C:1D4DH            LINE#              292
	C:1D4FH            LINE#              293
	C:1D51H            LINE#              294
	C:1D52H            LINE#              295
	C:1D53H            LINE#              296
	C:1D54H            LINE#              297
	C:1D56H            LINE#              298
	C:1D59H            LINE#              299
	C:1D5AH            LINE#              300
	C:1D5CH            LINE#              301
	C:1D5DH            LINE#              302
	C:1D5FH            LINE#              303
	C:1D61H            LINE#              304
	C:1D62H            LINE#              305
	C:1D64H            LINE#              306
	C:1D66H            LINE#              308
LX51 CODE BANKING LINKER/LOCATOR V06.16.13.326             09/04/16  02:30:50

	C:1D69H            LINE#              309
	C:1D6CH            LINE#              311
	C:1D6FH            LINE#              315
	C:1D71H            LINE#              316
	C:1D73H            LINE#              317
	C:1D76H            LINE#              318
	C:1D77H            LINE#              319
	C:1D78H            LINE#              320
	C:1D7BH            LINE#              321
	C:1D7DH            LINE#              322
	C:1D80H            LINE#              323
	C:1D82H            LINE#              324
	C:1D84H            LINE#              325
	C:1D85H            LINE#              326
	C:1D86H            LINE#              327
	C:1D88H            LINE#              329
	C:1D8AH            LINE#              331
	C:1D8DH            LINE#              333
	C:1D8EH            LINE#              337
	C:1D90H            LINE#              338
	C:1D91H            LINE#              339
	C:1D92H            LINE#              340
	C:1D95H            LINE#              341
	C:1D97H            LINE#              343
	C:1D9AH            LINE#              344
	C:1D9CH            LINE#              346
	C:1D9FH            LINE#              347
	C:1DA1H            LINE#              348
	C:1DA3H            LINE#              349
	C:1DA4H            LINE#              350
	C:1DA5H            LINE#              351
	C:1DA6H            LINE#              352
	C:1DA7H            LINE#              353
	C:1DA8H            LINE#              354
	C:1DA9H            LINE#              355
	C:1DAAH            LINE#              356
	C:1DACH            LINE#              357
	C:1DAEH            LINE#              358
	C:1DAFH            LINE#              359
	C:1DB0H            LINE#              360
	C:1DB1H            LINE#              361
	C:1DB4H            LINE#              362
	C:1DB6H            LINE#              364
	C:1DB7H            LINE#              365
	C:1DBAH            LINE#              366
	C:1DBDH            LINE#              368
	C:1DBEH            LINE#              369
	C:1DC0H            LINE#              370
	C:1DC1H            LINE#              371
	C:1DC3H            LINE#              372
	C:1DC5H            LINE#              373
	C:1DC6H            LINE#              374
	C:1DC8H            LINE#              375
	C:1DCAH            LINE#              377
	C:1DCDH            LINE#              378
	C:1DD0H            LINE#              380
	C:1DD3H            LINE#              382
	C:1DD5H            LINE#              383
	C:1DD7H            LINE#              384
	C:1DD9H            LINE#              385
	C:1DDBH            LINE#              386
	C:1DDCH            LINE#              390
	C:1DDEH            LINE#              391
	C:1DE0H            LINE#              392
	C:1DE1H            LINE#              393
	C:1DE2H            LINE#              394
	C:1DE4H            LINE#              395
	C:1DE6H            LINE#              397
LX51 CODE BANKING LINKER/LOCATOR V06.16.13.326             09/04/16  02:30:50

	C:1DE8H            LINE#              398
	C:19FDH            LINE#              8306
	-------            ENDMOD             BLHELI

----------------------
SUGGESTED OPTIMIZATION
----------------------
Warning: 15 (FH) data bytes in the range [00H-80H] are available for storage.&

         Consider using some of these for 'data' variables in your source fil&
es.


LINK/LOCATE RUN COMPLETE, 1 WARNING  FOUND.

